Archive member included to satisfy reference by file (symbol)

d:/app/mounriver_studio/toolchain/risc-v embedded gcc/bin/../lib/gcc/riscv-none-embed/8.2.0/../../../../riscv-none-embed/lib/rv32imafc/ilp32f\libm.a(lib_a-s_cos.o)
                              ./zf_device/zf_device_gnss.o (cos)
d:/app/mounriver_studio/toolchain/risc-v embedded gcc/bin/../lib/gcc/riscv-none-embed/8.2.0/../../../../riscv-none-embed/lib/rv32imafc/ilp32f\libm.a(lib_a-s_sin.o)
                              ./zf_device/zf_device_gnss.o (sin)
d:/app/mounriver_studio/toolchain/risc-v embedded gcc/bin/../lib/gcc/riscv-none-embed/8.2.0/../../../../riscv-none-embed/lib/rv32imafc/ilp32f\libm.a(lib_a-w_asin.o)
                              ./zf_device/zf_device_gnss.o (asin)
d:/app/mounriver_studio/toolchain/risc-v embedded gcc/bin/../lib/gcc/riscv-none-embed/8.2.0/../../../../riscv-none-embed/lib/rv32imafc/ilp32f\libm.a(lib_a-w_atan2.o)
                              ./zf_device/zf_device_gnss.o (atan2)
d:/app/mounriver_studio/toolchain/risc-v embedded gcc/bin/../lib/gcc/riscv-none-embed/8.2.0/../../../../riscv-none-embed/lib/rv32imafc/ilp32f\libm.a(lib_a-w_pow.o)
                              ./zf_device/zf_device_gnss.o (pow)
d:/app/mounriver_studio/toolchain/risc-v embedded gcc/bin/../lib/gcc/riscv-none-embed/8.2.0/../../../../riscv-none-embed/lib/rv32imafc/ilp32f\libm.a(lib_a-w_sqrt.o)
                              ./zf_device/zf_device_gnss.o (sqrt)
d:/app/mounriver_studio/toolchain/risc-v embedded gcc/bin/../lib/gcc/riscv-none-embed/8.2.0/../../../../riscv-none-embed/lib/rv32imafc/ilp32f\libm.a(lib_a-e_asin.o)
                              d:/app/mounriver_studio/toolchain/risc-v embedded gcc/bin/../lib/gcc/riscv-none-embed/8.2.0/../../../../riscv-none-embed/lib/rv32imafc/ilp32f\libm.a(lib_a-w_asin.o) (__ieee754_asin)
d:/app/mounriver_studio/toolchain/risc-v embedded gcc/bin/../lib/gcc/riscv-none-embed/8.2.0/../../../../riscv-none-embed/lib/rv32imafc/ilp32f\libm.a(lib_a-e_atan2.o)
                              d:/app/mounriver_studio/toolchain/risc-v embedded gcc/bin/../lib/gcc/riscv-none-embed/8.2.0/../../../../riscv-none-embed/lib/rv32imafc/ilp32f\libm.a(lib_a-w_atan2.o) (__ieee754_atan2)
d:/app/mounriver_studio/toolchain/risc-v embedded gcc/bin/../lib/gcc/riscv-none-embed/8.2.0/../../../../riscv-none-embed/lib/rv32imafc/ilp32f\libm.a(lib_a-e_pow.o)
                              d:/app/mounriver_studio/toolchain/risc-v embedded gcc/bin/../lib/gcc/riscv-none-embed/8.2.0/../../../../riscv-none-embed/lib/rv32imafc/ilp32f\libm.a(lib_a-w_pow.o) (__ieee754_pow)
d:/app/mounriver_studio/toolchain/risc-v embedded gcc/bin/../lib/gcc/riscv-none-embed/8.2.0/../../../../riscv-none-embed/lib/rv32imafc/ilp32f\libm.a(lib_a-e_rem_pio2.o)
                              d:/app/mounriver_studio/toolchain/risc-v embedded gcc/bin/../lib/gcc/riscv-none-embed/8.2.0/../../../../riscv-none-embed/lib/rv32imafc/ilp32f\libm.a(lib_a-s_cos.o) (__ieee754_rem_pio2)
d:/app/mounriver_studio/toolchain/risc-v embedded gcc/bin/../lib/gcc/riscv-none-embed/8.2.0/../../../../riscv-none-embed/lib/rv32imafc/ilp32f\libm.a(lib_a-e_sqrt.o)
                              d:/app/mounriver_studio/toolchain/risc-v embedded gcc/bin/../lib/gcc/riscv-none-embed/8.2.0/../../../../riscv-none-embed/lib/rv32imafc/ilp32f\libm.a(lib_a-w_sqrt.o) (__ieee754_sqrt)
d:/app/mounriver_studio/toolchain/risc-v embedded gcc/bin/../lib/gcc/riscv-none-embed/8.2.0/../../../../riscv-none-embed/lib/rv32imafc/ilp32f\libm.a(lib_a-k_cos.o)
                              d:/app/mounriver_studio/toolchain/risc-v embedded gcc/bin/../lib/gcc/riscv-none-embed/8.2.0/../../../../riscv-none-embed/lib/rv32imafc/ilp32f\libm.a(lib_a-s_cos.o) (__kernel_cos)
d:/app/mounriver_studio/toolchain/risc-v embedded gcc/bin/../lib/gcc/riscv-none-embed/8.2.0/../../../../riscv-none-embed/lib/rv32imafc/ilp32f\libm.a(lib_a-k_rem_pio2.o)
                              d:/app/mounriver_studio/toolchain/risc-v embedded gcc/bin/../lib/gcc/riscv-none-embed/8.2.0/../../../../riscv-none-embed/lib/rv32imafc/ilp32f\libm.a(lib_a-e_rem_pio2.o) (__kernel_rem_pio2)
d:/app/mounriver_studio/toolchain/risc-v embedded gcc/bin/../lib/gcc/riscv-none-embed/8.2.0/../../../../riscv-none-embed/lib/rv32imafc/ilp32f\libm.a(lib_a-k_sin.o)
                              d:/app/mounriver_studio/toolchain/risc-v embedded gcc/bin/../lib/gcc/riscv-none-embed/8.2.0/../../../../riscv-none-embed/lib/rv32imafc/ilp32f\libm.a(lib_a-s_cos.o) (__kernel_sin)
d:/app/mounriver_studio/toolchain/risc-v embedded gcc/bin/../lib/gcc/riscv-none-embed/8.2.0/../../../../riscv-none-embed/lib/rv32imafc/ilp32f\libm.a(lib_a-s_atan.o)
                              d:/app/mounriver_studio/toolchain/risc-v embedded gcc/bin/../lib/gcc/riscv-none-embed/8.2.0/../../../../riscv-none-embed/lib/rv32imafc/ilp32f\libm.a(lib_a-e_atan2.o) (atan)
[...]
Memory Configuration

Name             Origin             Length             Attributes
RAM              0x0000000020000040 0x000000000000fc00 xrw
FLASH            0x0000000000000000 0x0000000000040000 xr
*default*        0x0000000000000000 0xffffffffffffffff

Linker script and memory map

LOAD ./zf_driver/zf_driver_adc.o
LOAD ./zf_driver/zf_driver_delay.o
LOAD ./zf_driver/zf_driver_dvp.o
LOAD ./zf_driver/zf_driver_encoder.o
LOAD ./zf_driver/zf_driver_exti.o
LOAD ./zf_driver/zf_driver_flash.o
LOAD ./zf_driver/zf_driver_gpio.o
LOAD ./zf_driver/zf_driver_iic.o
LOAD ./zf_driver/zf_driver_pit.o
LOAD ./zf_driver/zf_driver_pwm.o
LOAD ./zf_driver/zf_driver_soft_iic.o
LOAD ./zf_driver/zf_driver_soft_spi.o
LOAD ./zf_driver/zf_driver_spi.o
LOAD ./zf_driver/zf_driver_timer.o
LOAD ./zf_driver/zf_driver_uart.o
LOAD ./zf_driver/zf_driver_usb_cdc.o
LOAD ./zf_device/zf_device_absolute_encoder.o
LOAD ./zf_device/zf_device_aht20.o
LOAD ./zf_device/zf_device_bluetooth_ch9141.o
LOAD ./zf_device/zf_device_camera.o
LOAD ./zf_device/zf_device_dl1a.o
LOAD ./zf_device/zf_device_dl1b.o
LOAD ./zf_device/zf_device_dm1xa.o
LOAD ./zf_device/zf_device_gnss.o
LOAD ./zf_device/zf_device_icm20602.o
LOAD ./zf_device/zf_device_imu660ra.o
LOAD ./zf_device/zf_device_imu963ra.o
LOAD ./zf_device/zf_device_ips114.o
LOAD ./zf_device/zf_device_ips200.o
LOAD ./zf_device/zf_device_k24c02.o
LOAD ./zf_device/zf_device_key.o
LOAD ./zf_device/zf_device_mpu6050.o
LOAD ./zf_device/zf_device_mt9v03x_dvp.o
LOAD ./zf_device/zf_device_oled.o
LOAD ./zf_device/zf_device_scc8660_dvp.o
LOAD ./zf_device/zf_device_tft180.o
LOAD ./zf_device/zf_device_type.o
LOAD ./zf_device/zf_device_virtual_oscilloscope.o
LOAD ./zf_device/zf_device_w25q32.o
LOAD ./zf_device/zf_device_wifi_spi.o
LOAD ./zf_device/zf_device_wifi_uart.o
LOAD ./zf_device/zf_device_wireless_ch573.o
LOAD ./zf_device/zf_device_wireless_uart.o
LOAD ./zf_components/seekfree_assistant.o
LOAD ./zf_components/seekfree_assistant_interface.o
LOAD ./zf_common/zf_common_clock.o
LOAD ./zf_common/zf_common_debug.o
LOAD ./zf_common/zf_common_fifo.o
LOAD ./zf_common/zf_common_font.o
LOAD ./zf_common/zf_common_function.o
LOAD ./zf_common/zf_common_interrupt.o
LOAD ./user_c/isr.o
LOAD ./user_c/main.o
LOAD ./sdk/Startup/startup_ch32v30x_D8C.o
LOAD ./sdk/Peripheral/ch32v30x_adc.o
LOAD ./sdk/Peripheral/ch32v30x_bkp.o
LOAD ./sdk/Peripheral/ch32v30x_can.o
LOAD ./sdk/Peripheral/ch32v30x_crc.o
LOAD ./sdk/Peripheral/ch32v30x_dac.o
LOAD ./sdk/Peripheral/ch32v30x_dbgmcu.o
LOAD ./sdk/Peripheral/ch32v30x_dma.o
LOAD ./sdk/Peripheral/ch32v30x_dvp.o
LOAD ./sdk/Peripheral/ch32v30x_eth.o
LOAD ./sdk/Peripheral/ch32v30x_exti.o
LOAD ./sdk/Peripheral/ch32v30x_flash.o
LOAD ./sdk/Peripheral/ch32v30x_fsmc.o
LOAD ./sdk/Peripheral/ch32v30x_gpio.o
LOAD ./sdk/Peripheral/ch32v30x_i2c.o
LOAD ./sdk/Peripheral/ch32v30x_iwdg.o
LOAD ./sdk/Peripheral/ch32v30x_misc.o
LOAD ./sdk/Peripheral/ch32v30x_opa.o
LOAD ./sdk/Peripheral/ch32v30x_pwr.o
LOAD ./sdk/Peripheral/ch32v30x_rcc.o
LOAD ./sdk/Peripheral/ch32v30x_rng.o
LOAD ./sdk/Peripheral/ch32v30x_rtc.o
LOAD ./sdk/Peripheral/ch32v30x_sdio.o
LOAD ./sdk/Peripheral/ch32v30x_spi.o
LOAD ./sdk/Peripheral/ch32v30x_tim.o
LOAD ./sdk/Peripheral/ch32v30x_usart.o
LOAD ./sdk/Peripheral/ch32v30x_usbotg_device.o
LOAD ./sdk/Peripheral/ch32v30x_wwdg.o
LOAD ./sdk/Core/core_riscv.o
LOAD ./code/Img_proc.o
LOAD ./code/Motor.o
LOAD ./code/PID.o
LOAD ./code/attitude_solution.o
LOAD ./code/barrier.o
LOAD ./code/circle.o
LOAD ./code/cross.o
LOAD ./code/garage.o
LOAD ./code/key.o
LOAD ./code/my_math.o
LOAD ./code/my_uart7.o
LOAD ./code/timer.o
LOAD d:/app/mounriver_studio/toolchain/risc-v embedded gcc/bin/../lib/gcc/riscv-none-embed/8.2.0/../../../../riscv-none-embed/lib/rv32imafc/ilp32f\libm.a
LOAD D:\新建文件夹\19Feisi_CAR\HoverShip_1\libraries\zf_device\libzf_device_config.a
LOAD d:/app/mounriver_studio/toolchain/risc-v embedded gcc/bin/../lib/gcc/riscv-none-embed/8.2.0/rv32imafc/ilp32f\libgcc.a
LOAD d:/app/mounriver_studio/toolchain/risc-v embedded gcc/bin/../lib/gcc/riscv-none-embed/8.2.0/../../../../riscv-none-embed/lib/rv32imafc/ilp32f\libg_nano.a
LOAD d:/app/mounriver_studio/toolchain/risc-v embedded gcc/bin/../lib/gcc/riscv-none-embed/8.2.0/../../../../riscv-none-embed/lib/rv32imafc/ilp32f\libc_nano.a
LOAD d:/app/mounriver_studio/toolchain/risc-v embedded gcc/bin/../lib/gcc/riscv-none-embed/8.2.0/rv32imafc/ilp32f\libgcc.a
START GROUP
LOAD d:/app/mounriver_studio/toolchain/risc-v embedded gcc/bin/../lib/gcc/riscv-none-embed/8.2.0/rv32imafc/ilp32f\libgcc.a
LOAD d:/app/mounriver_studio/toolchain/risc-v embedded gcc/bin/../lib/gcc/riscv-none-embed/8.2.0/../../../../riscv-none-embed/lib/rv32imafc/ilp32f\libc_nano.a
LOAD d:/app/mounriver_studio/toolchain/risc-v embedded gcc/bin/../lib/gcc/riscv-none-embed/8.2.0/../../../../riscv-none-embed/lib/rv32imafc/ilp32f\libnosys.a
END GROUP
START GROUP
LOAD d:/app/mounriver_studio/toolchain/risc-v embedded gcc/bin/../lib/gcc/riscv-none-embed/8.2.0/rv32imafc/ilp32f\libgcc.a
LOAD d:/app/mounriver_studio/toolchain/risc-v embedded gcc/bin/../lib/gcc/riscv-none-embed/8.2.0/../../../../riscv-none-embed/lib/rv32imafc/ilp32f\libc_nano.a
LOAD d:/app/mounriver_studio/toolchain/risc-v embedded gcc/bin/../lib/gcc/riscv-none-embed/8.2.0/../../../../riscv-none-embed/lib/rv32imafc/ilp32f\libnosys.a
END GROUP
                0x0000000000000800                __stack_size = 0x800
                [!provide]                        PROVIDE (_stack_size = __stack_size)

.init           0x0000000000000000       0x38
                0x0000000000000000                _sinit = .
                0x0000000000000000                . = ALIGN (0x4)
 *(SORT_NONE(.init))
 .init          0x0000000000000000       0x38 ./sdk/Startup/startup_ch32v30x_D8C.o
                0x0000000000000000                _start
                0x0000000000000038                . = ALIGN (0x4)
                0x0000000000000038                _einit = .

.vector         0x0000000000000038      0x1c8
 *(.vector)
 .vector        0x0000000000000038      0x1a0 ./sdk/Startup/startup_ch32v30x_D8C.o
                0x0000000000000200                . = ALIGN (0x40)
 *fill*         0x00000000000001d8       0x28 

.text           0x0000000000000200    0x1ba4c
                0x0000000000000200                . = ALIGN (0x4)
 *(.text)
 .text          0x0000000000000200       0xa8 d:/app/mounriver_studio/toolchain/risc-v embedded gcc/bin/../lib/gcc/riscv-none-embed/8.2.0/../../../../riscv-none-embed/lib/rv32imafc/ilp32f\libg_nano.a(lib_a-memset.o)
                0x0000000000000200                memset
 *(.text.*)
 .text.system_delay_ms
                0x00000000000002a8       0xa2 ./zf_driver/zf_driver_delay.o
                0x00000000000002a8                system_delay_ms
 .text.dvp_gpio_init
                0x000000000000034a      0x102 ./zf_driver/zf_driver_dvp.o
                0x000000000000034a                dvp_gpio_init
 .text.dvp_camera_init
                0x000000000000044c       0x8c ./zf_driver/zf_driver_dvp.o
                0x000000000000044c                dvp_camera_init
 .text.encoder_get_count
                0x00000000000004d8      0x14e ./zf_driver/zf_driver_encoder.o
                0x00000000000004d8                encoder_get_count
 .text.encoder_clear_count
                0x0000000000000626       0x9a ./zf_driver/zf_driver_encoder.o
                0x0000000000000626                encoder_clear_count
 .text.encoder_dir_init
                0x00000000000006c0      0x2ec ./zf_driver/zf_driver_encoder.o
                0x00000000000006c0                encoder_dir_init
 .text.gpio_set_level
                0x00000000000009ac       0x78 ./zf_driver/zf_driver_gpio.o
                0x00000000000009ac                gpio_set_level
 .text.gpio_get_level
                0x0000000000000a24       0x42 ./zf_driver/zf_driver_gpio.o
                0x0000000000000a24                gpio_get_level
 .text.gpio_toggle_level
                0x0000000000000a66       0x6a ./zf_driver/zf_driver_gpio.o
                0x0000000000000a66                gpio_toggle_level
 .text.gpio_init
                0x0000000000000ad0      0x15c ./zf_driver/zf_driver_gpio.o
                0x0000000000000ad0                gpio_init
 .text.pwm_set_duty
                0x0000000000000c2c      0x166 ./zf_driver/zf_driver_pwm.o
                0x0000000000000c2c                pwm_set_duty
 .text.pwm_init
                0x0000000000000d92      0x416 ./zf_driver/zf_driver_pwm.o
                0x0000000000000d92                pwm_init
 .text.soft_iic_start
                0x00000000000011a8      0x128 ./zf_driver/zf_driver_soft_iic.o
 .text.soft_iic_stop
                0x00000000000012d0      0x142 ./zf_driver/zf_driver_soft_iic.o
 .text.soft_iic_send_ack
                0x0000000000001412      0x196 ./zf_driver/zf_driver_soft_iic.o
 .text.soft_iic_wait_ack
                0x00000000000015a8      0x160 ./zf_driver/zf_driver_soft_iic.o
 .text.soft_iic_send_data
                0x0000000000001708      0x16e ./zf_driver/zf_driver_soft_iic.o
 .text.soft_iic_read_data
                0x0000000000001876      0x1e8 ./zf_driver/zf_driver_soft_iic.o
 .text.soft_iic_sccb_write_register
                0x0000000000001a5e       0x80 ./zf_driver/zf_driver_soft_iic.o
                0x0000000000001a5e                soft_iic_sccb_write_register
 .text.soft_iic_sccb_read_register
                0x0000000000001ade       0xb4 ./zf_driver/zf_driver_soft_iic.o
                0x0000000000001ade                soft_iic_sccb_read_register
 .text.soft_iic_init
                0x0000000000001b92       0xb2 ./zf_driver/zf_driver_soft_iic.o
                0x0000000000001b92                soft_iic_init
 .text.spi_write_8bit_register
                0x0000000000001c44       0xc4 ./zf_driver/zf_driver_spi.o
                0x0000000000001c44                spi_write_8bit_register
 .text.spi_write_8bit_registers
                0x0000000000001d08       0xba ./zf_driver/zf_driver_spi.o
                0x0000000000001d08                spi_write_8bit_registers
 .text.spi_read_8bit_registers
                0x0000000000001dc2       0xe4 ./zf_driver/zf_driver_spi.o
                0x0000000000001dc2                spi_read_8bit_registers
 .text.spi_init
                0x0000000000001ea6      0x2d6 ./zf_driver/zf_driver_spi.o
                0x0000000000001ea6                spi_init
 .text.timer_funciton_check
                0x000000000000217c       0x66 ./zf_driver/zf_driver_timer.o
                0x000000000000217c                timer_funciton_check
 .text.timer_clock_enable
                0x00000000000021e2       0xe2 ./zf_driver/zf_driver_timer.o
                0x00000000000021e2                timer_clock_enable
 .text.timer_get
                0x00000000000022c4       0xfe ./zf_driver/zf_driver_timer.o
                0x00000000000022c4                timer_get
 .text.timer_clear
                0x00000000000023c2       0xc4 ./zf_driver/zf_driver_timer.o
                0x00000000000023c2                timer_clear
 .text.uart_write_byte
                0x0000000000002486       0x56 ./zf_driver/zf_driver_uart.o
                0x0000000000002486                uart_write_byte
 .text.uart_write_buffer
                0x00000000000024dc       0x64 ./zf_driver/zf_driver_uart.o
                0x00000000000024dc                uart_write_buffer
 .text.uart_write_string
                0x0000000000002540       0x60 ./zf_driver/zf_driver_uart.o
                0x0000000000002540                uart_write_string
 .text.uart_rx_interrupt
                0x00000000000025a0       0x84 ./zf_driver/zf_driver_uart.o
                0x00000000000025a0                uart_rx_interrupt
 .text.uart_query_byte
                0x0000000000002624       0x5e ./zf_driver/zf_driver_uart.o
                0x0000000000002624                uart_query_byte
 .text.uart_init
                0x0000000000002682      0x5aa ./zf_driver/zf_driver_uart.o
                0x0000000000002682                uart_init
 .text.dm1xa_sound_callback
                0x0000000000002c2c       0xf6 ./zf_device/zf_device_dm1xa.o
                0x0000000000002c2c                dm1xa_sound_callback
 .text.dm1xa_light_callback
                0x0000000000002d22       0x32 ./zf_device/zf_device_dm1xa.o
                0x0000000000002d22                dm1xa_light_callback
 .text.gnss_uart_callback
                0x0000000000002d54      0x15c ./zf_device/zf_device_gnss.o
                0x0000000000002d54                gnss_uart_callback
 .text.imu660ra_write_register
                0x0000000000002eb0       0x52 ./zf_device/zf_device_imu660ra.o
 .text.imu660ra_write_registers
                0x0000000000002f02       0x54 ./zf_device/zf_device_imu660ra.o
 .text.imu660ra_read_register
                0x0000000000002f56       0x58 ./zf_device/zf_device_imu660ra.o
 .text.imu660ra_self_check
                0x0000000000002fae       0x5a ./zf_device/zf_device_imu660ra.o
 .text.imu660ra_init
                0x0000000000003008      0x138 ./zf_device/zf_device_imu660ra.o
                0x0000000000003008                imu660ra_init
 .text.mt9v03x_set_config
                0x0000000000003140      0x132 ./zf_device/zf_device_mt9v03x_dvp.o
 .text.mt9v03x_get_config
                0x0000000000003272      0x176 ./zf_device/zf_device_mt9v03x_dvp.o
 .text.mt9v03x_uart_check_id
                0x00000000000033e8       0xda ./zf_device/zf_device_mt9v03x_dvp.o
 .text.mt9v03x_uart_handler
                0x00000000000034c2       0x4e ./zf_device/zf_device_mt9v03x_dvp.o
 .text.mt9v03x_dvp_handler
                0x0000000000003510       0x14 ./zf_device/zf_device_mt9v03x_dvp.o
                0x0000000000003510                mt9v03x_dvp_handler
 .text.mt9v03x_get_version
                0x0000000000003524       0xb0 ./zf_device/zf_device_mt9v03x_dvp.o
                0x0000000000003524                mt9v03x_get_version
 .text.mt9v03x_sccb_init
                0x00000000000035d4       0xc2 ./zf_device/zf_device_mt9v03x_dvp.o
                0x00000000000035d4                mt9v03x_sccb_init
 .text.mt9v03x_uart_init
                0x0000000000003696      0x2ac ./zf_device/zf_device_mt9v03x_dvp.o
                0x0000000000003696                mt9v03x_uart_init
 .text.mt9v03x_init
                0x0000000000003942       0xa4 ./zf_device/zf_device_mt9v03x_dvp.o
                0x0000000000003942                mt9v03x_init
 .text.type_default_callback
                0x00000000000039e6        0xe ./zf_device/zf_device_type.o
 .text.set_camera_type
                0x00000000000039f4       0x52 ./zf_device/zf_device_type.o
                0x00000000000039f4                set_camera_type
 .text.set_wireless_type
                0x0000000000003a46       0x36 ./zf_device/zf_device_type.o
                0x0000000000003a46                set_wireless_type
 .text.wireless_uart_send_byte
                0x0000000000003a7c       0x5e ./zf_device/zf_device_wireless_uart.o
                0x0000000000003a7c                wireless_uart_send_byte
 .text.wireless_uart_send_buff
                0x0000000000003ada       0x9a ./zf_device/zf_device_wireless_uart.o
                0x0000000000003ada                wireless_uart_send_buff
 .text.wireless_uart_send_string
                0x0000000000003b74       0xa2 ./zf_device/zf_device_wireless_uart.o
                0x0000000000003b74                wireless_uart_send_string
 .text.wireless_uart_callback
                0x0000000000003c16       0x24 ./zf_device/zf_device_wireless_uart.o
                0x0000000000003c16                wireless_uart_callback
 .text.wireless_uart_init
                0x0000000000003c3a       0x72 ./zf_device/zf_device_wireless_uart.o
                0x0000000000003c3a                wireless_uart_init
 .text.clock_reset
                0x0000000000003cac       0x76 ./zf_common/zf_common_clock.o
                0x0000000000003cac                clock_reset
 .text.clock_set_freq
                0x0000000000003d22      0x1de ./zf_common/zf_common_clock.o
                0x0000000000003d22                clock_set_freq
 .text.clock_init
                0x0000000000003f00       0x2e ./zf_common/zf_common_clock.o
                0x0000000000003f00                clock_init
 .text.__NOP    0x0000000000003f2e       0x10 ./zf_common/zf_common_debug.o
 .text.debug_delay
                0x0000000000003f3e       0x52 ./zf_common/zf_common_debug.o
 .text.debug_protective_handler
                0x0000000000003f90        0xe ./zf_common/zf_common_debug.o
 .text.debug_uart_str_output
                0x0000000000003f9e       0x20 ./zf_common/zf_common_debug.o
 .text.debug_output
                0x0000000000003fbe      0x564 ./zf_common/zf_common_debug.o
 .text.debug_interrupr_handler
                0x0000000000004522       0x38 ./zf_common/zf_common_debug.o
                0x0000000000004522                debug_interrupr_handler
 .text._write   0x000000000000455a       0x7c ./zf_common/zf_common_debug.o
                0x000000000000455a                _write
 .text.debug_assert_handler
                0x00000000000045d6       0x68 ./zf_common/zf_common_debug.o
                0x00000000000045d6                debug_assert_handler
 .text.debug_log_handler
                0x000000000000463e       0x4e ./zf_common/zf_common_debug.o
                0x000000000000463e                debug_log_handler
 .text.debug_output_struct_init
                0x000000000000468c       0x5a ./zf_common/zf_common_debug.o
                0x000000000000468c                debug_output_struct_init
 .text.debug_output_init
                0x00000000000046e6       0xa8 ./zf_common/zf_common_debug.o
                0x00000000000046e6                debug_output_init
 .text.debug_init
                0x000000000000478e       0x6a ./zf_common/zf_common_debug.o
                0x000000000000478e                debug_init
 .text.fifo_head_offset
                0x00000000000047f8      0x184 ./zf_common/zf_common_fifo.o
 .text.fifo_end_offset
                0x000000000000497c      0x184 ./zf_common/zf_common_fifo.o
 .text.fifo_clear
                0x0000000000004b00      0x24a ./zf_common/zf_common_fifo.o
                0x0000000000004b00                fifo_clear
 .text.fifo_used
                0x0000000000004d4a       0x7a ./zf_common/zf_common_fifo.o
                0x0000000000004d4a                fifo_used
 .text.fifo_write_element
                0x0000000000004dc4      0x260 ./zf_common/zf_common_fifo.o
                0x0000000000004dc4                fifo_write_element
 .text.fifo_write_buffer
                0x0000000000005024      0x5ea ./zf_common/zf_common_fifo.o
                0x0000000000005024                fifo_write_buffer
 .text.fifo_read_buffer
                0x000000000000560e      0x5a4 ./zf_common/zf_common_fifo.o
                0x000000000000560e                fifo_read_buffer
 .text.fifo_init
                0x0000000000005bb2      0x248 ./zf_common/zf_common_fifo.o
                0x0000000000005bb2                fifo_init
 .text.__enable_irq
                0x0000000000005dfa       0x18 ./zf_common/zf_common_interrupt.o
 .text.__disable_irq
                0x0000000000005e12       0x14 ./zf_common/zf_common_interrupt.o
 .text.NVIC_EnableIRQ
                0x0000000000005e26       0x32 ./zf_common/zf_common_interrupt.o
 .text.NVIC_DisableIRQ
                0x0000000000005e58       0x32 ./zf_common/zf_common_interrupt.o
 .text.NVIC_SetPriority
                0x0000000000005e8a       0x2a ./zf_common/zf_common_interrupt.o
 .text.interrupt_enable
                0x0000000000005eb4       0x1e ./zf_common/zf_common_interrupt.o
                0x0000000000005eb4                interrupt_enable
 .text.interrupt_disable
                0x0000000000005ed2       0x1e ./zf_common/zf_common_interrupt.o
                0x0000000000005ed2                interrupt_disable
 .text.interrupt_set_priority
                0x0000000000005ef0       0x2a ./zf_common/zf_common_interrupt.o
                0x0000000000005ef0                interrupt_set_priority
 .text.interrupt_global_enable
                0x0000000000005f1a       0x32 ./zf_common/zf_common_interrupt.o
                0x0000000000005f1a                interrupt_global_enable
 .text.interrupt_global_disable
                0x0000000000005f4c       0x2c ./zf_common/zf_common_interrupt.o
                0x0000000000005f4c                interrupt_global_disable
 .text.interrupt_init
                0x0000000000005f78       0x18 ./zf_common/zf_common_interrupt.o
                0x0000000000005f78                interrupt_init
 .text.USART1_IRQHandler
                0x0000000000005f90       0xc4 ./user_c/isr.o
                0x0000000000005f90                USART1_IRQHandler
 .text.USART2_IRQHandler
                0x0000000000006054       0xc4 ./user_c/isr.o
                0x0000000000006054                USART2_IRQHandler
 .text.USART3_IRQHandler
                0x0000000000006118       0xc8 ./user_c/isr.o
                0x0000000000006118                USART3_IRQHandler
 .text.UART4_IRQHandler
                0x00000000000061e0       0xc4 ./user_c/isr.o
                0x00000000000061e0                UART4_IRQHandler
 .text.UART5_IRQHandler
                0x00000000000062a4       0xc2 ./user_c/isr.o
                0x00000000000062a4                UART5_IRQHandler
 .text.UART6_IRQHandler
                0x0000000000006366       0xc4 ./user_c/isr.o
                0x0000000000006366                UART6_IRQHandler
 .text.UART7_IRQHandler
                0x000000000000642a       0xca ./user_c/isr.o
                0x000000000000642a                UART7_IRQHandler
 .text.UART8_IRQHandler
                0x00000000000064f4       0xc0 ./user_c/isr.o
                0x00000000000064f4                UART8_IRQHandler
 .text.DVP_IRQHandler
                0x00000000000065b4       0xd0 ./user_c/isr.o
                0x00000000000065b4                DVP_IRQHandler
 .text.EXTI0_IRQHandler
                0x0000000000006684       0xb4 ./user_c/isr.o
                0x0000000000006684                EXTI0_IRQHandler
 .text.EXTI1_IRQHandler
                0x0000000000006738       0xb4 ./user_c/isr.o
                0x0000000000006738                EXTI1_IRQHandler
 .text.EXTI2_IRQHandler
                0x00000000000067ec       0xb4 ./user_c/isr.o
                0x00000000000067ec                EXTI2_IRQHandler
 .text.EXTI3_IRQHandler
                0x00000000000068a0       0xb4 ./user_c/isr.o
                0x00000000000068a0                EXTI3_IRQHandler
 .text.EXTI4_IRQHandler
                0x0000000000006954       0xb4 ./user_c/isr.o
                0x0000000000006954                EXTI4_IRQHandler
 .text.EXTI9_5_IRQHandler
                0x0000000000006a08      0x118 ./user_c/isr.o
                0x0000000000006a08                EXTI9_5_IRQHandler
 .text.EXTI15_10_IRQHandler
                0x0000000000006b20      0x132 ./user_c/isr.o
                0x0000000000006b20                EXTI15_10_IRQHandler
 .text.TIM1_UP_IRQHandler
                0x0000000000006c52       0xc0 ./user_c/isr.o
                0x0000000000006c52                TIM1_UP_IRQHandler
 .text.TIM2_IRQHandler
                0x0000000000006d12       0xb8 ./user_c/isr.o
                0x0000000000006d12                TIM2_IRQHandler
 .text.TIM3_IRQHandler
                0x0000000000006dca       0xc0 ./user_c/isr.o
                0x0000000000006dca                TIM3_IRQHandler
 .text.TIM4_IRQHandler
                0x0000000000006e8a       0xc0 ./user_c/isr.o
                0x0000000000006e8a                TIM4_IRQHandler
 .text.TIM5_IRQHandler
                0x0000000000006f4a       0xc4 ./user_c/isr.o
                0x0000000000006f4a                TIM5_IRQHandler
 .text.TIM6_IRQHandler
                0x000000000000700e      0x3da ./user_c/isr.o
                0x000000000000700e                TIM6_IRQHandler
 .text.TIM7_IRQHandler
                0x00000000000073e8       0xc0 ./user_c/isr.o
                0x00000000000073e8                TIM7_IRQHandler
 .text.TIM8_UP_IRQHandler
                0x00000000000074a8       0xc0 ./user_c/isr.o
                0x00000000000074a8                TIM8_UP_IRQHandler
 .text.TIM9_UP_IRQHandler
                0x0000000000007568       0xc0 ./user_c/isr.o
                0x0000000000007568                TIM9_UP_IRQHandler
 .text.TIM10_UP_IRQHandler
                0x0000000000007628       0xb8 ./user_c/isr.o
                0x0000000000007628                TIM10_UP_IRQHandler
 .text.NMI_Handler
                0x00000000000076e0       0x10 ./user_c/isr.o
                0x00000000000076e0                NMI_Handler
 .text.HardFault_Handler
                0x00000000000076f0        0x8 ./user_c/isr.o
                0x00000000000076f0                HardFault_Handler
 .text.main     0x00000000000076f8      0x22e ./user_c/main.o
                0x00000000000076f8                main
 .text.pit_hanlder
                0x0000000000007926        0xe ./user_c/main.o
                0x0000000000007926                pit_hanlder
 .text.normal_handle
                0x0000000000007934      0x26c ./user_c/main.o
                0x0000000000007934                normal_handle
 .text.ele_exam
                0x0000000000007ba0       0x42 ./user_c/main.o
                0x0000000000007ba0                ele_exam
 .text.control  0x0000000000007be2       0x78 ./user_c/main.o
                0x0000000000007be2                control
 .text.vector_handler
                0x0000000000007c5a       0xbe ./sdk/Startup/startup_ch32v30x_D8C.o
                0x0000000000007c5e                Ecall_M_Mode_Handler
                0x0000000000007c60                Ecall_U_Mode_Handler
                0x0000000000007c62                Break_Point_Handler
                0x0000000000007c64                SysTick_Handler
                0x0000000000007c66                SW_Handler
                0x0000000000007c68                WWDG_IRQHandler
                0x0000000000007c6a                PVD_IRQHandler
                0x0000000000007c6c                TAMPER_IRQHandler
                0x0000000000007c6e                RTC_IRQHandler
                0x0000000000007c70                FLASH_IRQHandler
                0x0000000000007c72                RCC_IRQHandler
                0x0000000000007c7e                DMA1_Channel1_IRQHandler
                0x0000000000007c80                DMA1_Channel2_IRQHandler
                0x0000000000007c82                DMA1_Channel3_IRQHandler
                0x0000000000007c84                DMA1_Channel4_IRQHandler
                0x0000000000007c86                DMA1_Channel5_IRQHandler
                0x0000000000007c88                DMA1_Channel6_IRQHandler
                0x0000000000007c8a                DMA1_Channel7_IRQHandler
                0x0000000000007c8c                ADC1_2_IRQHandler
                0x0000000000007c8e                USB_HP_CAN1_TX_IRQHandler
                0x0000000000007c90                USB_LP_CAN1_RX0_IRQHandler
                0x0000000000007c92                CAN1_RX1_IRQHandler
                0x0000000000007c94                CAN1_SCE_IRQHandler
                0x0000000000007c98                TIM1_BRK_IRQHandler
                0x0000000000007c9c                TIM1_TRG_COM_IRQHandler
                0x0000000000007c9e                TIM1_CC_IRQHandler
                0x0000000000007ca6                I2C1_EV_IRQHandler
                0x0000000000007ca8                I2C1_ER_IRQHandler
                0x0000000000007caa                I2C2_EV_IRQHandler
                0x0000000000007cac                I2C2_ER_IRQHandler
                0x0000000000007cae                SPI1_IRQHandler
                0x0000000000007cb0                SPI2_IRQHandler
                0x0000000000007cba                RTCAlarm_IRQHandler
                0x0000000000007cbc                USBWakeUp_IRQHandler
                0x0000000000007cbe                TIM8_BRK_IRQHandler
                0x0000000000007cc2                TIM8_TRG_COM_IRQHandler
                0x0000000000007cc4                TIM8_CC_IRQHandler
                0x0000000000007cc6                RNG_IRQHandler
                0x0000000000007cc8                FSMC_IRQHandler
                0x0000000000007cca                SDIO_IRQHandler
                0x0000000000007cce                SPI3_IRQHandler
                0x0000000000007cd8                DMA2_Channel1_IRQHandler
                0x0000000000007cda                DMA2_Channel2_IRQHandler
                0x0000000000007cdc                DMA2_Channel3_IRQHandler
                0x0000000000007cde                DMA2_Channel4_IRQHandler
                0x0000000000007ce0                DMA2_Channel5_IRQHandler
                0x0000000000007ce2                ETH_IRQHandler
                0x0000000000007ce4                ETH_WKUP_IRQHandler
                0x0000000000007ce6                CAN2_TX_IRQHandler
                0x0000000000007ce8                CAN2_RX0_IRQHandler
                0x0000000000007cea                CAN2_RX1_IRQHandler
                0x0000000000007cec                CAN2_SCE_IRQHandler
                0x0000000000007cf0                USBHSWakeup_IRQHandler
                0x0000000000007cf2                USBHS_IRQHandler
                0x0000000000007cfc                TIM9_BRK_IRQHandler
                0x0000000000007d00                TIM9_TRG_COM_IRQHandler
                0x0000000000007d02                TIM9_CC_IRQHandler
                0x0000000000007d04                TIM10_BRK_IRQHandler
                0x0000000000007d08                TIM10_TRG_COM_IRQHandler
                0x0000000000007d0a                TIM10_CC_IRQHandler
                0x0000000000007d0c                DMA2_Channel6_IRQHandler
                0x0000000000007d0e                DMA2_Channel7_IRQHandler
                0x0000000000007d10                DMA2_Channel8_IRQHandler
                0x0000000000007d12                DMA2_Channel9_IRQHandler
                0x0000000000007d14                DMA2_Channel10_IRQHandler
                0x0000000000007d16                DMA2_Channel11_IRQHandler
 .text.handle_reset
                0x0000000000007d18       0x8a ./sdk/Startup/startup_ch32v30x_D8C.o
                0x0000000000007d18                handle_reset
 .text.EXTI_GetITStatus
                0x0000000000007da2       0x56 ./sdk/Peripheral/ch32v30x_exti.o
                0x0000000000007da2                EXTI_GetITStatus
 .text.EXTI_ClearITPendingBit
                0x0000000000007df8       0x20 ./sdk/Peripheral/ch32v30x_exti.o
                0x0000000000007df8                EXTI_ClearITPendingBit
 .text.GPIO_Init
                0x0000000000007e18      0x22a ./sdk/Peripheral/ch32v30x_gpio.o
                0x0000000000007e18                GPIO_Init
 .text.GPIO_WriteBit
                0x0000000000008042       0x38 ./sdk/Peripheral/ch32v30x_gpio.o
                0x0000000000008042                GPIO_WriteBit
 .text.GPIO_PinRemapConfig
                0x000000000000807a      0x1c8 ./sdk/Peripheral/ch32v30x_gpio.o
                0x000000000000807a                GPIO_PinRemapConfig
 .text.NVIC_EnableIRQ
                0x0000000000008242       0x32 ./sdk/Peripheral/ch32v30x_misc.o
 .text.NVIC_DisableIRQ
                0x0000000000008274       0x32 ./sdk/Peripheral/ch32v30x_misc.o
 .text.NVIC_SetPriority
                0x00000000000082a6       0x2a ./sdk/Peripheral/ch32v30x_misc.o
 .text.NVIC_Init
                0x00000000000082d0      0x23a ./sdk/Peripheral/ch32v30x_misc.o
                0x00000000000082d0                NVIC_Init
 .text.RCC_GetClocksFreq
                0x000000000000850a      0x2c6 ./sdk/Peripheral/ch32v30x_rcc.o
                0x000000000000850a                RCC_GetClocksFreq
 .text.RCC_AHBPeriphClockCmd
                0x00000000000087d0       0x46 ./sdk/Peripheral/ch32v30x_rcc.o
                0x00000000000087d0                RCC_AHBPeriphClockCmd
 .text.RCC_APB2PeriphClockCmd
                0x0000000000008816       0x46 ./sdk/Peripheral/ch32v30x_rcc.o
                0x0000000000008816                RCC_APB2PeriphClockCmd
 .text.RCC_APB1PeriphClockCmd
                0x000000000000885c       0x46 ./sdk/Peripheral/ch32v30x_rcc.o
                0x000000000000885c                RCC_APB1PeriphClockCmd
 .text.RCC_APB2PeriphResetCmd
                0x00000000000088a2       0x46 ./sdk/Peripheral/ch32v30x_rcc.o
                0x00000000000088a2                RCC_APB2PeriphResetCmd
 .text.RCC_APB1PeriphResetCmd
                0x00000000000088e8       0x46 ./sdk/Peripheral/ch32v30x_rcc.o
                0x00000000000088e8                RCC_APB1PeriphResetCmd
 .text.SPI_I2S_DeInit
                0x000000000000892e       0x76 ./sdk/Peripheral/ch32v30x_spi.o
                0x000000000000892e                SPI_I2S_DeInit
 .text.SPI_Init
                0x00000000000089a4       0xf8 ./sdk/Peripheral/ch32v30x_spi.o
                0x00000000000089a4                SPI_Init
 .text.SPI_Cmd  0x0000000000008a9c       0x5a ./sdk/Peripheral/ch32v30x_spi.o
                0x0000000000008a9c                SPI_Cmd
 .text.TIM_TimeBaseInit
                0x0000000000008af6      0x17e ./sdk/Peripheral/ch32v30x_tim.o
                0x0000000000008af6                TIM_TimeBaseInit
 .text.TIM_OC1Init
                0x0000000000008c74      0x19c ./sdk/Peripheral/ch32v30x_tim.o
                0x0000000000008c74                TIM_OC1Init
 .text.TIM_OC2Init
                0x0000000000008e10      0x1e2 ./sdk/Peripheral/ch32v30x_tim.o
                0x0000000000008e10                TIM_OC2Init
 .text.TIM_OC3Init
                0x0000000000008ff2      0x1dc ./sdk/Peripheral/ch32v30x_tim.o
                0x0000000000008ff2                TIM_OC3Init
 .text.TIM_OC4Init
                0x00000000000091ce      0x176 ./sdk/Peripheral/ch32v30x_tim.o
                0x00000000000091ce                TIM_OC4Init
 .text.TIM_TimeBaseStructInit
                0x0000000000009344       0x3c ./sdk/Peripheral/ch32v30x_tim.o
                0x0000000000009344                TIM_TimeBaseStructInit
 .text.TIM_Cmd  0x0000000000009380       0x58 ./sdk/Peripheral/ch32v30x_tim.o
                0x0000000000009380                TIM_Cmd
 .text.TIM_CtrlPWMOutputs
                0x00000000000093d8       0x60 ./sdk/Peripheral/ch32v30x_tim.o
                0x00000000000093d8                TIM_CtrlPWMOutputs
 .text.TIM_ITConfig
                0x0000000000009438       0x70 ./sdk/Peripheral/ch32v30x_tim.o
                0x0000000000009438                TIM_ITConfig
 .text.TIM_ITRxExternalClockConfig
                0x00000000000094a8       0x46 ./sdk/Peripheral/ch32v30x_tim.o
                0x00000000000094a8                TIM_ITRxExternalClockConfig
 .text.TIM_SelectInputTrigger
                0x00000000000094ee       0x4e ./sdk/Peripheral/ch32v30x_tim.o
                0x00000000000094ee                TIM_SelectInputTrigger
 .text.TIM_OC1PreloadConfig
                0x000000000000953c       0x4c ./sdk/Peripheral/ch32v30x_tim.o
                0x000000000000953c                TIM_OC1PreloadConfig
 .text.TIM_OC2PreloadConfig
                0x0000000000009588       0x5a ./sdk/Peripheral/ch32v30x_tim.o
                0x0000000000009588                TIM_OC2PreloadConfig
 .text.TIM_OC3PreloadConfig
                0x00000000000095e2       0x4c ./sdk/Peripheral/ch32v30x_tim.o
                0x00000000000095e2                TIM_OC3PreloadConfig
 .text.TIM_OC4PreloadConfig
                0x000000000000962e       0x5a ./sdk/Peripheral/ch32v30x_tim.o
                0x000000000000962e                TIM_OC4PreloadConfig
 .text.TIM_OC1FastConfig
                0x0000000000009688       0x4c ./sdk/Peripheral/ch32v30x_tim.o
                0x0000000000009688                TIM_OC1FastConfig
 .text.TIM_OC2FastConfig
                0x00000000000096d4       0x56 ./sdk/Peripheral/ch32v30x_tim.o
                0x00000000000096d4                TIM_OC2FastConfig
 .text.TIM_OC3FastConfig
                0x000000000000972a       0x4c ./sdk/Peripheral/ch32v30x_tim.o
                0x000000000000972a                TIM_OC3FastConfig
 .text.TIM_OC4FastConfig
                0x0000000000009776       0x56 ./sdk/Peripheral/ch32v30x_tim.o
                0x0000000000009776                TIM_OC4FastConfig
 .text.TIM_GetITStatus
                0x00000000000097cc       0x70 ./sdk/Peripheral/ch32v30x_tim.o
                0x00000000000097cc                TIM_GetITStatus
 .text.TIM_ClearITPendingBit
                0x000000000000983c       0x2e ./sdk/Peripheral/ch32v30x_tim.o
                0x000000000000983c                TIM_ClearITPendingBit
 .text.USART_Init
                0x000000000000986a      0x234 ./sdk/Peripheral/ch32v30x_usart.o
                0x000000000000986a                USART_Init
 .text.USART_Cmd
                0x0000000000009a9e       0x60 ./sdk/Peripheral/ch32v30x_usart.o
                0x0000000000009a9e                USART_Cmd
 .text.USART_ITConfig
                0x0000000000009afe       0xc4 ./sdk/Peripheral/ch32v30x_usart.o
                0x0000000000009afe                USART_ITConfig
 .text.USART_SendData
                0x0000000000009bc2       0x2e ./sdk/Peripheral/ch32v30x_usart.o
                0x0000000000009bc2                USART_SendData
 .text.USART_GetFlagStatus
                0x0000000000009bf0       0x46 ./sdk/Peripheral/ch32v30x_usart.o
                0x0000000000009bf0                USART_GetFlagStatus
 .text.USART_GetITStatus
                0x0000000000009c36      0x102 ./sdk/Peripheral/ch32v30x_usart.o
                0x0000000000009c36                USART_GetITStatus
 .text.USART_ClearITPendingBit
                0x0000000000009d38       0x4e ./sdk/Peripheral/ch32v30x_usart.o
                0x0000000000009d38                USART_ClearITPendingBit
 .text.DevEP1_IN_Deal
                0x0000000000009d86       0x3e ./sdk/Peripheral/ch32v30x_usbotg_device.o
                0x0000000000009d86                DevEP1_IN_Deal
 .text.DevEP2_IN_Deal
                0x0000000000009dc4       0x3e ./sdk/Peripheral/ch32v30x_usbotg_device.o
                0x0000000000009dc4                DevEP2_IN_Deal
 .text.DevEP1_OUT_Deal
                0x0000000000009e02       0x66 ./sdk/Peripheral/ch32v30x_usbotg_device.o
                0x0000000000009e02                DevEP1_OUT_Deal
 .text.DevEP2_OUT_Deal
                0x0000000000009e68       0x66 ./sdk/Peripheral/ch32v30x_usbotg_device.o
                0x0000000000009e68                DevEP2_OUT_Deal
 .text.OTG_FS_IRQHandler
                0x0000000000009ece      0xd16 ./sdk/Peripheral/ch32v30x_usbotg_device.o
                0x0000000000009ece                OTG_FS_IRQHandler
 .text.point_init
                0x000000000000abe4       0x2a ./code/Img_proc.o
                0x000000000000abe4                point_init
 .text.imag_var_init
                0x000000000000ac0e      0x1f2 ./code/Img_proc.o
                0x000000000000ac0e                imag_var_init
 .text.getOSTUthreshold
                0x000000000000ae00      0x338 ./code/Img_proc.o
                0x000000000000ae00                getOSTUthreshold
 .text.binarization
                0x000000000000b138       0x7a ./code/Img_proc.o
                0x000000000000b138                binarization
 .text.find_longest_white_column
                0x000000000000b1b2      0x3f4 ./code/Img_proc.o
                0x000000000000b1b2                find_longest_white_column
 .text.find_L_down_seed
                0x000000000000b5a6      0x126 ./code/Img_proc.o
                0x000000000000b5a6                find_L_down_seed
 .text.find_R_down_seed
                0x000000000000b6cc      0x128 ./code/Img_proc.o
                0x000000000000b6cc                find_R_down_seed
 .text.find_L_up_seed
                0x000000000000b7f4      0x124 ./code/Img_proc.o
                0x000000000000b7f4                find_L_up_seed
 .text.find_R_up_seed
                0x000000000000b918      0x126 ./code/Img_proc.o
                0x000000000000b918                find_R_up_seed
 .text.findline_lefthand_up
                0x000000000000ba3e      0x34c ./code/Img_proc.o
                0x000000000000ba3e                findline_lefthand_up
 .text.findline_righthand_up
                0x000000000000bd8a      0x35e ./code/Img_proc.o
                0x000000000000bd8a                findline_righthand_up
 .text.findline_righthand_down
                0x000000000000c0e8      0x3be ./code/Img_proc.o
                0x000000000000c0e8                findline_righthand_down
 .text.findline_lefthand_down
                0x000000000000c4a6      0x3ce ./code/Img_proc.o
                0x000000000000c4a6                findline_lefthand_down
 .text.find_L_down_straight_inflection
                0x000000000000c874       0xb2 ./code/Img_proc.o
                0x000000000000c874                find_L_down_straight_inflection
 .text.find_R_down_straight_inflection
                0x000000000000c926       0xb2 ./code/Img_proc.o
                0x000000000000c926                find_R_down_straight_inflection
 .text.find_L_up_straight_inflection
                0x000000000000c9d8       0xaa ./code/Img_proc.o
                0x000000000000c9d8                find_L_up_straight_inflection
 .text.find_R_up_straight_inflection
                0x000000000000ca82       0xaa ./code/Img_proc.o
                0x000000000000ca82                find_R_up_straight_inflection
 .text.find_circle_L_up
                0x000000000000cb2c       0xbc ./code/Img_proc.o
                0x000000000000cb2c                find_circle_L_up
 .text.find_circle_R_down
                0x000000000000cbe8      0x25e ./code/Img_proc.o
                0x000000000000cbe8                find_circle_R_down
 .text.L_circle_entry_check
                0x000000000000ce46      0x11a ./code/Img_proc.o
                0x000000000000ce46                L_circle_entry_check
 .text.find_circle_L_down
                0x000000000000cf60      0x252 ./code/Img_proc.o
                0x000000000000cf60                find_circle_L_down
 .text.find_circle_R_up
                0x000000000000d1b2       0xbc ./code/Img_proc.o
                0x000000000000d1b2                find_circle_R_up
 .text.R_circle_entry_check
                0x000000000000d26e      0x12c ./code/Img_proc.o
                0x000000000000d26e                R_circle_entry_check
 .text.V_point_check
                0x000000000000d39a      0x1a2 ./code/Img_proc.o
                0x000000000000d39a                V_point_check
 .text.get_lose_line
                0x000000000000d53c       0x80 ./code/Img_proc.o
                0x000000000000d53c                get_lose_line
 .text.calculate_mid_line
                0x000000000000d5bc       0x8a ./code/Img_proc.o
                0x000000000000d5bc                calculate_mid_line
 .text.motor_init
                0x000000000000d646       0xf2 ./code/Motor.o
                0x000000000000d646                motor_init
 .text.MOTOR_SET_PWM
                0x000000000000d738       0x6e ./code/Motor.o
                0x000000000000d738                MOTOR_SET_PWM
 .text.FAN_SET_PWM
                0x000000000000d7a6       0xda ./code/Motor.o
                0x000000000000d7a6                FAN_SET_PWM
 .text.BRUSHLESS_SET_PWM
                0x000000000000d880       0x48 ./code/Motor.o
                0x000000000000d880                BRUSHLESS_SET_PWM
 .text.speed_init
                0x000000000000d8c8       0x42 ./code/Motor.o
                0x000000000000d8c8                speed_init
 .text.PID_Calc
                0x000000000000d90a      0x13c ./code/PID.o
                0x000000000000d90a                PID_Calc
 .text.Increment_Pid
                0x000000000000da46       0xb8 ./code/PID.o
                0x000000000000da46                Increment_Pid
 .text.barrier_handle
                0x000000000000dafe      0x176 ./code/barrier.o
                0x000000000000dafe                barrier_handle
 .text.circle_check
                0x000000000000dc74      0x176 ./code/circle.o
                0x000000000000dc74                circle_check
 .text.circle_handle
                0x000000000000ddea      0x9f4 ./code/circle.o
                0x000000000000ddea                circle_handle
 .text.cross_check
                0x000000000000e7de      0x186 ./code/cross.o
                0x000000000000e7de                cross_check
 .text.cross_handle
                0x000000000000e964     0x1050 ./code/cross.o
                0x000000000000e964                cross_handle
 .text.garage_check
                0x000000000000f9b4      0x1fe ./code/garage.o
                0x000000000000f9b4                garage_check
 .text.garage_handle
                0x000000000000fbb2       0xd2 ./code/garage.o
                0x000000000000fbb2                garage_handle
 .text.key_gpio_init
                0x000000000000fc84       0x70 ./code/key.o
                0x000000000000fc84                key_gpio_init
 .text.key_scan
                0x000000000000fcf4       0xec ./code/key.o
                0x000000000000fcf4                key_scan
 .text.my_abs   0x000000000000fde0       0x58 ./code/my_math.o
                0x000000000000fde0                my_abs
 .text.regression
                0x000000000000fe38      0x26a ./code/my_math.o
                0x000000000000fe38                regression
 .text.calculate_variance
                0x00000000000100a2      0x180 ./code/my_math.o
                0x00000000000100a2                calculate_variance
 .text.line_assignment
                0x0000000000010222       0xd2 ./code/my_math.o
                0x0000000000010222                line_assignment
 .text.two_points_fitting_line
                0x00000000000102f4       0xac ./code/my_math.o
                0x00000000000102f4                two_points_fitting_line
 .text.Get_intData
                0x00000000000103a0      0x36c ./code/my_uart7.o
                0x00000000000103a0                Get_intData
 .text.WIRELESS_Param_Adjust
                0x000000000001070c      0x6a6 ./code/my_uart7.o
                0x000000000001070c                WIRELESS_Param_Adjust
 .text.wireless_uart_handle
                0x0000000000010db2       0xc0 ./code/my_uart7.o
                0x0000000000010db2                wireless_uart_handle
 .text.TIM6_Int_Init
                0x0000000000010e72       0x86 ./code/timer.o
                0x0000000000010e72                TIM6_Int_Init
 .text.pow      0x0000000000010ef8      0x324 d:/app/mounriver_studio/toolchain/risc-v embedded gcc/bin/../lib/gcc/riscv-none-embed/8.2.0/../../../../riscv-none-embed/lib/rv32imafc/ilp32f\libm.a(lib_a-w_pow.o)
                0x0000000000010ef8                pow
 .text.__ieee754_pow
                0x000000000001121c      0xad6 d:/app/mounriver_studio/toolchain/risc-v embedded gcc/bin/../lib/gcc/riscv-none-embed/8.2.0/../../../../riscv-none-embed/lib/rv32imafc/ilp32f\libm.a(lib_a-e_pow.o)
                0x000000000001121c                __ieee754_pow
 .text.__ieee754_sqrt
                0x0000000000011cf2      0x1d6 d:/app/mounriver_studio/toolchain/risc-v embedded gcc/bin/../lib/gcc/riscv-none-embed/8.2.0/../../../../riscv-none-embed/lib/rv32imafc/ilp32f\libm.a(lib_a-e_sqrt.o)
                0x0000000000011cf2                __ieee754_sqrt
 .text.fabs     0x0000000000011ec8        0x6 d:/app/mounriver_studio/toolchain/risc-v embedded gcc/bin/../lib/gcc/riscv-none-embed/8.2.0/../../../../riscv-none-embed/lib/rv32imafc/ilp32f\libm.a(lib_a-s_fabs.o)
                0x0000000000011ec8                fabs
 .text.finite   0x0000000000011ece        0xe d:/app/mounriver_studio/toolchain/risc-v embedded gcc/bin/../lib/gcc/riscv-none-embed/8.2.0/../../../../riscv-none-embed/lib/rv32imafc/ilp32f\libm.a(lib_a-s_finite.o)
                0x0000000000011ece                finite
 .text.matherr  0x0000000000011edc        0x4 d:/app/mounriver_studio/toolchain/risc-v embedded gcc/bin/../lib/gcc/riscv-none-embed/8.2.0/../../../../riscv-none-embed/lib/rv32imafc/ilp32f\libm.a(lib_a-s_matherr.o)
                0x0000000000011edc                matherr
 .text.nan      0x0000000000011ee0        0xe d:/app/mounriver_studio/toolchain/risc-v embedded gcc/bin/../lib/gcc/riscv-none-embed/8.2.0/../../../../riscv-none-embed/lib/rv32imafc/ilp32f\libm.a(lib_a-s_nan.o)
                0x0000000000011ee0                nan
 .text.rint     0x0000000000011eee      0x18c d:/app/mounriver_studio/toolchain/risc-v embedded gcc/bin/../lib/gcc/riscv-none-embed/8.2.0/../../../../riscv-none-embed/lib/rv32imafc/ilp32f\libm.a(lib_a-s_rint.o)
                0x0000000000011eee                rint
 .text.scalbn   0x000000000001207a      0x140 d:/app/mounriver_studio/toolchain/risc-v embedded gcc/bin/../lib/gcc/riscv-none-embed/8.2.0/../../../../riscv-none-embed/lib/rv32imafc/ilp32f\libm.a(lib_a-s_scalbn.o)
                0x000000000001207a                scalbn
 .text.copysign
                0x00000000000121ba       0x16 d:/app/mounriver_studio/toolchain/risc-v embedded gcc/bin/../lib/gcc/riscv-none-embed/8.2.0/../../../../riscv-none-embed/lib/rv32imafc/ilp32f\libm.a(lib_a-s_copysign.o)
                0x00000000000121ba                copysign
 .text.mt9v03x_write_and_check_word_sccb
                0x00000000000121d0       0x92 D:\新建文件夹\19Feisi_CAR\HoverShip_1\libraries\zf_device\libzf_device_config.a(zf_device_config.o)
 .text.mt9v03x_write_word_sccb
                0x0000000000012262       0x34 D:\新建文件夹\19Feisi_CAR\HoverShip_1\libraries\zf_device\libzf_device_config.a(zf_device_config.o)
 .text.mt9v03x_read_word_sccb.constprop.0
                0x0000000000012296       0x36 D:\新建文件夹\19Feisi_CAR\HoverShip_1\libraries\zf_device\libzf_device_config.a(zf_device_config.o)
 .text.mt9v03x_sccb_check_id
                0x00000000000122cc       0x5e D:\新建文件夹\19Feisi_CAR\HoverShip_1\libraries\zf_device\libzf_device_config.a(zf_device_config.o)
                0x00000000000122cc                mt9v03x_sccb_check_id
 .text.mt9v03x_sccb_set_config
                0x000000000001232a      0x5a2 D:\新建文件夹\19Feisi_CAR\HoverShip_1\libraries\zf_device\libzf_device_config.a(zf_device_config.o)
                0x000000000001232a                mt9v03x_sccb_set_config
 .text.__fixsfdi
                0x00000000000128cc       0x2a d:/app/mounriver_studio/toolchain/risc-v embedded gcc/bin/../lib/gcc/riscv-none-embed/8.2.0/rv32imafc/ilp32f\libgcc.a(_fixsfdi.o)
                0x00000000000128cc                __fixsfdi
 .text.__fixunssfdi
                0x00000000000128f6       0x5a d:/app/mounriver_studio/toolchain/risc-v embedded gcc/bin/../lib/gcc/riscv-none-embed/8.2.0/rv32imafc/ilp32f\libgcc.a(_fixunssfdi.o)
                0x00000000000128f6                __fixunssfdi
 .text.__floatdisf
                0x0000000000012950       0x7c d:/app/mounriver_studio/toolchain/risc-v embedded gcc/bin/../lib/gcc/riscv-none-embed/8.2.0/rv32imafc/ilp32f\libgcc.a(_floatdisf.o)
                0x0000000000012950                __floatdisf
 .text.__adddf3
                0x00000000000129cc      0xa0e d:/app/mounriver_studio/toolchain/risc-v embedded gcc/bin/../lib/gcc/riscv-none-embed/8.2.0/rv32imafc/ilp32f\libgcc.a(adddf3.o)
                0x00000000000129cc                __adddf3
 .text.__divdf3
                0x00000000000133da      0x7ea d:/app/mounriver_studio/toolchain/risc-v embedded gcc/bin/../lib/gcc/riscv-none-embed/8.2.0/rv32imafc/ilp32f\libgcc.a(divdf3.o)
                0x00000000000133da                __divdf3
 .text.__eqdf2  0x0000000000013bc4       0x98 d:/app/mounriver_studio/toolchain/risc-v embedded gcc/bin/../lib/gcc/riscv-none-embed/8.2.0/rv32imafc/ilp32f\libgcc.a(eqdf2.o)
                0x0000000000013bc4                __nedf2
                0x0000000000013bc4                __eqdf2
 .text.__gedf2  0x0000000000013c5c       0xb6 d:/app/mounriver_studio/toolchain/risc-v embedded gcc/bin/../lib/gcc/riscv-none-embed/8.2.0/rv32imafc/ilp32f\libgcc.a(gedf2.o)
                0x0000000000013c5c                __gedf2
                0x0000000000013c5c                __gtdf2
 .text.__ledf2  0x0000000000013d12       0xb6 d:/app/mounriver_studio/toolchain/risc-v embedded gcc/bin/../lib/gcc/riscv-none-embed/8.2.0/rv32imafc/ilp32f\libgcc.a(ledf2.o)
                0x0000000000013d12                __ledf2
                0x0000000000013d12                __ltdf2
 .text.__muldf3
                0x0000000000013dc8      0x656 d:/app/mounriver_studio/toolchain/risc-v embedded gcc/bin/../lib/gcc/riscv-none-embed/8.2.0/rv32imafc/ilp32f\libgcc.a(muldf3.o)
                0x0000000000013dc8                __muldf3
 .text.__subdf3
                0x000000000001441e      0xa8c d:/app/mounriver_studio/toolchain/risc-v embedded gcc/bin/../lib/gcc/riscv-none-embed/8.2.0/rv32imafc/ilp32f\libgcc.a(subdf3.o)
                0x000000000001441e                __subdf3
 .text.__unorddf2
                0x0000000000014eaa       0x7c d:/app/mounriver_studio/toolchain/risc-v embedded gcc/bin/../lib/gcc/riscv-none-embed/8.2.0/rv32imafc/ilp32f\libgcc.a(unorddf2.o)
                0x0000000000014eaa                __unorddf2
 .text.__fixdfsi
                0x0000000000014f26       0xd8 d:/app/mounriver_studio/toolchain/risc-v embedded gcc/bin/../lib/gcc/riscv-none-embed/8.2.0/rv32imafc/ilp32f\libgcc.a(fixdfsi.o)
                0x0000000000014f26                __fixdfsi
 .text.__fixunsdfsi
                0x0000000000014ffe       0x9e d:/app/mounriver_studio/toolchain/risc-v embedded gcc/bin/../lib/gcc/riscv-none-embed/8.2.0/rv32imafc/ilp32f\libgcc.a(fixunsdfsi.o)
                0x0000000000014ffe                __fixunsdfsi
 .text.__floatsidf
                0x000000000001509c       0x70 d:/app/mounriver_studio/toolchain/risc-v embedded gcc/bin/../lib/gcc/riscv-none-embed/8.2.0/rv32imafc/ilp32f\libgcc.a(floatsidf.o)
                0x000000000001509c                __floatsidf
 .text.__floatunsidf
                0x000000000001510c       0x66 d:/app/mounriver_studio/toolchain/risc-v embedded gcc/bin/../lib/gcc/riscv-none-embed/8.2.0/rv32imafc/ilp32f\libgcc.a(floatunsidf.o)
                0x000000000001510c                __floatunsidf
 .text.__extendsfdf2
                0x0000000000015172       0xe8 d:/app/mounriver_studio/toolchain/risc-v embedded gcc/bin/../lib/gcc/riscv-none-embed/8.2.0/rv32imafc/ilp32f\libgcc.a(extendsfdf2.o)
                0x0000000000015172                __extendsfdf2
 .text.__truncdfsf2
                0x000000000001525a      0x31e d:/app/mounriver_studio/toolchain/risc-v embedded gcc/bin/../lib/gcc/riscv-none-embed/8.2.0/rv32imafc/ilp32f\libgcc.a(truncdfsf2.o)
                0x000000000001525a                __truncdfsf2
 .text.__clzsi2
                0x0000000000015578       0x76 d:/app/mounriver_studio/toolchain/risc-v embedded gcc/bin/../lib/gcc/riscv-none-embed/8.2.0/rv32imafc/ilp32f\libgcc.a(_clzsi2.o)
                0x0000000000015578                __clzsi2
 .text.__errno  0x00000000000155ee        0x8 d:/app/mounriver_studio/toolchain/risc-v embedded gcc/bin/../lib/gcc/riscv-none-embed/8.2.0/../../../../riscv-none-embed/lib/rv32imafc/ilp32f\libg_nano.a(lib_a-errno.o)
                0x00000000000155ee                __errno
 .text.malloc   0x00000000000155f6        0xa d:/app/mounriver_studio/toolchain/risc-v embedded gcc/bin/../lib/gcc/riscv-none-embed/8.2.0/../../../../riscv-none-embed/lib/rv32imafc/ilp32f\libg_nano.a(lib_a-malloc.o)
                0x00000000000155f6                malloc
 .text.free     0x0000000000015600        0xa d:/app/mounriver_studio/toolchain/risc-v embedded gcc/bin/../lib/gcc/riscv-none-embed/8.2.0/../../../../riscv-none-embed/lib/rv32imafc/ilp32f\libg_nano.a(lib_a-malloc.o)
                0x0000000000015600                free
 .text.memcpy   0x000000000001560a       0xb6 d:/app/mounriver_studio/toolchain/risc-v embedded gcc/bin/../lib/gcc/riscv-none-embed/8.2.0/../../../../riscv-none-embed/lib/rv32imafc/ilp32f\libg_nano.a(lib_a-memcpy.o)
                0x000000000001560a                memcpy
 .text._free_r  0x00000000000156c0       0xa8 d:/app/mounriver_studio/toolchain/risc-v embedded gcc/bin/../lib/gcc/riscv-none-embed/8.2.0/../../../../riscv-none-embed/lib/rv32imafc/ilp32f\libg_nano.a(lib_a-nano-freer.o)
                0x00000000000156c0                _free_r
 .text._malloc_r
                0x0000000000015768       0xda d:/app/mounriver_studio/toolchain/risc-v embedded gcc/bin/../lib/gcc/riscv-none-embed/8.2.0/../../../../riscv-none-embed/lib/rv32imafc/ilp32f\libg_nano.a(lib_a-nano-mallocr.o)
                0x0000000000015768                _malloc_r
 .text.__cvt    0x0000000000015842       0xee d:/app/mounriver_studio/toolchain/risc-v embedded gcc/bin/../lib/gcc/riscv-none-embed/8.2.0/../../../../riscv-none-embed/lib/rv32imafc/ilp32f\libg_nano.a(lib_a-nano-vfprintf_float.o)
                0x0000000000015842                __cvt
 .text.__exponent
                0x0000000000015930       0x8c d:/app/mounriver_studio/toolchain/risc-v embedded gcc/bin/../lib/gcc/riscv-none-embed/8.2.0/../../../../riscv-none-embed/lib/rv32imafc/ilp32f\libg_nano.a(lib_a-nano-vfprintf_float.o)
                0x0000000000015930                __exponent
 .text._printf_float
                0x00000000000159bc      0x4c4 d:/app/mounriver_studio/toolchain/risc-v embedded gcc/bin/../lib/gcc/riscv-none-embed/8.2.0/../../../../riscv-none-embed/lib/rv32imafc/ilp32f\libg_nano.a(lib_a-nano-vfprintf_float.o)
                0x00000000000159bc                _printf_float
 .text._printf_common
                0x0000000000015e80      0x10c d:/app/mounriver_studio/toolchain/risc-v embedded gcc/bin/../lib/gcc/riscv-none-embed/8.2.0/../../../../riscv-none-embed/lib/rv32imafc/ilp32f\libg_nano.a(lib_a-nano-vfprintf_i.o)
                0x0000000000015e80                _printf_common
 .text._printf_i
                0x0000000000015f8c      0x2ac d:/app/mounriver_studio/toolchain/risc-v embedded gcc/bin/../lib/gcc/riscv-none-embed/8.2.0/../../../../riscv-none-embed/lib/rv32imafc/ilp32f\libg_nano.a(lib_a-nano-vfprintf_i.o)
                0x0000000000015f8c                _printf_i
 .text.printf   0x0000000000016238       0x42 d:/app/mounriver_studio/toolchain/risc-v embedded gcc/bin/../lib/gcc/riscv-none-embed/8.2.0/../../../../riscv-none-embed/lib/rv32imafc/ilp32f\libg_nano.a(lib_a-printf.o)
                0x0000000000016238                iprintf
                0x0000000000016238                printf
 .text._puts_r  0x000000000001627a       0xde d:/app/mounriver_studio/toolchain/risc-v embedded gcc/bin/../lib/gcc/riscv-none-embed/8.2.0/../../../../riscv-none-embed/lib/rv32imafc/ilp32f\libg_nano.a(lib_a-puts.o)
                0x000000000001627a                _puts_r
 .text.puts     0x0000000000016358        0xc d:/app/mounriver_studio/toolchain/risc-v embedded gcc/bin/../lib/gcc/riscv-none-embed/8.2.0/../../../../riscv-none-embed/lib/rv32imafc/ilp32f\libg_nano.a(lib_a-puts.o)
                0x0000000000016358                puts
 .text._sbrk_r  0x0000000000016364       0x32 d:/app/mounriver_studio/toolchain/risc-v embedded gcc/bin/../lib/gcc/riscv-none-embed/8.2.0/../../../../riscv-none-embed/lib/rv32imafc/ilp32f\libg_nano.a(lib_a-sbrkr.o)
                0x0000000000016364                _sbrk_r
 .text.sprintf  0x0000000000016396       0x46 d:/app/mounriver_studio/toolchain/risc-v embedded gcc/bin/../lib/gcc/riscv-none-embed/8.2.0/../../../../riscv-none-embed/lib/rv32imafc/ilp32f\libg_nano.a(lib_a-sprintf.o)
                0x0000000000016396                siprintf
                0x0000000000016396                sprintf
 .text.strlen   0x00000000000163dc       0x12 d:/app/mounriver_studio/toolchain/risc-v embedded gcc/bin/../lib/gcc/riscv-none-embed/8.2.0/../../../../riscv-none-embed/lib/rv32imafc/ilp32f\libg_nano.a(lib_a-strlen.o)
                0x00000000000163dc                strlen
 .text.strncmp  0x00000000000163ee       0x2c d:/app/mounriver_studio/toolchain/risc-v embedded gcc/bin/../lib/gcc/riscv-none-embed/8.2.0/../../../../riscv-none-embed/lib/rv32imafc/ilp32f\libg_nano.a(lib_a-strncmp.o)
                0x00000000000163ee                strncmp
 .text.__swbuf_r
                0x000000000001641a       0xc6 d:/app/mounriver_studio/toolchain/risc-v embedded gcc/bin/../lib/gcc/riscv-none-embed/8.2.0/../../../../riscv-none-embed/lib/rv32imafc/ilp32f\libg_nano.a(lib_a-wbuf.o)
                0x000000000001641a                __swbuf_r
 .text.__swsetup_r
                0x00000000000164e0      0x112 d:/app/mounriver_studio/toolchain/risc-v embedded gcc/bin/../lib/gcc/riscv-none-embed/8.2.0/../../../../riscv-none-embed/lib/rv32imafc/ilp32f\libg_nano.a(lib_a-wsetup.o)
                0x00000000000164e0                __swsetup_r
 .text.quorem   0x00000000000165f2      0x13a d:/app/mounriver_studio/toolchain/risc-v embedded gcc/bin/../lib/gcc/riscv-none-embed/8.2.0/../../../../riscv-none-embed/lib/rv32imafc/ilp32f\libg_nano.a(lib_a-dtoa.o)
 .text._dtoa_r  0x000000000001672c      0xc02 d:/app/mounriver_studio/toolchain/risc-v embedded gcc/bin/../lib/gcc/riscv-none-embed/8.2.0/../../../../riscv-none-embed/lib/rv32imafc/ilp32f\libg_nano.a(lib_a-dtoa.o)
                0x000000000001672c                _dtoa_r
 .text.__sflush_r
                0x000000000001732e      0x13e d:/app/mounriver_studio/toolchain/risc-v embedded gcc/bin/../lib/gcc/riscv-none-embed/8.2.0/../../../../riscv-none-embed/lib/rv32imafc/ilp32f\libg_nano.a(lib_a-fflush.o)
                0x000000000001732e                __sflush_r
 .text._fflush_r
                0x000000000001746c       0x66 d:/app/mounriver_studio/toolchain/risc-v embedded gcc/bin/../lib/gcc/riscv-none-embed/8.2.0/../../../../riscv-none-embed/lib/rv32imafc/ilp32f\libg_nano.a(lib_a-fflush.o)
                0x000000000001746c                _fflush_r
 .text.std      0x00000000000174d2       0x6a d:/app/mounriver_studio/toolchain/risc-v embedded gcc/bin/../lib/gcc/riscv-none-embed/8.2.0/../../../../riscv-none-embed/lib/rv32imafc/ilp32f\libg_nano.a(lib_a-findfp.o)
 .text._cleanup_r
                0x000000000001753c        0xa d:/app/mounriver_studio/toolchain/risc-v embedded gcc/bin/../lib/gcc/riscv-none-embed/8.2.0/../../../../riscv-none-embed/lib/rv32imafc/ilp32f\libg_nano.a(lib_a-findfp.o)
                0x000000000001753c                _cleanup_r
 .text.__sfmoreglue
                0x0000000000017546       0x48 d:/app/mounriver_studio/toolchain/risc-v embedded gcc/bin/../lib/gcc/riscv-none-embed/8.2.0/../../../../riscv-none-embed/lib/rv32imafc/ilp32f\libg_nano.a(lib_a-findfp.o)
                0x0000000000017546                __sfmoreglue
 .text.__sinit  0x000000000001758e       0x6c d:/app/mounriver_studio/toolchain/risc-v embedded gcc/bin/../lib/gcc/riscv-none-embed/8.2.0/../../../../riscv-none-embed/lib/rv32imafc/ilp32f\libg_nano.a(lib_a-findfp.o)
                0x000000000001758e                __sinit
 .text.__sfp    0x00000000000175fa       0xa0 d:/app/mounriver_studio/toolchain/risc-v embedded gcc/bin/../lib/gcc/riscv-none-embed/8.2.0/../../../../riscv-none-embed/lib/rv32imafc/ilp32f\libg_nano.a(lib_a-findfp.o)
                0x00000000000175fa                __sfp
 .text._fwalk_reent
                0x000000000001769a       0x6c d:/app/mounriver_studio/toolchain/risc-v embedded gcc/bin/../lib/gcc/riscv-none-embed/8.2.0/../../../../riscv-none-embed/lib/rv32imafc/ilp32f\libg_nano.a(lib_a-fwalk.o)
                0x000000000001769a                _fwalk_reent
 .text._localeconv_r
                0x0000000000017706       0x18 d:/app/mounriver_studio/toolchain/risc-v embedded gcc/bin/../lib/gcc/riscv-none-embed/8.2.0/../../../../riscv-none-embed/lib/rv32imafc/ilp32f\libg_nano.a(lib_a-localeconv.o)
                0x0000000000017706                _localeconv_r
 .text.__swhatbuf_r
                0x000000000001771e       0x5a d:/app/mounriver_studio/toolchain/risc-v embedded gcc/bin/../lib/gcc/riscv-none-embed/8.2.0/../../../../riscv-none-embed/lib/rv32imafc/ilp32f\libg_nano.a(lib_a-makebuf.o)
                0x000000000001771e                __swhatbuf_r
 .text.__smakebuf_r
                0x0000000000017778       0xa2 d:/app/mounriver_studio/toolchain/risc-v embedded gcc/bin/../lib/gcc/riscv-none-embed/8.2.0/../../../../riscv-none-embed/lib/rv32imafc/ilp32f\libg_nano.a(lib_a-makebuf.o)
                0x0000000000017778                __smakebuf_r
 .text.memchr   0x000000000001781a       0x1a d:/app/mounriver_studio/toolchain/risc-v embedded gcc/bin/../lib/gcc/riscv-none-embed/8.2.0/../../../../riscv-none-embed/lib/rv32imafc/ilp32f\libg_nano.a(lib_a-memchr.o)
                0x000000000001781a                memchr
 .text.__malloc_lock
                0x0000000000017834        0x2 d:/app/mounriver_studio/toolchain/risc-v embedded gcc/bin/../lib/gcc/riscv-none-embed/8.2.0/../../../../riscv-none-embed/lib/rv32imafc/ilp32f\libg_nano.a(lib_a-mlock.o)
                0x0000000000017834                __malloc_lock
 .text.__malloc_unlock
                0x0000000000017836        0x2 d:/app/mounriver_studio/toolchain/risc-v embedded gcc/bin/../lib/gcc/riscv-none-embed/8.2.0/../../../../riscv-none-embed/lib/rv32imafc/ilp32f\libg_nano.a(lib_a-mlock.o)
                0x0000000000017836                __malloc_unlock
 .text._Balloc  0x0000000000017838       0x88 d:/app/mounriver_studio/toolchain/risc-v embedded gcc/bin/../lib/gcc/riscv-none-embed/8.2.0/../../../../riscv-none-embed/lib/rv32imafc/ilp32f\libg_nano.a(lib_a-mprec.o)
                0x0000000000017838                _Balloc
 .text._Bfree   0x00000000000178c0       0x44 d:/app/mounriver_studio/toolchain/risc-v embedded gcc/bin/../lib/gcc/riscv-none-embed/8.2.0/../../../../riscv-none-embed/lib/rv32imafc/ilp32f\libg_nano.a(lib_a-mprec.o)
                0x00000000000178c0                _Bfree
 .text.__multadd
                0x0000000000017904       0x98 d:/app/mounriver_studio/toolchain/risc-v embedded gcc/bin/../lib/gcc/riscv-none-embed/8.2.0/../../../../riscv-none-embed/lib/rv32imafc/ilp32f\libg_nano.a(lib_a-mprec.o)
                0x0000000000017904                __multadd
 .text.__hi0bits
                0x000000000001799c       0x46 d:/app/mounriver_studio/toolchain/risc-v embedded gcc/bin/../lib/gcc/riscv-none-embed/8.2.0/../../../../riscv-none-embed/lib/rv32imafc/ilp32f\libg_nano.a(lib_a-mprec.o)
                0x000000000001799c                __hi0bits
 .text.__lo0bits
                0x00000000000179e2       0x6a d:/app/mounriver_studio/toolchain/risc-v embedded gcc/bin/../lib/gcc/riscv-none-embed/8.2.0/../../../../riscv-none-embed/lib/rv32imafc/ilp32f\libg_nano.a(lib_a-mprec.o)
                0x00000000000179e2                __lo0bits
 .text.__i2b    0x0000000000017a4c       0x1c d:/app/mounriver_studio/toolchain/risc-v embedded gcc/bin/../lib/gcc/riscv-none-embed/8.2.0/../../../../riscv-none-embed/lib/rv32imafc/ilp32f\libg_nano.a(lib_a-mprec.o)
                0x0000000000017a4c                __i2b
 .text.__multiply
                0x0000000000017a68      0x144 d:/app/mounriver_studio/toolchain/risc-v embedded gcc/bin/../lib/gcc/riscv-none-embed/8.2.0/../../../../riscv-none-embed/lib/rv32imafc/ilp32f\libg_nano.a(lib_a-mprec.o)
                0x0000000000017a68                __multiply
 .text.__pow5mult
                0x0000000000017bac       0xbe d:/app/mounriver_studio/toolchain/risc-v embedded gcc/bin/../lib/gcc/riscv-none-embed/8.2.0/../../../../riscv-none-embed/lib/rv32imafc/ilp32f\libg_nano.a(lib_a-mprec.o)
                0x0000000000017bac                __pow5mult
 .text.__lshift
                0x0000000000017c6a       0xce d:/app/mounriver_studio/toolchain/risc-v embedded gcc/bin/../lib/gcc/riscv-none-embed/8.2.0/../../../../riscv-none-embed/lib/rv32imafc/ilp32f\libg_nano.a(lib_a-mprec.o)
                0x0000000000017c6a                __lshift
 .text.__mcmp   0x0000000000017d38       0x32 d:/app/mounriver_studio/toolchain/risc-v embedded gcc/bin/../lib/gcc/riscv-none-embed/8.2.0/../../../../riscv-none-embed/lib/rv32imafc/ilp32f\libg_nano.a(lib_a-mprec.o)
                0x0000000000017d38                __mcmp
 .text.__mdiff  0x0000000000017d6a       0xf2 d:/app/mounriver_studio/toolchain/risc-v embedded gcc/bin/../lib/gcc/riscv-none-embed/8.2.0/../../../../riscv-none-embed/lib/rv32imafc/ilp32f\libg_nano.a(lib_a-mprec.o)
                0x0000000000017d6a                __mdiff
 .text.__d2b    0x0000000000017e5c       0xd4 d:/app/mounriver_studio/toolchain/risc-v embedded gcc/bin/../lib/gcc/riscv-none-embed/8.2.0/../../../../riscv-none-embed/lib/rv32imafc/ilp32f\libg_nano.a(lib_a-mprec.o)
                0x0000000000017e5c                __d2b
 .text._calloc_r
                0x0000000000017f30       0x28 d:/app/mounriver_studio/toolchain/risc-v embedded gcc/bin/../lib/gcc/riscv-none-embed/8.2.0/../../../../riscv-none-embed/lib/rv32imafc/ilp32f\libg_nano.a(lib_a-nano-callocr.o)
                0x0000000000017f30                _calloc_r
 .text.__ssputs_r
                0x0000000000017f58       0xee d:/app/mounriver_studio/toolchain/risc-v embedded gcc/bin/../lib/gcc/riscv-none-embed/8.2.0/../../../../riscv-none-embed/lib/rv32imafc/ilp32f\libg_nano.a(lib_a-nano-svfprintf.o)
                0x0000000000017f58                __ssputs_r
 .text._svfprintf_r
                0x0000000000018046      0x27e d:/app/mounriver_studio/toolchain/risc-v embedded gcc/bin/../lib/gcc/riscv-none-embed/8.2.0/../../../../riscv-none-embed/lib/rv32imafc/ilp32f\libg_nano.a(lib_a-nano-svfprintf.o)
                0x0000000000018046                _svfiprintf_r
                0x0000000000018046                _svfprintf_r
 .text.__sfputc_r
                0x00000000000182c4       0x2a d:/app/mounriver_studio/toolchain/risc-v embedded gcc/bin/../lib/gcc/riscv-none-embed/8.2.0/../../../../riscv-none-embed/lib/rv32imafc/ilp32f\libg_nano.a(lib_a-nano-vfprintf.o)
 .text.__sfputs_r
                0x00000000000182ee       0x44 d:/app/mounriver_studio/toolchain/risc-v embedded gcc/bin/../lib/gcc/riscv-none-embed/8.2.0/../../../../riscv-none-embed/lib/rv32imafc/ilp32f\libg_nano.a(lib_a-nano-vfprintf.o)
                0x00000000000182ee                __sfputs_r
 .text._vfprintf_r
                0x0000000000018332      0x2a0 d:/app/mounriver_studio/toolchain/risc-v embedded gcc/bin/../lib/gcc/riscv-none-embed/8.2.0/../../../../riscv-none-embed/lib/rv32imafc/ilp32f\libg_nano.a(lib_a-nano-vfprintf.o)
                0x0000000000018332                _vfprintf_r
                0x0000000000018332                _vfiprintf_r
 .text.__sread  0x00000000000185d2       0x30 d:/app/mounriver_studio/toolchain/risc-v embedded gcc/bin/../lib/gcc/riscv-none-embed/8.2.0/../../../../riscv-none-embed/lib/rv32imafc/ilp32f\libg_nano.a(lib_a-stdio.o)
                0x00000000000185d2                __sread
 .text.__swrite
                0x0000000000018602       0x4e d:/app/mounriver_studio/toolchain/risc-v embedded gcc/bin/../lib/gcc/riscv-none-embed/8.2.0/../../../../riscv-none-embed/lib/rv32imafc/ilp32f\libg_nano.a(lib_a-stdio.o)
                0x0000000000018602                __swrite
 .text.__sseek  0x0000000000018650       0x36 d:/app/mounriver_studio/toolchain/risc-v embedded gcc/bin/../lib/gcc/riscv-none-embed/8.2.0/../../../../riscv-none-embed/lib/rv32imafc/ilp32f\libg_nano.a(lib_a-stdio.o)
                0x0000000000018650                __sseek
 .text.__sclose
                0x0000000000018686        0x6 d:/app/mounriver_studio/toolchain/risc-v embedded gcc/bin/../lib/gcc/riscv-none-embed/8.2.0/../../../../riscv-none-embed/lib/rv32imafc/ilp32f\libg_nano.a(lib_a-stdio.o)
                0x0000000000018686                __sclose
 .text._write_r
                0x000000000001868c       0x36 d:/app/mounriver_studio/toolchain/risc-v embedded gcc/bin/../lib/gcc/riscv-none-embed/8.2.0/../../../../riscv-none-embed/lib/rv32imafc/ilp32f\libg_nano.a(lib_a-writer.o)
                0x000000000001868c                _write_r
 .text._close_r
                0x00000000000186c2       0x30 d:/app/mounriver_studio/toolchain/risc-v embedded gcc/bin/../lib/gcc/riscv-none-embed/8.2.0/../../../../riscv-none-embed/lib/rv32imafc/ilp32f\libg_nano.a(lib_a-closer.o)
                0x00000000000186c2                _close_r
 .text._fstat_r
                0x00000000000186f2       0x32 d:/app/mounriver_studio/toolchain/risc-v embedded gcc/bin/../lib/gcc/riscv-none-embed/8.2.0/../../../../riscv-none-embed/lib/rv32imafc/ilp32f\libg_nano.a(lib_a-fstatr.o)
                0x00000000000186f2                _fstat_r
 .text._isatty_r
                0x0000000000018724       0x30 d:/app/mounriver_studio/toolchain/risc-v embedded gcc/bin/../lib/gcc/riscv-none-embed/8.2.0/../../../../riscv-none-embed/lib/rv32imafc/ilp32f\libg_nano.a(lib_a-isattyr.o)
                0x0000000000018724                _isatty_r
 .text._lseek_r
                0x0000000000018754       0x34 d:/app/mounriver_studio/toolchain/risc-v embedded gcc/bin/../lib/gcc/riscv-none-embed/8.2.0/../../../../riscv-none-embed/lib/rv32imafc/ilp32f\libg_nano.a(lib_a-lseekr.o)
                0x0000000000018754                _lseek_r
 .text.__ascii_mbtowc
                0x0000000000018788       0x3a d:/app/mounriver_studio/toolchain/risc-v embedded gcc/bin/../lib/gcc/riscv-none-embed/8.2.0/../../../../riscv-none-embed/lib/rv32imafc/ilp32f\libg_nano.a(lib_a-mbtowc_r.o)
                0x0000000000018788                __ascii_mbtowc
 .text.memmove  0x00000000000187c2       0x4a d:/app/mounriver_studio/toolchain/risc-v embedded gcc/bin/../lib/gcc/riscv-none-embed/8.2.0/../../../../riscv-none-embed/lib/rv32imafc/ilp32f\libg_nano.a(lib_a-memmove.o)
                0x00000000000187c2                memmove
 .text._realloc_r
                0x000000000001880c       0x58 d:/app/mounriver_studio/toolchain/risc-v embedded gcc/bin/../lib/gcc/riscv-none-embed/8.2.0/../../../../riscv-none-embed/lib/rv32imafc/ilp32f\libg_nano.a(lib_a-nano-reallocr.o)
                0x000000000001880c                _realloc_r
 .text._read_r  0x0000000000018864       0x34 d:/app/mounriver_studio/toolchain/risc-v embedded gcc/bin/../lib/gcc/riscv-none-embed/8.2.0/../../../../riscv-none-embed/lib/rv32imafc/ilp32f\libg_nano.a(lib_a-readr.o)
                0x0000000000018864                _read_r
 .text.__ascii_wctomb
                0x0000000000018898       0x20 d:/app/mounriver_studio/toolchain/risc-v embedded gcc/bin/../lib/gcc/riscv-none-embed/8.2.0/../../../../riscv-none-embed/lib/rv32imafc/ilp32f\libg_nano.a(lib_a-wctomb_r.o)
                0x0000000000018898                __ascii_wctomb
 .text._malloc_usable_size_r
                0x00000000000188b8       0x14 d:/app/mounriver_studio/toolchain/risc-v embedded gcc/bin/../lib/gcc/riscv-none-embed/8.2.0/../../../../riscv-none-embed/lib/rv32imafc/ilp32f\libg_nano.a(lib_a-nano-msizer.o)
                0x00000000000188b8                _malloc_usable_size_r
 .text.__trunctfdf2
                0x00000000000188cc      0x3d0 d:/app/mounriver_studio/toolchain/risc-v embedded gcc/bin/../lib/gcc/riscv-none-embed/8.2.0/rv32imafc/ilp32f\libgcc.a(trunctfdf2.o)
                0x00000000000188cc                __trunctfdf2
 .text._close   0x0000000000018c9c       0x10 d:/app/mounriver_studio/toolchain/risc-v embedded gcc/bin/../lib/gcc/riscv-none-embed/8.2.0/../../../../riscv-none-embed/lib/rv32imafc/ilp32f\libnosys.a(close.o)
                0x0000000000018c9c                _close
 .text._fstat   0x0000000000018cac       0x10 d:/app/mounriver_studio/toolchain/risc-v embedded gcc/bin/../lib/gcc/riscv-none-embed/8.2.0/../../../../riscv-none-embed/lib/rv32imafc/ilp32f\libnosys.a(fstat.o)
                0x0000000000018cac                _fstat
 .text._isatty  0x0000000000018cbc       0x10 d:/app/mounriver_studio/toolchain/risc-v embedded gcc/bin/../lib/gcc/riscv-none-embed/8.2.0/../../../../riscv-none-embed/lib/rv32imafc/ilp32f\libnosys.a(isatty.o)
                0x0000000000018cbc                _isatty
 .text._lseek   0x0000000000018ccc       0x10 d:/app/mounriver_studio/toolchain/risc-v embedded gcc/bin/../lib/gcc/riscv-none-embed/8.2.0/../../../../riscv-none-embed/lib/rv32imafc/ilp32f\libnosys.a(lseek.o)
                0x0000000000018ccc                _lseek
 .text._read    0x0000000000018cdc       0x10 d:/app/mounriver_studio/toolchain/risc-v embedded gcc/bin/../lib/gcc/riscv-none-embed/8.2.0/../../../../riscv-none-embed/lib/rv32imafc/ilp32f\libnosys.a(read.o)
                0x0000000000018cdc                _read
 .text._sbrk    0x0000000000018cec       0x24 d:/app/mounriver_studio/toolchain/risc-v embedded gcc/bin/../lib/gcc/riscv-none-embed/8.2.0/../../../../riscv-none-embed/lib/rv32imafc/ilp32f\libnosys.a(sbrk.o)
                0x0000000000018cec                _sbrk
 *(.rodata)
 *fill*         0x0000000000018d10        0x0 
 .rodata        0x0000000000018d10       0x4e ./zf_driver/zf_driver_encoder.o
 *fill*         0x0000000000018d5e        0x2 
 .rodata        0x0000000000018d60       0x4a ./zf_driver/zf_driver_pwm.o
 *fill*         0x0000000000018daa        0x2 
 .rodata        0x0000000000018dac       0x4f ./zf_driver/zf_driver_soft_iic.o
 *fill*         0x0000000000018dfb        0x1 
 .rodata        0x0000000000018dfc       0x4a ./zf_driver/zf_driver_spi.o
 *fill*         0x0000000000018e46        0x2 
 .rodata        0x0000000000018e48       0x4b ./zf_driver/zf_driver_uart.o
 *fill*         0x0000000000018e93        0x5 
 .rodata        0x0000000000018e98        0x8 ./zf_device/zf_device_dm1xa.o
 .rodata        0x0000000000018ea0       0xf0 ./zf_device/zf_device_gnss.o
 .rodata        0x0000000000018f90       0x8c ./zf_device/zf_device_imu660ra.o
 .rodata        0x000000000001901c      0x108 ./zf_device/zf_device_mt9v03x_dvp.o
 .rodata        0x0000000000019124       0x78 ./zf_common/zf_common_debug.o
 .rodata        0x000000000001919c       0x4b ./zf_common/zf_common_fifo.o
 *fill*         0x00000000000191e7        0x1 
 .rodata        0x00000000000191e8       0x18 ./user_c/isr.o
 .rodata        0x0000000000019200       0x68 ./user_c/main.o
 .rodata        0x0000000000019268       0x41 ./sdk/Peripheral/ch32v30x_usbotg_device.o
 *fill*         0x00000000000192a9        0x7 
 .rodata        0x00000000000192b0       0x50 ./code/Img_proc.o
 .rodata        0x0000000000019300        0x4 ./code/Motor.o
 .rodata        0x0000000000019304        0xc ./code/circle.o
 .rodata        0x0000000000019310        0x8 ./code/cross.o
 .rodata        0x0000000000019318        0x8 ./code/garage.o
 .rodata        0x0000000000019320        0x8 ./code/my_math.o
 .rodata        0x0000000000019328       0x10 ./code/my_uart7.o
 *(.rodata*)
 .rodata.encoder_get_count
                0x0000000000019338       0x28 ./zf_driver/zf_driver_encoder.o
 .rodata.encoder_clear_count
                0x0000000000019360       0x28 ./zf_driver/zf_driver_encoder.o
 .rodata.encoder_dir_init
                0x0000000000019388       0x28 ./zf_driver/zf_driver_encoder.o
 .rodata.pwm_set_duty
                0x00000000000193b0       0x28 ./zf_driver/zf_driver_pwm.o
 .rodata.pwm_init
                0x00000000000193d8       0x28 ./zf_driver/zf_driver_pwm.o
 .rodata.spi_index
                0x0000000000019400        0xc ./zf_driver/zf_driver_spi.o
                0x0000000000019400                spi_index
 .rodata.timer_get
                0x000000000001940c       0x28 ./zf_driver/zf_driver_timer.o
 .rodata.timer_clear
                0x0000000000019434       0x28 ./zf_driver/zf_driver_timer.o
 .rodata.uart_index
                0x000000000001945c       0x20 ./zf_driver/zf_driver_uart.o
                0x000000000001945c                uart_index
 .rodata.TIM6_IRQHandler
                0x000000000001947c       0x1c ./user_c/isr.o
 .rodata.control
                0x0000000000019498       0x14 ./user_c/main.o
 .rodata.MyDevDescrHD
                0x00000000000194ac       0x12 ./sdk/Peripheral/ch32v30x_usbotg_device.o
                0x00000000000194ac                MyDevDescrHD
 *fill*         0x00000000000194be        0x2 
 .rodata.MyCfgDescrHD
                0x00000000000194c0       0x43 ./sdk/Peripheral/ch32v30x_usbotg_device.o
                0x00000000000194c0                MyCfgDescrHD
 *fill*         0x0000000000019503        0x1 
 .rodata.MyReportDescHD
                0x0000000000019504       0x14 ./sdk/Peripheral/ch32v30x_usbotg_device.o
                0x0000000000019504                MyReportDescHD
 .rodata.MyManuInfoHD
                0x0000000000019518        0xe ./sdk/Peripheral/ch32v30x_usbotg_device.o
                0x0000000000019518                MyManuInfoHD
 *fill*         0x0000000000019526        0x2 
 .rodata.MyProdInfoHD
                0x0000000000019528        0xc ./sdk/Peripheral/ch32v30x_usbotg_device.o
                0x0000000000019528                MyProdInfoHD
 .rodata.MySerNumInfoHD
                0x0000000000019534       0x16 ./sdk/Peripheral/ch32v30x_usbotg_device.o
                0x0000000000019534                MySerNumInfoHD
 *fill*         0x000000000001954a        0x2 
 .rodata.MyUSBQUADescHD
                0x000000000001954c        0xa ./sdk/Peripheral/ch32v30x_usbotg_device.o
                0x000000000001954c                MyUSBQUADescHD
 *fill*         0x0000000000019556        0x2 
 .rodata.OTG_FS_IRQHandler
                0x0000000000019558       0xbc ./sdk/Peripheral/ch32v30x_usbotg_device.o
 .rodata.circle_handle
                0x0000000000019614       0x38 ./code/circle.o
 *fill*         0x000000000001964c        0x4 
 .rodata.pow.cst8
                0x0000000000019650       0x30 d:/app/mounriver_studio/toolchain/risc-v embedded gcc/bin/../lib/gcc/riscv-none-embed/8.2.0/../../../../riscv-none-embed/lib/rv32imafc/ilp32f\libm.a(lib_a-w_pow.o)
 .rodata.pow.str1.4
                0x0000000000019680        0x4 d:/app/mounriver_studio/toolchain/risc-v embedded gcc/bin/../lib/gcc/riscv-none-embed/8.2.0/../../../../riscv-none-embed/lib/rv32imafc/ilp32f\libm.a(lib_a-w_pow.o)
 *fill*         0x0000000000019684        0x4 
 .rodata.__ieee754_pow.cst8
                0x0000000000019688      0x100 d:/app/mounriver_studio/toolchain/risc-v embedded gcc/bin/../lib/gcc/riscv-none-embed/8.2.0/../../../../riscv-none-embed/lib/rv32imafc/ilp32f\libm.a(lib_a-e_pow.o)
                                        0x110 (size before relaxing)
 .rodata.__ieee754_pow.str1.4
                0x0000000000019788        0x4 d:/app/mounriver_studio/toolchain/risc-v embedded gcc/bin/../lib/gcc/riscv-none-embed/8.2.0/../../../../riscv-none-embed/lib/rv32imafc/ilp32f\libm.a(lib_a-e_pow.o)
                                          0x1 (size before relaxing)
 .rodata.nan.cst8
                0x0000000000019788        0x8 d:/app/mounriver_studio/toolchain/risc-v embedded gcc/bin/../lib/gcc/riscv-none-embed/8.2.0/../../../../riscv-none-embed/lib/rv32imafc/ilp32f\libm.a(lib_a-s_nan.o)
 .rodata.TWO52  0x0000000000019790       0x10 d:/app/mounriver_studio/toolchain/risc-v embedded gcc/bin/../lib/gcc/riscv-none-embed/8.2.0/../../../../riscv-none-embed/lib/rv32imafc/ilp32f\libm.a(lib_a-s_rint.o)
 .rodata.scalbn.cst8
                0x00000000000197a0       0x10 d:/app/mounriver_studio/toolchain/risc-v embedded gcc/bin/../lib/gcc/riscv-none-embed/8.2.0/../../../../riscv-none-embed/lib/rv32imafc/ilp32f\libm.a(lib_a-s_scalbn.o)
                                         0x20 (size before relaxing)
 .rodata.imu660ra_config_file
                0x00000000000197b0     0x2000 D:\新建文件夹\19Feisi_CAR\HoverShip_1\libraries\zf_device\libzf_device_config.a(zf_device_config.o)
                0x00000000000197b0                imu660ra_config_file
 .rodata.__fixunssfdi.cst8
                0x000000000001b7b0       0x10 d:/app/mounriver_studio/toolchain/risc-v embedded gcc/bin/../lib/gcc/riscv-none-embed/8.2.0/rv32imafc/ilp32f\libgcc.a(_fixunssfdi.o)
 .rodata.__floatdisf.cst8
                0x000000000001b7c0        0x8 d:/app/mounriver_studio/toolchain/risc-v embedded gcc/bin/../lib/gcc/riscv-none-embed/8.2.0/rv32imafc/ilp32f\libgcc.a(_floatdisf.o)
 .rodata.__divdf3
                0x000000000001b7c0       0x40 d:/app/mounriver_studio/toolchain/risc-v embedded gcc/bin/../lib/gcc/riscv-none-embed/8.2.0/rv32imafc/ilp32f\libgcc.a(divdf3.o)
 .rodata.__muldf3
                0x000000000001b800       0x40 d:/app/mounriver_studio/toolchain/risc-v embedded gcc/bin/../lib/gcc/riscv-none-embed/8.2.0/rv32imafc/ilp32f\libgcc.a(muldf3.o)
 .rodata.__clz_tab
                0x000000000001b840      0x100 d:/app/mounriver_studio/toolchain/risc-v embedded gcc/bin/../lib/gcc/riscv-none-embed/8.2.0/rv32imafc/ilp32f\libgcc.a(_clz.o)
                0x000000000001b840                __clz_tab
 .rodata._printf_float.cst8
                0x000000000001b940        0x8 d:/app/mounriver_studio/toolchain/risc-v embedded gcc/bin/../lib/gcc/riscv-none-embed/8.2.0/../../../../riscv-none-embed/lib/rv32imafc/ilp32f\libg_nano.a(lib_a-nano-vfprintf_float.o)
 .rodata._printf_float.str1.4
                0x000000000001b948       0x12 d:/app/mounriver_studio/toolchain/risc-v embedded gcc/bin/../lib/gcc/riscv-none-embed/8.2.0/../../../../riscv-none-embed/lib/rv32imafc/ilp32f\libg_nano.a(lib_a-nano-vfprintf_float.o)
 *fill*         0x000000000001b95a        0x2 
 .rodata._printf_i.str1.4
                0x000000000001b95c       0x25 d:/app/mounriver_studio/toolchain/risc-v embedded gcc/bin/../lib/gcc/riscv-none-embed/8.2.0/../../../../riscv-none-embed/lib/rv32imafc/ilp32f\libg_nano.a(lib_a-nano-vfprintf_i.o)
 *fill*         0x000000000001b981        0x7 
 .rodata._dtoa_r.cst8
                0x000000000001b988       0x30 d:/app/mounriver_studio/toolchain/risc-v embedded gcc/bin/../lib/gcc/riscv-none-embed/8.2.0/../../../../riscv-none-embed/lib/rv32imafc/ilp32f\libg_nano.a(lib_a-dtoa.o)
                                         0x48 (size before relaxing)
 .rodata._dtoa_r.str1.4
                0x000000000001b9b8       0x10 d:/app/mounriver_studio/toolchain/risc-v embedded gcc/bin/../lib/gcc/riscv-none-embed/8.2.0/../../../../riscv-none-embed/lib/rv32imafc/ilp32f\libg_nano.a(lib_a-dtoa.o)
                                         0x12 (size before relaxing)
 .rodata.__sf_fake_stderr
                0x000000000001b9c8       0x20 d:/app/mounriver_studio/toolchain/risc-v embedded gcc/bin/../lib/gcc/riscv-none-embed/8.2.0/../../../../riscv-none-embed/lib/rv32imafc/ilp32f\libg_nano.a(lib_a-findfp.o)
                0x000000000001b9c8                __sf_fake_stderr
 .rodata.__sf_fake_stdin
                0x000000000001b9e8       0x20 d:/app/mounriver_studio/toolchain/risc-v embedded gcc/bin/../lib/gcc/riscv-none-embed/8.2.0/../../../../riscv-none-embed/lib/rv32imafc/ilp32f\libg_nano.a(lib_a-findfp.o)
                0x000000000001b9e8                __sf_fake_stdin
 .rodata.__sf_fake_stdout
                0x000000000001ba08       0x20 d:/app/mounriver_studio/toolchain/risc-v embedded gcc/bin/../lib/gcc/riscv-none-embed/8.2.0/../../../../riscv-none-embed/lib/rv32imafc/ilp32f\libg_nano.a(lib_a-findfp.o)
                0x000000000001ba08                __sf_fake_stdout
 .rodata.__mprec_bigtens
                0x000000000001ba28       0x28 d:/app/mounriver_studio/toolchain/risc-v embedded gcc/bin/../lib/gcc/riscv-none-embed/8.2.0/../../../../riscv-none-embed/lib/rv32imafc/ilp32f\libg_nano.a(lib_a-mprec.o)
                0x000000000001ba28                __mprec_bigtens
 .rodata.__mprec_tens
                0x000000000001ba50       0xc8 d:/app/mounriver_studio/toolchain/risc-v embedded gcc/bin/../lib/gcc/riscv-none-embed/8.2.0/../../../../riscv-none-embed/lib/rv32imafc/ilp32f\libg_nano.a(lib_a-mprec.o)
                0x000000000001ba50                __mprec_tens
 .rodata.p05.3321
                0x000000000001bb18        0xc d:/app/mounriver_studio/toolchain/risc-v embedded gcc/bin/../lib/gcc/riscv-none-embed/8.2.0/../../../../riscv-none-embed/lib/rv32imafc/ilp32f\libg_nano.a(lib_a-mprec.o)
 .rodata._svfprintf_r.str1.4
                0x000000000001bb24       0x13 d:/app/mounriver_studio/toolchain/risc-v embedded gcc/bin/../lib/gcc/riscv-none-embed/8.2.0/../../../../riscv-none-embed/lib/rv32imafc/ilp32f\libg_nano.a(lib_a-nano-svfprintf.o)
 .rodata._vfprintf_r.str1.4
                0x000000000001bb37       0x13 d:/app/mounriver_studio/toolchain/risc-v embedded gcc/bin/../lib/gcc/riscv-none-embed/8.2.0/../../../../riscv-none-embed/lib/rv32imafc/ilp32f\libg_nano.a(lib_a-nano-vfprintf.o)
 *fill*         0x000000000001bb37        0x1 
 .rodata._setlocale_r.str1.4
                0x000000000001bb38        0xa d:/app/mounriver_studio/toolchain/risc-v embedded gcc/bin/../lib/gcc/riscv-none-embed/8.2.0/../../../../riscv-none-embed/lib/rv32imafc/ilp32f\libg_nano.a(lib_a-locale.o)
                                          0xd (size before relaxing)
 *fill*         0x000000000001bb42        0x2 
 .rodata.str1.4
                0x000000000001bb44        0x4 d:/app/mounriver_studio/toolchain/risc-v embedded gcc/bin/../lib/gcc/riscv-none-embed/8.2.0/../../../../riscv-none-embed/lib/rv32imafc/ilp32f\libg_nano.a(lib_a-locale.o)
                                          0x2 (size before relaxing)
 .rodata._ctype_
                0x000000000001bb48      0x101 d:/app/mounriver_studio/toolchain/risc-v embedded gcc/bin/../lib/gcc/riscv-none-embed/8.2.0/../../../../riscv-none-embed/lib/rv32imafc/ilp32f\libg_nano.a(lib_a-ctype_.o)
                0x000000000001bb48                _ctype_
 *(.glue_7)
 *(.glue_7t)
 *(.gnu.linkonce.t.*)
                0x000000000001bc4c                . = ALIGN (0x4)
 *fill*         0x000000000001bc49        0x3 

.rela.dyn       0x000000000001bc4c        0x0
 .rela.init     0x000000000001bc4c        0x0 ./zf_driver/zf_driver_delay.o
 .rela.vector   0x000000000001bc4c        0x0 ./zf_driver/zf_driver_delay.o
 .rela.text.handle_reset
                0x000000000001bc4c        0x0 ./zf_driver/zf_driver_delay.o
 .rela.text._sbrk_r
                0x000000000001bc4c        0x0 ./zf_driver/zf_driver_delay.o
 .rela.text._svfprintf_r
                0x000000000001bc4c        0x0 ./zf_driver/zf_driver_delay.o
 .rela.text._vfprintf_r
                0x000000000001bc4c        0x0 ./zf_driver/zf_driver_delay.o
 .rela.text._write_r
                0x000000000001bc4c        0x0 ./zf_driver/zf_driver_delay.o
 .rela.text._close_r
                0x000000000001bc4c        0x0 ./zf_driver/zf_driver_delay.o
 .rela.text._fstat_r
                0x000000000001bc4c        0x0 ./zf_driver/zf_driver_delay.o
 .rela.text._isatty_r
                0x000000000001bc4c        0x0 ./zf_driver/zf_driver_delay.o
 .rela.text._lseek_r
                0x000000000001bc4c        0x0 ./zf_driver/zf_driver_delay.o
 .rela.text._read_r
                0x000000000001bc4c        0x0 ./zf_driver/zf_driver_delay.o
 .rela.text._close
                0x000000000001bc4c        0x0 ./zf_driver/zf_driver_delay.o
 .rela.text._fstat
                0x000000000001bc4c        0x0 ./zf_driver/zf_driver_delay.o
 .rela.text._isatty
                0x000000000001bc4c        0x0 ./zf_driver/zf_driver_delay.o
 .rela.text._lseek
                0x000000000001bc4c        0x0 ./zf_driver/zf_driver_delay.o
 .rela.text._read
                0x000000000001bc4c        0x0 ./zf_driver/zf_driver_delay.o
 .rela.text._sbrk
                0x000000000001bc4c        0x0 ./zf_driver/zf_driver_delay.o

.fini           0x000000000001bc4c        0x0
 *(SORT_NONE(.fini))
                0x000000000001bc4c                . = ALIGN (0x4)
                [!provide]                        PROVIDE (_etext = .)
                [!provide]                        PROVIDE (_eitcm = .)

.preinit_array  0x000000000001bc4c        0x0
                [!provide]                        PROVIDE (__preinit_array_start = .)
 *(.preinit_array)
                [!provide]                        PROVIDE (__preinit_array_end = .)

.init_array     0x000000000001bc4c        0x0
                [!provide]                        PROVIDE (__init_array_start = .)
 *(SORT_BY_INIT_PRIORITY(.init_array.*) SORT_BY_INIT_PRIORITY(.ctors.*))
 *(.init_array EXCLUDE_FILE(*crtend?.o *crtend.o *crtbegin?.o *crtbegin.o) .ctors)
                [!provide]                        PROVIDE (__init_array_end = .)

.fini_array     0x000000000001bc4c        0x0
                [!provide]                        PROVIDE (__fini_array_start = .)
 *(SORT_BY_INIT_PRIORITY(.fini_array.*) SORT_BY_INIT_PRIORITY(.dtors.*))
 *(.fini_array EXCLUDE_FILE(*crtend?.o *crtend.o *crtbegin?.o *crtbegin.o) .dtors)
                [!provide]                        PROVIDE (__fini_array_end = .)

.ctors
 *crtbegin.o(.ctors)
 *crtbegin?.o(.ctors)
 *(EXCLUDE_FILE(*crtend?.o *crtend.o) .ctors)
 *(SORT_BY_NAME(.ctors.*))
 *(.ctors)

.dtors
 *crtbegin.o(.dtors)
 *crtbegin?.o(.dtors)
 *(EXCLUDE_FILE(*crtend?.o *crtend.o) .dtors)
 *(SORT_BY_NAME(.dtors.*))
 *(.dtors)

.dalign         0x0000000020000040        0x0 load address 0x000000000001bc4c
                0x0000000020000040                . = ALIGN (0x4)
                0x0000000020000040                PROVIDE (_data_vma = .)

.dlalign        0x000000000001bc4c        0x0
                0x000000000001bc4c                . = ALIGN (0x4)
                0x000000000001bc4c                PROVIDE (_data_lma = .)

.data           0x0000000020000040      0x3a0 load address 0x000000000001bc4c
 *(.gnu.linkonce.r.*)
 *(.data .data.*)
 .data.encoder_dir_pin
                0x0000000020000040        0xa ./zf_driver/zf_driver_encoder.o
 *fill*         0x000000002000004a        0x2 
 .data.gpio_group
                0x000000002000004c       0x14 ./zf_driver/zf_driver_gpio.o
                0x000000002000004c                gpio_group
 .data.APBAHBPrescTable
                0x0000000020000060       0x10 ./sdk/Peripheral/ch32v30x_rcc.o
 .data.TAB_USB_FS_OSC_DESC
                0x0000000020000070       0x43 ./sdk/Peripheral/ch32v30x_usbotg_device.o
                0x0000000020000070                TAB_USB_FS_OSC_DESC
 *fill*         0x00000000200000b3        0x1 
 .data.crosswise_pid
                0x00000000200000b4       0x38 ./code/Motor.o
                0x00000000200000b4                crosswise_pid
 .data.Motor_Encode
                0x00000000200000ec       0x44 ./code/Motor.o
                0x00000000200000ec                Motor_Encode
 .data.camera_servo_PID
                0x0000000020000130       0x38 ./code/Motor.o
                0x0000000020000130                camera_servo_PID
 .data.impure_data