Archive member included to satisfy reference by file (symbol)

d:/app/mounriver_studio/toolchain/risc-v embedded gcc/bin/../lib/gcc/riscv-none-embed/8.2.0/../../../../riscv-none-embed/lib/rv32imafc/ilp32f\libm.a(lib_a-s_cos.o)
                              ./zf_device/zf_device_gnss.o (cos)
d:/app/mounriver_studio/toolchain/risc-v embedded gcc/bin/../lib/gcc/riscv-none-embed/8.2.0/../../../../riscv-none-embed/lib/rv32imafc/ilp32f\libm.a(lib_a-s_sin.o)
                              ./zf_device/zf_device_gnss.o (sin)
d:/app/mounriver_studio/toolchain/risc-v embedded gcc/bin/../lib/gcc/riscv-none-embed/8.2.0/../../../../riscv-none-embed/lib/rv32imafc/ilp32f\libm.a(lib_a-w_asin.o)
                              ./zf_device/zf_device_gnss.o (asin)
d:/app/mounriver_studio/toolchain/risc-v embedded gcc/bin/../lib/gcc/riscv-none-embed/8.2.0/../../../../riscv-none-embed/lib/rv32imafc/ilp32f\libm.a(lib_a-w_atan2.o)
                              ./zf_device/zf_device_gnss.o (atan2)
d:/app/mounriver_studio/toolchain/risc-v embedded gcc/bin/../lib/gcc/riscv-none-embed/8.2.0/../../../../riscv-none-embed/lib/rv32imafc/ilp32f\libm.a(lib_a-w_pow.o)
                              ./zf_device/zf_device_gnss.o (pow)
d:/app/mounriver_studio/toolchain/risc-v embedded gcc/bin/../lib/gcc/riscv-none-embed/8.2.0/../../../../riscv-none-embed/lib/rv32imafc/ilp32f\libm.a(lib_a-w_sqrt.o)
                              ./zf_device/zf_device_gnss.o (sqrt)
d:/app/mounriver_studio/toolchain/risc-v embedded gcc/bin/../lib/gcc/riscv-none-embed/8.2.0/../../../../riscv-none-embed/lib/rv32imafc/ilp32f\libm.a(lib_a-e_asin.o)
                              d:/app/mounriver_studio/toolchain/risc-v embedded gcc/bin/../lib/gcc/riscv-none-embed/8.2.0/../../../../riscv-none-embed/lib/rv32imafc/ilp32f\libm.a(lib_a-w_asin.o) (__ieee754_asin)
d:/app/mounriver_studio/toolchain/risc-v embedded gcc/bin/../lib/gcc/riscv-none-embed/8.2.0/../../../../riscv-none-embed/lib/rv32imafc/ilp32f\libm.a(lib_a-e_atan2.o)
                              d:/app/mounriver_studio/toolchain/risc-v embedded gcc/bin/../lib/gcc/riscv-none-embed/8.2.0/../../../../riscv-none-embed/lib/rv32imafc/ilp32f\libm.a(lib_a-w_atan2.o) (__ieee754_atan2)
d:/app/mounriver_studio/toolchain/risc-v embedded gcc/bin/../lib/gcc/riscv-none-embed/8.2.0/../../../../riscv-none-embed/lib/rv32imafc/ilp32f\libm.a(lib_a-e_pow.o)
                              d:/app/mounriver_studio/toolchain/risc-v embedded gcc/bin/../lib/gcc/riscv-none-embed/8.2.0/../../../../riscv-none-embed/lib/rv32imafc/ilp32f\libm.a(lib_a-w_pow.o) (__ieee754_pow)
d:/app/mounriver_studio/toolchain/risc-v embedded gcc/bin/../lib/gcc/riscv-none-embed/8.2.0/../../../../riscv-none-embed/lib/rv32imafc/ilp32f\libm.a(lib_a-e_rem_pio2.o)
                              d:/app/mounriver_studio/toolchain/risc-v embedded gcc/bin/../lib/gcc/riscv-none-embed/8.2.0/../../../../riscv-none-embed/lib/rv32imafc/ilp32f\libm.a(lib_a-s_cos.o) (__ieee754_rem_pio2)
d:/app/mounriver_studio/toolchain/risc-v embedded gcc/bin/../lib/gcc/riscv-none-embed/8.2.0/../../../../riscv-none-embed/lib/rv32imafc/ilp32f\libm.a(lib_a-e_sqrt.o)
                              d:/app/mounriver_studio/toolchain/risc-v embedded gcc/bin/../lib/gcc/riscv-none-embed/8.2.0/../../../../riscv-none-embed/lib/rv32imafc/ilp32f\libm.a(lib_a-w_sqrt.o) (__ieee754_sqrt)
d:/app/mounriver_studio/toolchain/risc-v embedded gcc/bin/../lib/gcc/riscv-none-embed/8.2.0/../../../../riscv-none-embed/lib/rv32imafc/ilp32f\libm.a(lib_a-k_cos.o)
                              d:/app/mounriver_studio/toolchain/risc-v embedded gcc/bin/../lib/gcc/riscv-none-embed/8.2.0/../../../../riscv-none-embed/lib/rv32imafc/ilp32f\libm.a(lib_a-s_cos.o) (__kernel_cos)
d:/app/mounriver_studio/toolchain/risc-v embedded gcc/bin/../lib/gcc/riscv-none-embed/8.2.0/../../../../riscv-none-embed/lib/rv32imafc/ilp32f\libm.a(lib_a-k_rem_pio2.o)
                              d:/app/mounriver_studio/toolchain/risc-v embedded gcc/bin/../lib/gcc/riscv-none-embed/8.2.0/../../../../riscv-none-embed/lib/rv32imafc/ilp32f\libm.a(lib_a-e_rem_pio2.o) (__kernel_rem_pio2)
d:/app/mounriver_studio/toolchain/risc-v embedded gcc/bin/../lib/gcc/riscv-none-embed/8.2.0/../../../../riscv-none-embed/lib/rv32imafc/ilp32f\libm.a(lib_a-k_sin.o)
                              d:/app/mounriver_studio/toolchain/risc-v embedded gcc/bin/../lib/gcc/riscv-none-embed/8.2.0/../../../../riscv-none-embed/lib/rv32imafc/ilp32f\libm.a(lib_a-s_cos.o) (__kernel_sin)
d:/app/mounriver_studio/toolchain/risc-v embedded gcc/bin/../lib/gcc/riscv-none-embed/8.2.0/../../../../riscv-none-embed/lib/rv32imafc/ilp32f\libm.a(lib_a-s_atan.o)
                              d:/app/mounriver_studio/toolchain/risc-v embedded gcc/bin/../lib/gcc/riscv-none-embed/8.2.0/../../../../riscv-none-embed/lib/rv32imafc/ilp32f\libm.a(lib_a-e_atan2.o) (atan)
[...]
Memory Configuration

Name             Origin             Length             Attributes
RAM              0x0000000020000040 0x000000000000fc00 xrw
FLASH            0x0000000000000000 0x0000000000040000 xr
*default*        0x0000000000000000 0xffffffffffffffff

Linker script and memory map

LOAD ./zf_driver/zf_driver_adc.o
LOAD ./zf_driver/zf_driver_delay.o
LOAD ./zf_driver/zf_driver_dvp.o
LOAD ./zf_driver/zf_driver_encoder.o
LOAD ./zf_driver/zf_driver_exti.o
LOAD ./zf_driver/zf_driver_flash.o
LOAD ./zf_driver/zf_driver_gpio.o
LOAD ./zf_driver/zf_driver_iic.o
LOAD ./zf_driver/zf_driver_pit.o
LOAD ./zf_driver/zf_driver_pwm.o
LOAD ./zf_driver/zf_driver_soft_iic.o
LOAD ./zf_driver/zf_driver_soft_spi.o
LOAD ./zf_driver/zf_driver_spi.o
LOAD ./zf_driver/zf_driver_timer.o
LOAD ./zf_driver/zf_driver_uart.o
LOAD ./zf_driver/zf_driver_usb_cdc.o
LOAD ./zf_device/zf_device_absolute_encoder.o
LOAD ./zf_device/zf_device_aht20.o
LOAD ./zf_device/zf_device_bluetooth_ch9141.o
LOAD ./zf_device/zf_device_camera.o
LOAD ./zf_device/zf_device_dl1a.o
LOAD ./zf_device/zf_device_dl1b.o
LOAD ./zf_device/zf_device_dm1xa.o
LOAD ./zf_device/zf_device_gnss.o
LOAD ./zf_device/zf_device_icm20602.o
LOAD ./zf_device/zf_device_imu660ra.o
LOAD ./zf_device/zf_device_imu963ra.o
LOAD ./zf_device/zf_device_ips114.o
LOAD ./zf_device/zf_device_ips200.o
LOAD ./zf_device/zf_device_k24c02.o
LOAD ./zf_device/zf_device_key.o
LOAD ./zf_device/zf_device_mpu6050.o
LOAD ./zf_device/zf_device_mt9v03x_dvp.o
LOAD ./zf_device/zf_device_oled.o
LOAD ./zf_device/zf_device_scc8660_dvp.o
LOAD ./zf_device/zf_device_tft180.o
LOAD ./zf_device/zf_device_type.o
LOAD ./zf_device/zf_device_virtual_oscilloscope.o
LOAD ./zf_device/zf_device_w25q32.o
LOAD ./zf_device/zf_device_wifi_spi.o
LOAD ./zf_device/zf_device_wifi_uart.o
LOAD ./zf_device/zf_device_wireless_ch573.o
LOAD ./zf_device/zf_device_wireless_uart.o
LOAD ./zf_components/seekfree_assistant.o
LOAD ./zf_components/seekfree_assistant_interface.o
LOAD ./zf_common/zf_common_clock.o
LOAD ./zf_common/zf_common_debug.o
LOAD ./zf_common/zf_common_fifo.o
LOAD ./zf_common/zf_common_font.o
LOAD ./zf_common/zf_common_function.o
LOAD ./zf_common/zf_common_interrupt.o
LOAD ./user_c/isr.o
LOAD ./user_c/main.o
LOAD ./sdk/Startup/startup_ch32v30x_D8C.o
LOAD ./sdk/Peripheral/ch32v30x_adc.o
LOAD ./sdk/Peripheral/ch32v30x_bkp.o
LOAD ./sdk/Peripheral/ch32v30x_can.o
LOAD ./sdk/Peripheral/ch32v30x_crc.o
LOAD ./sdk/Peripheral/ch32v30x_dac.o
LOAD ./sdk/Peripheral/ch32v30x_dbgmcu.o
LOAD ./sdk/Peripheral/ch32v30x_dma.o
LOAD ./sdk/Peripheral/ch32v30x_dvp.o
LOAD ./sdk/Peripheral/ch32v30x_eth.o
LOAD ./sdk/Peripheral/ch32v30x_exti.o
LOAD ./sdk/Peripheral/ch32v30x_flash.o
LOAD ./sdk/Peripheral/ch32v30x_fsmc.o
LOAD ./sdk/Peripheral/ch32v30x_gpio.o
LOAD ./sdk/Peripheral/ch32v30x_i2c.o
LOAD ./sdk/Peripheral/ch32v30x_iwdg.o
LOAD ./sdk/Peripheral/ch32v30x_misc.o
LOAD ./sdk/Peripheral/ch32v30x_opa.o
LOAD ./sdk/Peripheral/ch32v30x_pwr.o
LOAD ./sdk/Peripheral/ch32v30x_rcc.o
LOAD ./sdk/Peripheral/ch32v30x_rng.o
LOAD ./sdk/Peripheral/ch32v30x_rtc.o
LOAD ./sdk/Peripheral/ch32v30x_sdio.o
LOAD ./sdk/Peripheral/ch32v30x_spi.o
LOAD ./sdk/Peripheral/ch32v30x_tim.o
LOAD ./sdk/Peripheral/ch32v30x_usart.o
LOAD ./sdk/Peripheral/ch32v30x_usbotg_device.o
LOAD ./sdk/Peripheral/ch32v30x_wwdg.o
LOAD ./sdk/Core/core_riscv.o
LOAD ./code/Img_proc.o
LOAD ./code/Motor.o
LOAD ./code/PID.o
LOAD ./code/attitude_solution.o
LOAD ./code/barrier.o
LOAD ./code/circle.o
LOAD ./code/cross.o
LOAD ./code/garage.o
LOAD ./code/key.o
LOAD ./code/my_math.o
LOAD ./code/my_uart7.o
LOAD ./code/timer.o
LOAD d:/app/mounriver_studio/toolchain/risc-v embedded gcc/bin/../lib/gcc/riscv-none-embed/8.2.0/../../../../riscv-none-embed/lib/rv32imafc/ilp32f\libm.a
LOAD D:\新建文件夹\19Feisi_CAR\HoverShip_normal\libraries\zf_device\libzf_device_config.a
LOAD d:/app/mounriver_studio/toolchain/risc-v embedded gcc/bin/../lib/gcc/riscv-none-embed/8.2.0/rv32imafc/ilp32f\libgcc.a
LOAD d:/app/mounriver_studio/toolchain/risc-v embedded gcc/bin/../lib/gcc/riscv-none-embed/8.2.0/../../../../riscv-none-embed/lib/rv32imafc/ilp32f\libg_nano.a
LOAD d:/app/mounriver_studio/toolchain/risc-v embedded gcc/bin/../lib/gcc/riscv-none-embed/8.2.0/../../../../riscv-none-embed/lib/rv32imafc/ilp32f\libc_nano.a
LOAD d:/app/mounriver_studio/toolchain/risc-v embedded gcc/bin/../lib/gcc/riscv-none-embed/8.2.0/rv32imafc/ilp32f\libgcc.a
START GROUP
LOAD d:/app/mounriver_studio/toolchain/risc-v embedded gcc/bin/../lib/gcc/riscv-none-embed/8.2.0/rv32imafc/ilp32f\libgcc.a
LOAD d:/app/mounriver_studio/toolchain/risc-v embedded gcc/bin/../lib/gcc/riscv-none-embed/8.2.0/../../../../riscv-none-embed/lib/rv32imafc/ilp32f\libc_nano.a
LOAD d:/app/mounriver_studio/toolchain/risc-v embedded gcc/bin/../lib/gcc/riscv-none-embed/8.2.0/../../../../riscv-none-embed/lib/rv32imafc/ilp32f\libnosys.a
END GROUP
START GROUP
LOAD d:/app/mounriver_studio/toolchain/risc-v embedded gcc/bin/../lib/gcc/riscv-none-embed/8.2.0/rv32imafc/ilp32f\libgcc.a
LOAD d:/app/mounriver_studio/toolchain/risc-v embedded gcc/bin/../lib/gcc/riscv-none-embed/8.2.0/../../../../riscv-none-embed/lib/rv32imafc/ilp32f\libc_nano.a
LOAD d:/app/mounriver_studio/toolchain/risc-v embedded gcc/bin/../lib/gcc/riscv-none-embed/8.2.0/../../../../riscv-none-embed/lib/rv32imafc/ilp32f\libnosys.a
END GROUP
                0x0000000000000800                __stack_size = 0x800
                [!provide]                        PROVIDE (_stack_size = __stack_size)

.init           0x0000000000000000       0x38
                0x0000000000000000                _sinit = .
                0x0000000000000000                . = ALIGN (0x4)
 *(SORT_NONE(.init))
 .init          0x0000000000000000       0x38 ./sdk/Startup/startup_ch32v30x_D8C.o
                0x0000000000000000                _start
                0x0000000000000038                . = ALIGN (0x4)
                0x0000000000000038                _einit = .

.vector         0x0000000000000038      0x1c8
 *(.vector)
 .vector        0x0000000000000038      0x1a0 ./sdk/Startup/startup_ch32v30x_D8C.o
                0x0000000000000200                . = ALIGN (0x40)
 *fill*         0x00000000000001d8       0x28 

.text           0x0000000000000200    0x1bebc
                0x0000000000000200                . = ALIGN (0x4)
 *(.text)
 .text          0x0000000000000200       0xa8 d:/app/mounriver_studio/toolchain/risc-v embedded gcc/bin/../lib/gcc/riscv-none-embed/8.2.0/../../../../riscv-none-embed/lib/rv32imafc/ilp32f\libg_nano.a(lib_a-memset.o)
                0x0000000000000200                memset
 *(.text.*)
 .text.system_delay_ms
                0x00000000000002a8       0xa2 ./zf_driver/zf_driver_delay.o
                0x00000000000002a8                system_delay_ms
 .text.dvp_gpio_init
                0x000000000000034a      0x102 ./zf_driver/zf_driver_dvp.o
                0x000000000000034a                dvp_gpio_init
 .text.dvp_camera_init
                0x000000000000044c       0x8c ./zf_driver/zf_driver_dvp.o
                0x000000000000044c                dvp_camera_init
 .text.encoder_get_count
                0x00000000000004d8      0x14e ./zf_driver/zf_driver_encoder.o
                0x00000000000004d8                encoder_get_count
 .text.encoder_clear_count
                0x0000000000000626       0x9a ./zf_driver/zf_driver_encoder.o
                0x0000000000000626                encoder_clear_count
 .text.encoder_dir_init
                0x00000000000006c0      0x2ec ./zf_driver/zf_driver_encoder.o
                0x00000000000006c0                encoder_dir_init
 .text.gpio_set_level
                0x00000000000009ac       0x78 ./zf_driver/zf_driver_gpio.o
                0x00000000000009ac                gpio_set_level
 .text.gpio_get_level
                0x0000000000000a24       0x42 ./zf_driver/zf_driver_gpio.o
                0x0000000000000a24                gpio_get_level
 .text.gpio_toggle_level
                0x0000000000000a66       0x6a ./zf_driver/zf_driver_gpio.o
                0x0000000000000a66                gpio_toggle_level
 .text.gpio_init
                0x0000000000000ad0      0x15c ./zf_driver/zf_driver_gpio.o
                0x0000000000000ad0                gpio_init
 .text.pit_init
                0x0000000000000c2c      0x218 ./zf_driver/zf_driver_pit.o
                0x0000000000000c2c                pit_init
 .text.pwm_set_duty
                0x0000000000000e44      0x166 ./zf_driver/zf_driver_pwm.o
                0x0000000000000e44                pwm_set_duty
 .text.pwm_init
                0x0000000000000faa      0x416 ./zf_driver/zf_driver_pwm.o
                0x0000000000000faa                pwm_init
 .text.soft_iic_start
                0x00000000000013c0      0x128 ./zf_driver/zf_driver_soft_iic.o
 .text.soft_iic_stop
                0x00000000000014e8      0x142 ./zf_driver/zf_driver_soft_iic.o
 .text.soft_iic_send_ack
                0x000000000000162a      0x196 ./zf_driver/zf_driver_soft_iic.o
 .text.soft_iic_wait_ack
                0x00000000000017c0      0x160 ./zf_driver/zf_driver_soft_iic.o
 .text.soft_iic_send_data
                0x0000000000001920      0x16e ./zf_driver/zf_driver_soft_iic.o
 .text.soft_iic_read_data
                0x0000000000001a8e      0x1ea ./zf_driver/zf_driver_soft_iic.o
 .text.soft_iic_sccb_write_register
                0x0000000000001c78       0x80 ./zf_driver/zf_driver_soft_iic.o
                0x0000000000001c78                soft_iic_sccb_write_register
 .text.soft_iic_sccb_read_register
                0x0000000000001cf8       0xb4 ./zf_driver/zf_driver_soft_iic.o
                0x0000000000001cf8                soft_iic_sccb_read_register
 .text.soft_iic_init
                0x0000000000001dac       0xb2 ./zf_driver/zf_driver_soft_iic.o
                0x0000000000001dac                soft_iic_init
 .text.spi_write_8bit_register
                0x0000000000001e5e       0xc4 ./zf_driver/zf_driver_spi.o
                0x0000000000001e5e                spi_write_8bit_register
 .text.spi_write_8bit_registers
                0x0000000000001f22       0xba ./zf_driver/zf_driver_spi.o
                0x0000000000001f22                spi_write_8bit_registers
 .text.spi_read_8bit_registers
                0x0000000000001fdc       0xe4 ./zf_driver/zf_driver_spi.o
                0x0000000000001fdc                spi_read_8bit_registers
 .text.spi_init
                0x00000000000020c0      0x2d6 ./zf_driver/zf_driver_spi.o
                0x00000000000020c0                spi_init
 .text.timer_funciton_check
                0x0000000000002396       0x66 ./zf_driver/zf_driver_timer.o
                0x0000000000002396                timer_funciton_check
 .text.timer_clock_enable
                0x00000000000023fc       0xe2 ./zf_driver/zf_driver_timer.o
                0x00000000000023fc                timer_clock_enable
 .text.timer_get
                0x00000000000024de       0xfe ./zf_driver/zf_driver_timer.o
                0x00000000000024de                timer_get
 .text.timer_clear
                0x00000000000025dc       0xc4 ./zf_driver/zf_driver_timer.o
                0x00000000000025dc                timer_clear
 .text.uart_write_byte
                0x00000000000026a0       0x56 ./zf_driver/zf_driver_uart.o
                0x00000000000026a0                uart_write_byte
 .text.uart_write_buffer
                0x00000000000026f6       0x64 ./zf_driver/zf_driver_uart.o
                0x00000000000026f6                uart_write_buffer
 .text.uart_write_string
                0x000000000000275a       0x60 ./zf_driver/zf_driver_uart.o
                0x000000000000275a                uart_write_string
 .text.uart_rx_interrupt
                0x00000000000027ba       0x84 ./zf_driver/zf_driver_uart.o
                0x00000000000027ba                uart_rx_interrupt
 .text.uart_query_byte
                0x000000000000283e       0x5e ./zf_driver/zf_driver_uart.o
                0x000000000000283e                uart_query_byte
 .text.uart_init
                0x000000000000289c      0x5aa ./zf_driver/zf_driver_uart.o
                0x000000000000289c                uart_init
 .text.dm1xa_sound_callback
                0x0000000000002e46       0xf6 ./zf_device/zf_device_dm1xa.o
                0x0000000000002e46                dm1xa_sound_callback
 .text.dm1xa_light_callback
                0x0000000000002f3c       0x32 ./zf_device/zf_device_dm1xa.o
                0x0000000000002f3c                dm1xa_light_callback
 .text.gnss_uart_callback
                0x0000000000002f6e      0x15c ./zf_device/zf_device_gnss.o
                0x0000000000002f6e                gnss_uart_callback
 .text.imu660ra_write_register
                0x00000000000030ca       0x52 ./zf_device/zf_device_imu660ra.o
 .text.imu660ra_write_registers
                0x000000000000311c       0x54 ./zf_device/zf_device_imu660ra.o
 .text.imu660ra_read_register
                0x0000000000003170       0x58 ./zf_device/zf_device_imu660ra.o
 .text.imu660ra_read_registers
                0x00000000000031c8       0xa0 ./zf_device/zf_device_imu660ra.o
 .text.imu660ra_self_check
                0x0000000000003268       0x5a ./zf_device/zf_device_imu660ra.o
 .text.imu660ra_get_gyro
                0x00000000000032c2       0x7e ./zf_device/zf_device_imu660ra.o
                0x00000000000032c2                imu660ra_get_gyro
 .text.imu660ra_init
                0x0000000000003340      0x138 ./zf_device/zf_device_imu660ra.o
                0x0000000000003340                imu660ra_init
 .text.mt9v03x_set_config
                0x0000000000003478      0x132 ./zf_device/zf_device_mt9v03x_dvp.o
 .text.mt9v03x_get_config
                0x00000000000035aa      0x176 ./zf_device/zf_device_mt9v03x_dvp.o
 .text.mt9v03x_uart_check_id
                0x0000000000003720       0xda ./zf_device/zf_device_mt9v03x_dvp.o
 .text.mt9v03x_uart_handler
                0x00000000000037fa       0x4e ./zf_device/zf_device_mt9v03x_dvp.o
 .text.mt9v03x_dvp_handler
                0x0000000000003848       0x14 ./zf_device/zf_device_mt9v03x_dvp.o
                0x0000000000003848                mt9v03x_dvp_handler
 .text.mt9v03x_get_version
                0x000000000000385c       0xb0 ./zf_device/zf_device_mt9v03x_dvp.o
                0x000000000000385c                mt9v03x_get_version
 .text.mt9v03x_sccb_init
                0x000000000000390c       0xc2 ./zf_device/zf_device_mt9v03x_dvp.o
                0x000000000000390c                mt9v03x_sccb_init
 .text.mt9v03x_uart_init
                0x00000000000039ce      0x2ac ./zf_device/zf_device_mt9v03x_dvp.o
                0x00000000000039ce                mt9v03x_uart_init
 .text.mt9v03x_init
                0x0000000000003c7a       0xa4 ./zf_device/zf_device_mt9v03x_dvp.o
                0x0000000000003c7a                mt9v03x_init
 .text.type_default_callback
                0x0000000000003d1e        0xe ./zf_device/zf_device_type.o
 .text.set_camera_type
                0x0000000000003d2c       0x52 ./zf_device/zf_device_type.o
                0x0000000000003d2c                set_camera_type
 .text.set_wireless_type
                0x0000000000003d7e       0x36 ./zf_device/zf_device_type.o
                0x0000000000003d7e                set_wireless_type
 .text.wireless_uart_send_byte
                0x0000000000003db4       0x5e ./zf_device/zf_device_wireless_uart.o
                0x0000000000003db4                wireless_uart_send_byte
 .text.wireless_uart_send_buff
                0x0000000000003e12       0x9a ./zf_device/zf_device_wireless_uart.o
                0x0000000000003e12                wireless_uart_send_buff
 .text.wireless_uart_send_string
                0x0000000000003eac       0xa2 ./zf_device/zf_device_wireless_uart.o
                0x0000000000003eac                wireless_uart_send_string
 .text.wireless_uart_callback
                0x0000000000003f4e       0x24 ./zf_device/zf_device_wireless_uart.o
                0x0000000000003f4e                wireless_uart_callback
 .text.wireless_uart_init
                0x0000000000003f72       0x72 ./zf_device/zf_device_wireless_uart.o
                0x0000000000003f72                wireless_uart_init
 .text.clock_reset
                0x0000000000003fe4       0x76 ./zf_common/zf_common_clock.o
                0x0000000000003fe4                clock_reset
 .text.clock_set_freq
                0x000000000000405a      0x1de ./zf_common/zf_common_clock.o
                0x000000000000405a                clock_set_freq
 .text.clock_init
                0x0000000000004238       0x2e ./zf_common/zf_common_clock.o
                0x0000000000004238                clock_init
 .text.__NOP    0x0000000000004266       0x10 ./zf_common/zf_common_debug.o
 .text.debug_delay
                0x0000000000004276       0x52 ./zf_common/zf_common_debug.o
 .text.debug_protective_handler
                0x00000000000042c8        0xe ./zf_common/zf_common_debug.o
 .text.debug_uart_str_output
                0x00000000000042d6       0x20 ./zf_common/zf_common_debug.o
 .text.debug_output
                0x00000000000042f6      0x564 ./zf_common/zf_common_debug.o
 .text.debug_interrupr_handler
                0x000000000000485a       0x38 ./zf_common/zf_common_debug.o
                0x000000000000485a                debug_interrupr_handler
 .text._write   0x0000000000004892       0x7c ./zf_common/zf_common_debug.o
                0x0000000000004892                _write
 .text.debug_assert_handler
                0x000000000000490e       0x68 ./zf_common/zf_common_debug.o
                0x000000000000490e                debug_assert_handler
 .text.debug_log_handler
                0x0000000000004976       0x4e ./zf_common/zf_common_debug.o
                0x0000000000004976                debug_log_handler
 .text.debug_output_struct_init
                0x00000000000049c4       0x5a ./zf_common/zf_common_debug.o
                0x00000000000049c4                debug_output_struct_init
 .text.debug_output_init
                0x0000000000004a1e       0xa8 ./zf_common/zf_common_debug.o
                0x0000000000004a1e                debug_output_init
 .text.debug_init
                0x0000000000004ac6       0x6c ./zf_common/zf_common_debug.o
                0x0000000000004ac6                debug_init
 .text.fifo_head_offset
                0x0000000000004b32      0x184 ./zf_common/zf_common_fifo.o
 .text.fifo_end_offset
                0x0000000000004cb6      0x184 ./zf_common/zf_common_fifo.o
 .text.fifo_clear
                0x0000000000004e3a      0x24a ./zf_common/zf_common_fifo.o
                0x0000000000004e3a                fifo_clear
 .text.fifo_used
                0x0000000000005084       0x7a ./zf_common/zf_common_fifo.o
                0x0000000000005084                fifo_used
 .text.fifo_write_element
                0x00000000000050fe      0x260 ./zf_common/zf_common_fifo.o
                0x00000000000050fe                fifo_write_element
 .text.fifo_write_buffer
                0x000000000000535e      0x5ea ./zf_common/zf_common_fifo.o
                0x000000000000535e                fifo_write_buffer
 .text.fifo_read_buffer
                0x0000000000005948      0x5a4 ./zf_common/zf_common_fifo.o
                0x0000000000005948                fifo_read_buffer
 .text.fifo_init
                0x0000000000005eec      0x248 ./zf_common/zf_common_fifo.o
                0x0000000000005eec                fifo_init
 .text.__enable_irq
                0x0000000000006134       0x18 ./zf_common/zf_common_interrupt.o
 .text.__disable_irq
                0x000000000000614c       0x14 ./zf_common/zf_common_interrupt.o
 .text.NVIC_EnableIRQ
                0x0000000000006160       0x32 ./zf_common/zf_common_interrupt.o
 .text.NVIC_DisableIRQ
                0x0000000000006192       0x32 ./zf_common/zf_common_interrupt.o
 .text.NVIC_SetPriority
                0x00000000000061c4       0x2a ./zf_common/zf_common_interrupt.o
 .text.interrupt_enable
                0x00000000000061ee       0x1e ./zf_common/zf_common_interrupt.o
                0x00000000000061ee                interrupt_enable
 .text.interrupt_disable
                0x000000000000620c       0x1e ./zf_common/zf_common_interrupt.o
                0x000000000000620c                interrupt_disable
 .text.interrupt_set_priority
                0x000000000000622a       0x2a ./zf_common/zf_common_interrupt.o
                0x000000000000622a                interrupt_set_priority
 .text.interrupt_global_enable
                0x0000000000006254       0x32 ./zf_common/zf_common_interrupt.o
                0x0000000000006254                interrupt_global_enable
 .text.interrupt_global_disable
                0x0000000000006286       0x2c ./zf_common/zf_common_interrupt.o
                0x0000000000006286                interrupt_global_disable
 .text.interrupt_init
                0x00000000000062b2       0x18 ./zf_common/zf_common_interrupt.o
                0x00000000000062b2                interrupt_init
 .text.USART1_IRQHandler
                0x00000000000062ca       0xc4 ./user_c/isr.o
                0x00000000000062ca                USART1_IRQHandler
 .text.USART2_IRQHandler
                0x000000000000638e       0xc4 ./user_c/isr.o
                0x000000000000638e                USART2_IRQHandler
 .text.USART3_IRQHandler
                0x0000000000006452       0xc8 ./user_c/isr.o
                0x0000000000006452                USART3_IRQHandler
 .text.UART4_IRQHandler
                0x000000000000651a       0xc4 ./user_c/isr.o
                0x000000000000651a                UART4_IRQHandler
 .text.UART5_IRQHandler
                0x00000000000065de       0xc2 ./user_c/isr.o
                0x00000000000065de                UART5_IRQHandler
 .text.UART6_IRQHandler
                0x00000000000066a0       0xc4 ./user_c/isr.o
                0x00000000000066a0                UART6_IRQHandler
 .text.UART7_IRQHandler
                0x0000000000006764       0xca ./user_c/isr.o
                0x0000000000006764                UART7_IRQHandler
 .text.UART8_IRQHandler
                0x000000000000682e       0xc0 ./user_c/isr.o
                0x000000000000682e                UART8_IRQHandler
 .text.DVP_IRQHandler
                0x00000000000068ee       0xd0 ./user_c/isr.o
                0x00000000000068ee                DVP_IRQHandler
 .text.EXTI0_IRQHandler
                0x00000000000069be       0xb4 ./user_c/isr.o
                0x00000000000069be                EXTI0_IRQHandler
 .text.EXTI1_IRQHandler
                0x0000000000006a72       0xb4 ./user_c/isr.o
                0x0000000000006a72                EXTI1_IRQHandler
 .text.EXTI2_IRQHandler
                0x0000000000006b26       0xb4 ./user_c/isr.o
                0x0000000000006b26                EXTI2_IRQHandler
 .text.EXTI3_IRQHandler
                0x0000000000006bda       0xb4 ./user_c/isr.o
                0x0000000000006bda                EXTI3_IRQHandler
 .text.EXTI4_IRQHandler
                0x0000000000006c8e       0xb4 ./user_c/isr.o
                0x0000000000006c8e                EXTI4_IRQHandler
 .text.EXTI9_5_IRQHandler
                0x0000000000006d42      0x118 ./user_c/isr.o
                0x0000000000006d42                EXTI9_5_IRQHandler
 .text.EXTI15_10_IRQHandler
                0x0000000000006e5a      0x132 ./user_c/isr.o
                0x0000000000006e5a                EXTI15_10_IRQHandler
 .text.TIM1_UP_IRQHandler
                0x0000000000006f8c       0xc0 ./user_c/isr.o
                0x0000000000006f8c                TIM1_UP_IRQHandler
 .text.TIM2_IRQHandler
                0x000000000000704c       0xb8 ./user_c/isr.o
                0x000000000000704c                TIM2_IRQHandler
 .text.TIM3_IRQHandler
                0x0000000000007104       0xc0 ./user_c/isr.o
                0x0000000000007104                TIM3_IRQHandler
 .text.TIM4_IRQHandler
                0x00000000000071c4       0xc0 ./user_c/isr.o
                0x00000000000071c4                TIM4_IRQHandler
 .text.TIM5_IRQHandler
                0x0000000000007284       0xc4 ./user_c/isr.o
                0x0000000000007284                TIM5_IRQHandler
 .text.TIM6_IRQHandler
                0x0000000000007348      0x30c ./user_c/isr.o
                0x0000000000007348                TIM6_IRQHandler
 .text.TIM7_IRQHandler
                0x0000000000007654       0xc0 ./user_c/isr.o
                0x0000000000007654                TIM7_IRQHandler
 .text.TIM8_UP_IRQHandler
                0x0000000000007714       0xc0 ./user_c/isr.o
                0x0000000000007714                TIM8_UP_IRQHandler
 .text.TIM9_UP_IRQHandler
                0x00000000000077d4       0xc0 ./user_c/isr.o
                0x00000000000077d4                TIM9_UP_IRQHandler
 .text.TIM10_UP_IRQHandler
                0x0000000000007894       0xb8 ./user_c/isr.o
                0x0000000000007894                TIM10_UP_IRQHandler
 .text.NMI_Handler
                0x000000000000794c       0x10 ./user_c/isr.o
                0x000000000000794c                NMI_Handler
 .text.HardFault_Handler
                0x000000000000795c        0x8 ./user_c/isr.o
                0x000000000000795c                HardFault_Handler
 .text.main     0x0000000000007964      0x23c ./user_c/main.o
                0x0000000000007964                main
 .text.pit_hanlder
                0x0000000000007ba0       0x16 ./user_c/main.o
                0x0000000000007ba0                pit_hanlder
 .text.curve_exam
                0x0000000000007bb6      0x1ee ./user_c/main.o
                0x0000000000007bb6                curve_exam
 .text.normal_handle
                0x0000000000007da4       0x98 ./user_c/main.o
                0x0000000000007da4                normal_handle
 .text.ele_exam
                0x0000000000007e3c       0x46 ./user_c/main.o
                0x0000000000007e3c                ele_exam
 .text.control  0x0000000000007e82       0x70 ./user_c/main.o
                0x0000000000007e82                control
 .text.vector_handler
                0x0000000000007ef2       0xbe ./sdk/Startup/startup_ch32v30x_D8C.o
                0x0000000000007ef6                Ecall_M_Mode_Handler
                0x0000000000007ef8                Ecall_U_Mode_Handler
                0x0000000000007efa                Break_Point_Handler
                0x0000000000007efc                SysTick_Handler
                0x0000000000007efe                SW_Handler
                0x0000000000007f00                WWDG_IRQHandler
                0x0000000000007f02                PVD_IRQHandler
                0x0000000000007f04                TAMPER_IRQHandler
                0x0000000000007f06                RTC_IRQHandler
                0x0000000000007f08                FLASH_IRQHandler
                0x0000000000007f0a                RCC_IRQHandler
                0x0000000000007f16                DMA1_Channel1_IRQHandler
                0x0000000000007f18                DMA1_Channel2_IRQHandler
                0x0000000000007f1a                DMA1_Channel3_IRQHandler
                0x0000000000007f1c                DMA1_Channel4_IRQHandler
                0x0000000000007f1e                DMA1_Channel5_IRQHandler
                0x0000000000007f20                DMA1_Channel6_IRQHandler
                0x0000000000007f22                DMA1_Channel7_IRQHandler
                0x0000000000007f24                ADC1_2_IRQHandler
                0x0000000000007f26                USB_HP_CAN1_TX_IRQHandler
                0x0000000000007f28                USB_LP_CAN1_RX0_IRQHandler
                0x0000000000007f2a                CAN1_RX1_IRQHandler
                0x0000000000007f2c                CAN1_SCE_IRQHandler
                0x0000000000007f30                TIM1_BRK_IRQHandler
                0x0000000000007f34                TIM1_TRG_COM_IRQHandler
                0x0000000000007f36                TIM1_CC_IRQHandler
                0x0000000000007f3e                I2C1_EV_IRQHandler
                0x0000000000007f40                I2C1_ER_IRQHandler
                0x0000000000007f42                I2C2_EV_IRQHandler
                0x0000000000007f44                I2C2_ER_IRQHandler
                0x0000000000007f46                SPI1_IRQHandler
                0x0000000000007f48                SPI2_IRQHandler
                0x0000000000007f52                RTCAlarm_IRQHandler
                0x0000000000007f54                USBWakeUp_IRQHandler
                0x0000000000007f56                TIM8_BRK_IRQHandler
                0x0000000000007f5a                TIM8_TRG_COM_IRQHandler
                0x0000000000007f5c                TIM8_CC_IRQHandler
                0x0000000000007f5e                RNG_IRQHandler
                0x0000000000007f60                FSMC_IRQHandler
                0x0000000000007f62                SDIO_IRQHandler
                0x0000000000007f66                SPI3_IRQHandler
                0x0000000000007f70                DMA2_Channel1_IRQHandler
                0x0000000000007f72                DMA2_Channel2_IRQHandler
                0x0000000000007f74                DMA2_Channel3_IRQHandler
                0x0000000000007f76                DMA2_Channel4_IRQHandler
                0x0000000000007f78                DMA2_Channel5_IRQHandler
                0x0000000000007f7a                ETH_IRQHandler
                0x0000000000007f7c                ETH_WKUP_IRQHandler
                0x0000000000007f7e                CAN2_TX_IRQHandler
                0x0000000000007f80                CAN2_RX0_IRQHandler
                0x0000000000007f82                CAN2_RX1_IRQHandler
                0x0000000000007f84                CAN2_SCE_IRQHandler
                0x0000000000007f88                USBHSWakeup_IRQHandler
                0x0000000000007f8a                USBHS_IRQHandler
                0x0000000000007f94                TIM9_BRK_IRQHandler
                0x0000000000007f98                TIM9_TRG_COM_IRQHandler
                0x0000000000007f9a                TIM9_CC_IRQHandler
                0x0000000000007f9c                TIM10_BRK_IRQHandler
                0x0000000000007fa0                TIM10_TRG_COM_IRQHandler
                0x0000000000007fa2                TIM10_CC_IRQHandler
                0x0000000000007fa4                DMA2_Channel6_IRQHandler
                0x0000000000007fa6                DMA2_Channel7_IRQHandler
                0x0000000000007fa8                DMA2_Channel8_IRQHandler
                0x0000000000007faa                DMA2_Channel9_IRQHandler
                0x0000000000007fac                DMA2_Channel10_IRQHandler
                0x0000000000007fae                DMA2_Channel11_IRQHandler
 .text.handle_reset
                0x0000000000007fb0       0x8a ./sdk/Startup/startup_ch32v30x_D8C.o
                0x0000000000007fb0                handle_reset
 .text.EXTI_GetITStatus
                0x000000000000803a       0x56 ./sdk/Peripheral/ch32v30x_exti.o
                0x000000000000803a                EXTI_GetITStatus
 .text.EXTI_ClearITPendingBit
                0x0000000000008090       0x20 ./sdk/Peripheral/ch32v30x_exti.o
                0x0000000000008090                EXTI_ClearITPendingBit
 .text.GPIO_Init
                0x00000000000080b0      0x22a ./sdk/Peripheral/ch32v30x_gpio.o
                0x00000000000080b0                GPIO_Init
 .text.GPIO_WriteBit
                0x00000000000082da       0x38 ./sdk/Peripheral/ch32v30x_gpio.o
                0x00000000000082da                GPIO_WriteBit
 .text.GPIO_PinRemapConfig
                0x0000000000008312      0x1c8 ./sdk/Peripheral/ch32v30x_gpio.o
                0x0000000000008312                GPIO_PinRemapConfig
 .text.NVIC_EnableIRQ
                0x00000000000084da       0x32 ./sdk/Peripheral/ch32v30x_misc.o
 .text.NVIC_DisableIRQ
                0x000000000000850c       0x32 ./sdk/Peripheral/ch32v30x_misc.o
 .text.NVIC_SetPriority
                0x000000000000853e       0x2a ./sdk/Peripheral/ch32v30x_misc.o
 .text.NVIC_Init
                0x0000000000008568      0x23a ./sdk/Peripheral/ch32v30x_misc.o
                0x0000000000008568                NVIC_Init
 .text.RCC_GetClocksFreq
                0x00000000000087a2      0x2c6 ./sdk/Peripheral/ch32v30x_rcc.o
                0x00000000000087a2                RCC_GetClocksFreq
 .text.RCC_AHBPeriphClockCmd
                0x0000000000008a68       0x46 ./sdk/Peripheral/ch32v30x_rcc.o
                0x0000000000008a68                RCC_AHBPeriphClockCmd
 .text.RCC_APB2PeriphClockCmd
                0x0000000000008aae       0x46 ./sdk/Peripheral/ch32v30x_rcc.o
                0x0000000000008aae                RCC_APB2PeriphClockCmd
 .text.RCC_APB1PeriphClockCmd
                0x0000000000008af4       0x46 ./sdk/Peripheral/ch32v30x_rcc.o
                0x0000000000008af4                RCC_APB1PeriphClockCmd
 .text.RCC_APB2PeriphResetCmd
                0x0000000000008b3a       0x46 ./sdk/Peripheral/ch32v30x_rcc.o
                0x0000000000008b3a                RCC_APB2PeriphResetCmd
 .text.RCC_APB1PeriphResetCmd
                0x0000000000008b80       0x46 ./sdk/Peripheral/ch32v30x_rcc.o
                0x0000000000008b80                RCC_APB1PeriphResetCmd
 .text.SPI_I2S_DeInit
                0x0000000000008bc6       0x76 ./sdk/Peripheral/ch32v30x_spi.o
                0x0000000000008bc6                SPI_I2S_DeInit
 .text.SPI_Init
                0x0000000000008c3c       0xf8 ./sdk/Peripheral/ch32v30x_spi.o
                0x0000000000008c3c                SPI_Init
 .text.SPI_Cmd  0x0000000000008d34       0x5a ./sdk/Peripheral/ch32v30x_spi.o
                0x0000000000008d34                SPI_Cmd
 .text.TIM_TimeBaseInit
                0x0000000000008d8e      0x17e ./sdk/Peripheral/ch32v30x_tim.o
                0x0000000000008d8e                TIM_TimeBaseInit
 .text.TIM_OC1Init
                0x0000000000008f0c      0x19c ./sdk/Peripheral/ch32v30x_tim.o
                0x0000000000008f0c                TIM_OC1Init
 .text.TIM_OC2Init
                0x00000000000090a8      0x1e2 ./sdk/Peripheral/ch32v30x_tim.o
                0x00000000000090a8                TIM_OC2Init
 .text.TIM_OC3Init
                0x000000000000928a      0x1dc ./sdk/Peripheral/ch32v30x_tim.o
                0x000000000000928a                TIM_OC3Init
 .text.TIM_OC4Init
                0x0000000000009466      0x176 ./sdk/Peripheral/ch32v30x_tim.o
                0x0000000000009466                TIM_OC4Init
 .text.TIM_TimeBaseStructInit
                0x00000000000095dc       0x3c ./sdk/Peripheral/ch32v30x_tim.o
                0x00000000000095dc                TIM_TimeBaseStructInit
 .text.TIM_Cmd  0x0000000000009618       0x58 ./sdk/Peripheral/ch32v30x_tim.o
                0x0000000000009618                TIM_Cmd
 .text.TIM_CtrlPWMOutputs
                0x0000000000009670       0x60 ./sdk/Peripheral/ch32v30x_tim.o
                0x0000000000009670                TIM_CtrlPWMOutputs
 .text.TIM_ITConfig
                0x00000000000096d0       0x70 ./sdk/Peripheral/ch32v30x_tim.o
                0x00000000000096d0                TIM_ITConfig
 .text.TIM_ITRxExternalClockConfig
                0x0000000000009740       0x46 ./sdk/Peripheral/ch32v30x_tim.o
                0x0000000000009740                TIM_ITRxExternalClockConfig
 .text.TIM_SelectInputTrigger
                0x0000000000009786       0x4e ./sdk/Peripheral/ch32v30x_tim.o
                0x0000000000009786                TIM_SelectInputTrigger
 .text.TIM_OC1PreloadConfig
                0x00000000000097d4       0x4c ./sdk/Peripheral/ch32v30x_tim.o
                0x00000000000097d4                TIM_OC1PreloadConfig
 .text.TIM_OC2PreloadConfig
                0x0000000000009820       0x5a ./sdk/Peripheral/ch32v30x_tim.o
                0x0000000000009820                TIM_OC2PreloadConfig
 .text.TIM_OC3PreloadConfig
                0x000000000000987a       0x4c ./sdk/Peripheral/ch32v30x_tim.o
                0x000000000000987a                TIM_OC3PreloadConfig
 .text.TIM_OC4PreloadConfig
                0x00000000000098c6       0x5a ./sdk/Peripheral/ch32v30x_tim.o
                0x00000000000098c6                TIM_OC4PreloadConfig
 .text.TIM_OC1FastConfig
                0x0000000000009920       0x4c ./sdk/Peripheral/ch32v30x_tim.o
                0x0000000000009920                TIM_OC1FastConfig
 .text.TIM_OC2FastConfig
                0x000000000000996c       0x56 ./sdk/Peripheral/ch32v30x_tim.o
                0x000000000000996c                TIM_OC2FastConfig
 .text.TIM_OC3FastConfig
                0x00000000000099c2       0x4c ./sdk/Peripheral/ch32v30x_tim.o
                0x00000000000099c2                TIM_OC3FastConfig
 .text.TIM_OC4FastConfig
                0x0000000000009a0e       0x56 ./sdk/Peripheral/ch32v30x_tim.o
                0x0000000000009a0e                TIM_OC4FastConfig
 .text.TIM_GetITStatus
                0x0000000000009a64       0x70 ./sdk/Peripheral/ch32v30x_tim.o
                0x0000000000009a64                TIM_GetITStatus
 .text.TIM_ClearITPendingBit
                0x0000000000009ad4       0x2e ./sdk/Peripheral/ch32v30x_tim.o
                0x0000000000009ad4                TIM_ClearITPendingBit
 .text.USART_Init
                0x0000000000009b02      0x234 ./sdk/Peripheral/ch32v30x_usart.o
                0x0000000000009b02                USART_Init
 .text.USART_Cmd
                0x0000000000009d36       0x60 ./sdk/Peripheral/ch32v30x_usart.o
                0x0000000000009d36                USART_Cmd
 .text.USART_ITConfig
                0x0000000000009d96       0xc4 ./sdk/Peripheral/ch32v30x_usart.o
                0x0000000000009d96                USART_ITConfig
 .text.USART_SendData
                0x0000000000009e5a       0x2e ./sdk/Peripheral/ch32v30x_usart.o
                0x0000000000009e5a                USART_SendData
 .text.USART_GetFlagStatus
                0x0000000000009e88       0x46 ./sdk/Peripheral/ch32v30x_usart.o
                0x0000000000009e88                USART_GetFlagStatus
 .text.USART_GetITStatus
                0x0000000000009ece      0x102 ./sdk/Peripheral/ch32v30x_usart.o
                0x0000000000009ece                USART_GetITStatus
 .text.USART_ClearITPendingBit
                0x0000000000009fd0       0x4e ./sdk/Peripheral/ch32v30x_usart.o
                0x0000000000009fd0                USART_ClearITPendingBit
 .text.DevEP1_IN_Deal
                0x000000000000a01e       0x3e ./sdk/Peripheral/ch32v30x_usbotg_device.o
                0x000000000000a01e                DevEP1_IN_Deal
 .text.DevEP2_IN_Deal
                0x000000000000a05c       0x3e ./sdk/Peripheral/ch32v30x_usbotg_device.o
                0x000000000000a05c                DevEP2_IN_Deal
 .text.DevEP1_OUT_Deal
                0x000000000000a09a       0x66 ./sdk/Peripheral/ch32v30x_usbotg_device.o
                0x000000000000a09a                DevEP1_OUT_Deal
 .text.DevEP2_OUT_Deal
                0x000000000000a100       0x66 ./sdk/Peripheral/ch32v30x_usbotg_device.o
                0x000000000000a100                DevEP2_OUT_Deal
 .text.OTG_FS_IRQHandler
                0x000000000000a166      0xd16 ./sdk/Peripheral/ch32v30x_usbotg_device.o
                0x000000000000a166                OTG_FS_IRQHandler
 .text.point_init
                0x000000000000ae7c       0x2a ./code/Img_proc.o
                0x000000000000ae7c                point_init
 .text.imag_var_init
                0x000000000000aea6      0x1f2 ./code/Img_proc.o
                0x000000000000aea6                imag_var_init
 .text.getOSTUthreshold
                0x000000000000b098      0x338 ./code/Img_proc.o
                0x000000000000b098                getOSTUthreshold
 .text.binarization
                0x000000000000b3d0       0x7a ./code/Img_proc.o
                0x000000000000b3d0                binarization
 .text.find_longest_white_column
                0x000000000000b44a      0x3f4 ./code/Img_proc.o
                0x000000000000b44a                find_longest_white_column
 .text.find_L_down_seed
                0x000000000000b83e      0x126 ./code/Img_proc.o
                0x000000000000b83e                find_L_down_seed
 .text.find_R_down_seed
                0x000000000000b964      0x128 ./code/Img_proc.o
                0x000000000000b964                find_R_down_seed
 .text.find_L_up_seed
                0x000000000000ba8c      0x124 ./code/Img_proc.o
                0x000000000000ba8c                find_L_up_seed
 .text.find_R_up_seed
                0x000000000000bbb0      0x126 ./code/Img_proc.o
                0x000000000000bbb0                find_R_up_seed
 .text.findline_lefthand_up
                0x000000000000bcd6      0x34c ./code/Img_proc.o
                0x000000000000bcd6                findline_lefthand_up
 .text.findline_righthand_up
                0x000000000000c022      0x35e ./code/Img_proc.o
                0x000000000000c022                findline_righthand_up
 .text.findline_righthand_down
                0x000000000000c380      0x3be ./code/Img_proc.o
                0x000000000000c380                findline_righthand_down
 .text.findline_lefthand_down
                0x000000000000c73e      0x3ce ./code/Img_proc.o
                0x000000000000c73e                findline_lefthand_down
 .text.find_L_down_straight_inflection
                0x000000000000cb0c       0xb2 ./code/Img_proc.o
                0x000000000000cb0c                find_L_down_straight_inflection
 .text.find_R_down_straight_inflection
                0x000000000000cbbe       0xb2 ./code/Img_proc.o
                0x000000000000cbbe                find_R_down_straight_inflection
 .text.find_L_up_straight_inflection
                0x000000000000cc70       0xaa ./code/Img_proc.o
                0x000000000000cc70                find_L_up_straight_inflection
 .text.find_R_up_straight_inflection
                0x000000000000cd1a       0xaa ./code/Img_proc.o
                0x000000000000cd1a                find_R_up_straight_inflection
 .text.find_circle_L_up
                0x000000000000cdc4       0xbc ./code/Img_proc.o
                0x000000000000cdc4                find_circle_L_up
 .text.find_circle_R_down
                0x000000000000ce80      0x25e ./code/Img_proc.o
                0x000000000000ce80                find_circle_R_down
 .text.L_circle_entry_check
                0x000000000000d0de      0x11a ./code/Img_proc.o
                0x000000000000d0de                L_circle_entry_check
 .text.find_circle_L_down
                0x000000000000d1f8      0x252 ./code/Img_proc.o
                0x000000000000d1f8                find_circle_L_down
 .text.find_circle_R_up
                0x000000000000d44a       0xbc ./code/Img_proc.o
                0x000000000000d44a                find_circle_R_up
 .text.R_circle_entry_check
                0x000000000000d506      0x12c ./code/Img_proc.o
                0x000000000000d506                R_circle_entry_check
 .text.V_point_check
                0x000000000000d632      0x1a2 ./code/Img_proc.o
                0x000000000000d632                V_point_check
 .text.get_lose_line
                0x000000000000d7d4       0x80 ./code/Img_proc.o
                0x000000000000d7d4                get_lose_line
 .text.calculate_mid_line
                0x000000000000d854       0x8a ./code/Img_proc.o
                0x000000000000d854                calculate_mid_line
 .text.motor_init
                0x000000000000d8de      0x104 ./code/Motor.o
                0x000000000000d8de                motor_init
 .text.MOTOR_SET_PWM
                0x000000000000d9e2       0x6e ./code/Motor.o
                0x000000000000d9e2                MOTOR_SET_PWM
 .text.FAN_SET_PWM
                0x000000000000da50       0xda ./code/Motor.o
                0x000000000000da50                FAN_SET_PWM
 .text.BRUSHLESS_SET_PWM
                0x000000000000db2a       0x48 ./code/Motor.o
                0x000000000000db2a                BRUSHLESS_SET_PWM
 .text.PID_Calc
                0x000000000000db72      0x13c ./code/PID.o
                0x000000000000db72                PID_Calc
 .text.Increment_Pid
                0x000000000000dcae       0xb8 ./code/PID.o
                0x000000000000dcae                Increment_Pid
 .text.barrier_check
                0x000000000000dd66      0x150 ./code/barrier.o
                0x000000000000dd66                barrier_check
 .text.barrier_handle
                0x000000000000deb6      0x184 ./code/barrier.o
                0x000000000000deb6                barrier_handle
 .text.circle_check
                0x000000000000e03a      0x16a ./code/circle.o
                0x000000000000e03a                circle_check
 .text.circle_handle
                0x000000000000e1a4      0xad4 ./code/circle.o
                0x000000000000e1a4                circle_handle
 .text.cross_check
                0x000000000000ec78      0x186 ./code/cross.o
                0x000000000000ec78                cross_check
 .text.cross_handle
                0x000000000000edfe     0x1050 ./code/cross.o
                0x000000000000edfe                cross_handle
 .text.garage_check
                0x000000000000fe4e      0x1fe ./code/garage.o
                0x000000000000fe4e                garage_check
 .text.garage_handle
                0x000000000001004c       0xd2 ./code/garage.o
                0x000000000001004c                garage_handle
 .text.key_gpio_init
                0x000000000001011e       0x70 ./code/key.o
                0x000000000001011e                key_gpio_init
 .text.key_scan
                0x000000000001018e       0xec ./code/key.o
                0x000000000001018e                key_scan
 .text.regression
                0x000000000001027a      0x230 ./code/my_math.o
                0x000000000001027a                regression
 .text.calculate_variance
                0x00000000000104aa      0x180 ./code/my_math.o
                0x00000000000104aa                calculate_variance
 .text.line_assignment
                0x000000000001062a       0xd2 ./code/my_math.o
                0x000000000001062a                line_assignment
 .text.two_points_fitting_line
                0x00000000000106fc       0xac ./code/my_math.o
                0x00000000000106fc                two_points_fitting_line
 .text.Get_intData
                0x00000000000107a8      0x36c ./code/my_uart7.o
                0x00000000000107a8                Get_intData
 .text.WIRELESS_Param_Adjust
                0x0000000000010b14      0x666 ./code/my_uart7.o
                0x0000000000010b14                WIRELESS_Param_Adjust
 .text.wireless_uart_handle
                0x000000000001117a       0xc0 ./code/my_uart7.o
                0x000000000001117a                wireless_uart_handle
 .text.TIM6_Int_Init
                0x000000000001123a       0x86 ./code/timer.o
                0x000000000001123a                TIM6_Int_Init
 .text.pow      0x00000000000112c0      0x324 d:/app/mounriver_studio/toolchain/risc-v embedded gcc/bin/../lib/gcc/riscv-none-embed/8.2.0/../../../../riscv-none-embed/lib/rv32imafc/ilp32f\libm.a(lib_a-w_pow.o)
                0x00000000000112c0                pow
 .text.__ieee754_pow
                0x00000000000115e4      0xad6 d:/app/mounriver_studio/toolchain/risc-v embedded gcc/bin/../lib/gcc/riscv-none-embed/8.2.0/../../../../riscv-none-embed/lib/rv32imafc/ilp32f\libm.a(lib_a-e_pow.o)
                0x00000000000115e4                __ieee754_pow
 .text.__ieee754_sqrt
                0x00000000000120ba      0x1d6 d:/app/mounriver_studio/toolchain/risc-v embedded gcc/bin/../lib/gcc/riscv-none-embed/8.2.0/../../../../riscv-none-embed/lib/rv32imafc/ilp32f\libm.a(lib_a-e_sqrt.o)
                0x00000000000120ba                __ieee754_sqrt
 .text.fabs     0x0000000000012290        0x6 d:/app/mounriver_studio/toolchain/risc-v embedded gcc/bin/../lib/gcc/riscv-none-embed/8.2.0/../../../../riscv-none-embed/lib/rv32imafc/ilp32f\libm.a(lib_a-s_fabs.o)
                0x0000000000012290                fabs
 .text.finite   0x0000000000012296        0xe d:/app/mounriver_studio/toolchain/risc-v embedded gcc/bin/../lib/gcc/riscv-none-embed/8.2.0/../../../../riscv-none-embed/lib/rv32imafc/ilp32f\libm.a(lib_a-s_finite.o)
                0x0000000000012296                finite
 .text.matherr  0x00000000000122a4        0x4 d:/app/mounriver_studio/toolchain/risc-v embedded gcc/bin/../lib/gcc/riscv-none-embed/8.2.0/../../../../riscv-none-embed/lib/rv32imafc/ilp32f\libm.a(lib_a-s_matherr.o)
                0x00000000000122a4                matherr
 .text.nan      0x00000000000122a8        0xe d:/app/mounriver_studio/toolchain/risc-v embedded gcc/bin/../lib/gcc/riscv-none-embed/8.2.0/../../../../riscv-none-embed/lib/rv32imafc/ilp32f\libm.a(lib_a-s_nan.o)
                0x00000000000122a8                nan
 .text.rint     0x00000000000122b6      0x18c d:/app/mounriver_studio/toolchain/risc-v embedded gcc/bin/../lib/gcc/riscv-none-embed/8.2.0/../../../../riscv-none-embed/lib/rv32imafc/ilp32f\libm.a(lib_a-s_rint.o)
                0x00000000000122b6                rint
 .text.scalbn   0x0000000000012442      0x140 d:/app/mounriver_studio/toolchain/risc-v embedded gcc/bin/../lib/gcc/riscv-none-embed/8.2.0/../../../../riscv-none-embed/lib/rv32imafc/ilp32f\libm.a(lib_a-s_scalbn.o)
                0x0000000000012442                scalbn
 .text.copysign
                0x0000000000012582       0x16 d:/app/mounriver_studio/toolchain/risc-v embedded gcc/bin/../lib/gcc/riscv-none-embed/8.2.0/../../../../riscv-none-embed/lib/rv32imafc/ilp32f\libm.a(lib_a-s_copysign.o)
                0x0000000000012582                copysign
 .text.mt9v03x_write_and_check_word_sccb
                0x0000000000012598       0x92 D:\新建文件夹\19Feisi_CAR\HoverShip_normal\libraries\zf_device\libzf_device_config.a(zf_device_config.o)
 .text.mt9v03x_write_word_sccb
                0x000000000001262a       0x34 D:\新建文件夹\19Feisi_CAR\HoverShip_normal\libraries\zf_device\libzf_device_config.a(zf_device_config.o)
 .text.mt9v03x_read_word_sccb.constprop.0
                0x000000000001265e       0x36 D:\新建文件夹\19Feisi_CAR\HoverShip_normal\libraries\zf_device\libzf_device_config.a(zf_device_config.o)
 .text.mt9v03x_sccb_check_id
                0x0000000000012694       0x5e D:\新建文件夹\19Feisi_CAR\HoverShip_normal\libraries\zf_device\libzf_device_config.a(zf_device_config.o)
                0x0000000000012694                mt9v03x_sccb_check_id
 .text.mt9v03x_sccb_set_config
                0x00000000000126f2      0x5a2 D:\新建文件夹\19Feisi_CAR\HoverShip_normal\libraries\zf_device\libzf_device_config.a(zf_device_config.o)
                0x00000000000126f2                mt9v03x_sccb_set_config
 .text.__fixsfdi
                0x0000000000012c94       0x2a d:/app/mounriver_studio/toolchain/risc-v embedded gcc/bin/../lib/gcc/riscv-none-embed/8.2.0/rv32imafc/ilp32f\libgcc.a(_fixsfdi.o)
                0x0000000000012c94                __fixsfdi
 .text.__fixunssfdi
                0x0000000000012cbe       0x5a d:/app/mounriver_studio/toolchain/risc-v embedded gcc/bin/../lib/gcc/riscv-none-embed/8.2.0/rv32imafc/ilp32f\libgcc.a(_fixunssfdi.o)
                0x0000000000012cbe                __fixunssfdi
 .text.__floatdisf
                0x0000000000012d18       0x7c d:/app/mounriver_studio/toolchain/risc-v embedded gcc/bin/../lib/gcc/riscv-none-embed/8.2.0/rv32imafc/ilp32f\libgcc.a(_floatdisf.o)
                0x0000000000012d18                __floatdisf
 .text.__adddf3
                0x0000000000012d94      0xa0e d:/app/mounriver_studio/toolchain/risc-v embedded gcc/bin/../lib/gcc/riscv-none-embed/8.2.0/rv32imafc/ilp32f\libgcc.a(adddf3.o)
                0x0000000000012d94                __adddf3
 .text.__divdf3
                0x00000000000137a2      0x7ea d:/app/mounriver_studio/toolchain/risc-v embedded gcc/bin/../lib/gcc/riscv-none-embed/8.2.0/rv32imafc/ilp32f\libgcc.a(divdf3.o)
                0x00000000000137a2                __divdf3
 .text.__eqdf2  0x0000000000013f8c       0x98 d:/app/mounriver_studio/toolchain/risc-v embedded gcc/bin/../lib/gcc/riscv-none-embed/8.2.0/rv32imafc/ilp32f\libgcc.a(eqdf2.o)
                0x0000000000013f8c                __nedf2
                0x0000000000013f8c                __eqdf2
 .text.__gedf2  0x0000000000014024       0xb6 d:/app/mounriver_studio/toolchain/risc-v embedded gcc/bin/../lib/gcc/riscv-none-embed/8.2.0/rv32imafc/ilp32f\libgcc.a(gedf2.o)
                0x0000000000014024                __gedf2
                0x0000000000014024                __gtdf2
 .text.__ledf2  0x00000000000140da       0xb6 d:/app/mounriver_studio/toolchain/risc-v embedded gcc/bin/../lib/gcc/riscv-none-embed/8.2.0/rv32imafc/ilp32f\libgcc.a(ledf2.o)
                0x00000000000140da                __ledf2
                0x00000000000140da                __ltdf2
 .text.__muldf3
                0x0000000000014190      0x656 d:/app/mounriver_studio/toolchain/risc-v embedded gcc/bin/../lib/gcc/riscv-none-embed/8.2.0/rv32imafc/ilp32f\libgcc.a(muldf3.o)
                0x0000000000014190                __muldf3
 .text.__subdf3
                0x00000000000147e6      0xa8c d:/app/mounriver_studio/toolchain/risc-v embedded gcc/bin/../lib/gcc/riscv-none-embed/8.2.0/rv32imafc/ilp32f\libgcc.a(subdf3.o)
                0x00000000000147e6                __subdf3
 .text.__unorddf2
                0x0000000000015272       0x7c d:/app/mounriver_studio/toolchain/risc-v embedded gcc/bin/../lib/gcc/riscv-none-embed/8.2.0/rv32imafc/ilp32f\libgcc.a(unorddf2.o)
                0x0000000000015272                __unorddf2
 .text.__fixdfsi
                0x00000000000152ee       0xd8 d:/app/mounriver_studio/toolchain/risc-v embedded gcc/bin/../lib/gcc/riscv-none-embed/8.2.0/rv32imafc/ilp32f\libgcc.a(fixdfsi.o)
                0x00000000000152ee                __fixdfsi
 .text.__fixunsdfsi
                0x00000000000153c6       0x9e d:/app/mounriver_studio/toolchain/risc-v embedded gcc/bin/../lib/gcc/riscv-none-embed/8.2.0/rv32imafc/ilp32f\libgcc.a(fixunsdfsi.o)
                0x00000000000153c6                __fixunsdfsi
 .text.__floatsidf
                0x0000000000015464       0x70 d:/app/mounriver_studio/toolchain/risc-v embedded gcc/bin/../lib/gcc/riscv-none-embed/8.2.0/rv32imafc/ilp32f\libgcc.a(floatsidf.o)
                0x0000000000015464                __floatsidf
 .text.__floatunsidf
                0x00000000000154d4       0x66 d:/app/mounriver_studio/toolchain/risc-v embedded gcc/bin/../lib/gcc/riscv-none-embed/8.2.0/rv32imafc/ilp32f\libgcc.a(floatunsidf.o)
                0x00000000000154d4                __floatunsidf
 .text.__extendsfdf2
                0x000000000001553a       0xe8 d:/app/mounriver_studio/toolchain/risc-v embedded gcc/bin/../lib/gcc/riscv-none-embed/8.2.0/rv32imafc/ilp32f\libgcc.a(extendsfdf2.o)
                0x000000000001553a                __extendsfdf2
 .text.__truncdfsf2
                0x0000000000015622      0x31e d:/app/mounriver_studio/toolchain/risc-v embedded gcc/bin/../lib/gcc/riscv-none-embed/8.2.0/rv32imafc/ilp32f\libgcc.a(truncdfsf2.o)
                0x0000000000015622                __truncdfsf2
 .text.__clzsi2
                0x0000000000015940       0x76 d:/app/mounriver_studio/toolchain/risc-v embedded gcc/bin/../lib/gcc/riscv-none-embed/8.2.0/rv32imafc/ilp32f\libgcc.a(_clzsi2.o)
                0x0000000000015940                __clzsi2
 .text.__errno  0x00000000000159b6        0x8 d:/app/mounriver_studio/toolchain/risc-v embedded gcc/bin/../lib/gcc/riscv-none-embed/8.2.0/../../../../riscv-none-embed/lib/rv32imafc/ilp32f\libg_nano.a(lib_a-errno.o)
                0x00000000000159b6                __errno
 .text.malloc   0x00000000000159be        0xa d:/app/mounriver_studio/toolchain/risc-v embedded gcc/bin/../lib/gcc/riscv-none-embed/8.2.0/../../../../riscv-none-embed/lib/rv32imafc/ilp32f\libg_nano.a(lib_a-malloc.o)
                0x00000000000159be                malloc
 .text.free     0x00000000000159c8        0xa d:/app/mounriver_studio/toolchain/risc-v embedded gcc/bin/../lib/gcc/riscv-none-embed/8.2.0/../../../../riscv-none-embed/lib/rv32imafc/ilp32f\libg_nano.a(lib_a-malloc.o)
                0x00000000000159c8                free
 .text.memcpy   0x00000000000159d2       0xb6 d:/app/mounriver_studio/toolchain/risc-v embedded gcc/bin/../lib/gcc/riscv-none-embed/8.2.0/../../../../riscv-none-embed/lib/rv32imafc/ilp32f\libg_nano.a(lib_a-memcpy.o)
                0x00000000000159d2                memcpy
 .text._free_r  0x0000000000015a88       0xa8 d:/app/mounriver_studio/toolchain/risc-v embedded gcc/bin/../lib/gcc/riscv-none-embed/8.2.0/../../../../riscv-none-embed/lib/rv32imafc/ilp32f\libg_nano.a(lib_a-nano-freer.o)
                0x0000000000015a88                _free_r
 .text._malloc_r
                0x0000000000015b30       0xda d:/app/mounriver_studio/toolchain/risc-v embedded gcc/bin/../lib/gcc/riscv-none-embed/8.2.0/../../../../riscv-none-embed/lib/rv32imafc/ilp32f\libg_nano.a(lib_a-nano-mallocr.o)
                0x0000000000015b30                _malloc_r
 .text.__cvt    0x0000000000015c0a       0xee d:/app/mounriver_studio/toolchain/risc-v embedded gcc/bin/../lib/gcc/riscv-none-embed/8.2.0/../../../../riscv-none-embed/lib/rv32imafc/ilp32f\libg_nano.a(lib_a-nano-vfprintf_float.o)
                0x0000000000015c0a                __cvt
 .text.__exponent
                0x0000000000015cf8       0x8c d:/app/mounriver_studio/toolchain/risc-v embedded gcc/bin/../lib/gcc/riscv-none-embed/8.2.0/../../../../riscv-none-embed/lib/rv32imafc/ilp32f\libg_nano.a(lib_a-nano-vfprintf_float.o)
                0x0000000000015cf8                __exponent
 .text._printf_float
                0x0000000000015d84      0x4c4 d:/app/mounriver_studio/toolchain/risc-v embedded gcc/bin/../lib/gcc/riscv-none-embed/8.2.0/../../../../riscv-none-embed/lib/rv32imafc/ilp32f\libg_nano.a(lib_a-nano-vfprintf_float.o)
                0x0000000000015d84                _printf_float
 .text._printf_common
                0x0000000000016248      0x10c d:/app/mounriver_studio/toolchain/risc-v embedded gcc/bin/../lib/gcc/riscv-none-embed/8.2.0/../../../../riscv-none-embed/lib/rv32imafc/ilp32f\libg_nano.a(lib_a-nano-vfprintf_i.o)
                0x0000000000016248                _printf_common
 .text._printf_i
                0x0000000000016354      0x2ac d:/app/mounriver_studio/toolchain/risc-v embedded gcc/bin/../lib/gcc/riscv-none-embed/8.2.0/../../../../riscv-none-embed/lib/rv32imafc/ilp32f\libg_nano.a(lib_a-nano-vfprintf_i.o)
                0x0000000000016354                _printf_i
 .text.printf   0x0000000000016600       0x42 d:/app/mounriver_studio/toolchain/risc-v embedded gcc/bin/../lib/gcc/riscv-none-embed/8.2.0/../../../../riscv-none-embed/lib/rv32imafc/ilp32f\libg_nano.a(lib_a-printf.o)
                0x0000000000016600                iprintf
                0x0000000000016600                printf
 .text._puts_r  0x0000000000016642       0xde d:/app/mounriver_studio/toolchain/risc-v embedded gcc/bin/../lib/gcc/riscv-none-embed/8.2.0/../../../../riscv-none-embed/lib/rv32imafc/ilp32f\libg_nano.a(lib_a-puts.o)
                0x0000000000016642                _puts_r
 .text.puts     0x0000000000016720        0xc d:/app/mounriver_studio/toolchain/risc-v embedded gcc/bin/../lib/gcc/riscv-none-embed/8.2.0/../../../../riscv-none-embed/lib/rv32imafc/ilp32f\libg_nano.a(lib_a-puts.o)
                0x0000000000016720                puts
 .text._sbrk_r  0x000000000001672c       0x32 d:/app/mounriver_studio/toolchain/risc-v embedded gcc/bin/../lib/gcc/riscv-none-embed/8.2.0/../../../../riscv-none-embed/lib/rv32imafc/ilp32f\libg_nano.a(lib_a-sbrkr.o)
                0x000000000001672c                _sbrk_r
 .text.sprintf  0x000000000001675e       0x46 d:/app/mounriver_studio/toolchain/risc-v embedded gcc/bin/../lib/gcc/riscv-none-embed/8.2.0/../../../../riscv-none-embed/lib/rv32imafc/ilp32f\libg_nano.a(lib_a-sprintf.o)
                0x000000000001675e                siprintf
                0x000000000001675e                sprintf
 .text.strlen   0x00000000000167a4       0x12 d:/app/mounriver_studio/toolchain/risc-v embedded gcc/bin/../lib/gcc/riscv-none-embed/8.2.0/../../../../riscv-none-embed/lib/rv32imafc/ilp32f\libg_nano.a(lib_a-strlen.o)
                0x00000000000167a4                strlen
 .text.strncmp  0x00000000000167b6       0x2c d:/app/mounriver_studio/toolchain/risc-v embedded gcc/bin/../lib/gcc/riscv-none-embed/8.2.0/../../../../riscv-none-embed/lib/rv32imafc/ilp32f\libg_nano.a(lib_a-strncmp.o)
                0x00000000000167b6                strncmp
 .text.__swbuf_r
                0x00000000000167e2       0xc6 d:/app/mounriver_studio/toolchain/risc-v embedded gcc/bin/../lib/gcc/riscv-none-embed/8.2.0/../../../../riscv-none-embed/lib/rv32imafc/ilp32f\libg_nano.a(lib_a-wbuf.o)
                0x00000000000167e2                __swbuf_r
 .text.__swsetup_r
                0x00000000000168a8      0x112 d:/app/mounriver_studio/toolchain/risc-v embedded gcc/bin/../lib/gcc/riscv-none-embed/8.2.0/../../../../riscv-none-embed/lib/rv32imafc/ilp32f\libg_nano.a(lib_a-wsetup.o)
                0x00000000000168a8                __swsetup_r
 .text.quorem   0x00000000000169ba      0x13a d:/app/mounriver_studio/toolchain/risc-v embedded gcc/bin/../lib/gcc/riscv-none-embed/8.2.0/../../../../riscv-none-embed/lib/rv32imafc/ilp32f\libg_nano.a(lib_a-dtoa.o)
 .text._dtoa_r  0x0000000000016af4      0xc02 d:/app/mounriver_studio/toolchain/risc-v embedded gcc/bin/../lib/gcc/riscv-none-embed/8.2.0/../../../../riscv-none-embed/lib/rv32imafc/ilp32f\libg_nano.a(lib_a-dtoa.o)
                0x0000000000016af4                _dtoa_r
 .text.__sflush_r
                0x00000000000176f6      0x13e d:/app/mounriver_studio/toolchain/risc-v embedded gcc/bin/../lib/gcc/riscv-none-embed/8.2.0/../../../../riscv-none-embed/lib/rv32imafc/ilp32f\libg_nano.a(lib_a-fflush.o)
                0x00000000000176f6                __sflush_r
 .text._fflush_r
                0x0000000000017834       0x66 d:/app/mounriver_studio/toolchain/risc-v embedded gcc/bin/../lib/gcc/riscv-none-embed/8.2.0/../../../../riscv-none-embed/lib/rv32imafc/ilp32f\libg_nano.a(lib_a-fflush.o)
                0x0000000000017834                _fflush_r
 .text.std      0x000000000001789a       0x6a d:/app/mounriver_studio/toolchain/risc-v embedded gcc/bin/../lib/gcc/riscv-none-embed/8.2.0/../../../../riscv-none-embed/lib/rv32imafc/ilp32f\libg_nano.a(lib_a-findfp.o)
 .text._cleanup_r
                0x0000000000017904        0xa d:/app/mounriver_studio/toolchain/risc-v embedded gcc/bin/../lib/gcc/riscv-none-embed/8.2.0/../../../../riscv-none-embed/lib/rv32imafc/ilp32f\libg_nano.a(lib_a-findfp.o)
                0x0000000000017904                _cleanup_r
 .text.__sfmoreglue
                0x000000000001790e       0x48 d:/app/mounriver_studio/toolchain/risc-v embedded gcc/bin/../lib/gcc/riscv-none-embed/8.2.0/../../../../riscv-none-embed/lib/rv32imafc/ilp32f\libg_nano.a(lib_a-findfp.o)
                0x000000000001790e                __sfmoreglue
 .text.__sinit  0x0000000000017956       0x6c d:/app/mounriver_studio/toolchain/risc-v embedded gcc/bin/../lib/gcc/riscv-none-embed/8.2.0/../../../../riscv-none-embed/lib/rv32imafc/ilp32f\libg_nano.a(lib_a-findfp.o)
                0x0000000000017956                __sinit
 .text.__sfp    0x00000000000179c2       0xa0 d:/app/mounriver_studio/toolchain/risc-v embedded gcc/bin/../lib/gcc/riscv-none-embed/8.2.0/../../../../riscv-none-embed/lib/rv32imafc/ilp32f\libg_nano.a(lib_a-findfp.o)
                0x00000000000179c2                __sfp
 .text._fwalk_reent
                0x0000000000017a62       0x6c d:/app/mounriver_studio/toolchain/risc-v embedded gcc/bin/../lib/gcc/riscv-none-embed/8.2.0/../../../../riscv-none-embed/lib/rv32imafc/ilp32f\libg_nano.a(lib_a-fwalk.o)
                0x0000000000017a62                _fwalk_reent
 .text._localeconv_r
                0x0000000000017ace       0x18 d:/app/mounriver_studio/toolchain/risc-v embedded gcc/bin/../lib/gcc/riscv-none-embed/8.2.0/../../../../riscv-none-embed/lib/rv32imafc/ilp32f\libg_nano.a(lib_a-localeconv.o)
                0x0000000000017ace                _localeconv_r
 .text.__swhatbuf_r
                0x0000000000017ae6       0x5a d:/app/mounriver_studio/toolchain/risc-v embedded gcc/bin/../lib/gcc/riscv-none-embed/8.2.0/../../../../riscv-none-embed/lib/rv32imafc/ilp32f\libg_nano.a(lib_a-makebuf.o)
                0x0000000000017ae6                __swhatbuf_r
 .text.__smakebuf_r
                0x0000000000017b40       0xa2 d:/app/mounriver_studio/toolchain/risc-v embedded gcc/bin/../lib/gcc/riscv-none-embed/8.2.0/../../../../riscv-none-embed/lib/rv32imafc/ilp32f\libg_nano.a(lib_a-makebuf.o)
                0x0000000000017b40                __smakebuf_r
 .text.memchr   0x0000000000017be2       0x1a d:/app/mounriver_studio/toolchain/risc-v embedded gcc/bin/../lib/gcc/riscv-none-embed/8.2.0/../../../../riscv-none-embed/lib/rv32imafc/ilp32f\libg_nano.a(lib_a-memchr.o)
                0x0000000000017be2                memchr
 .text.__malloc_lock
                0x0000000000017bfc        0x2 d:/app/mounriver_studio/toolchain/risc-v embedded gcc/bin/../lib/gcc/riscv-none-embed/8.2.0/../../../../riscv-none-embed/lib/rv32imafc/ilp32f\libg_nano.a(lib_a-mlock.o)
                0x0000000000017bfc                __malloc_lock
 .text.__malloc_unlock
                0x0000000000017bfe        0x2 d:/app/mounriver_studio/toolchain/risc-v embedded gcc/bin/../lib/gcc/riscv-none-embed/8.2.0/../../../../riscv-none-embed/lib/rv32imafc/ilp32f\libg_nano.a(lib_a-mlock.o)
                0x0000000000017bfe                __malloc_unlock
 .text._Balloc  0x0000000000017c00       0x88 d:/app/mounriver_studio/toolchain/risc-v embedded gcc/bin/../lib/gcc/riscv-none-embed/8.2.0/../../../../riscv-none-embed/lib/rv32imafc/ilp32f\libg_nano.a(lib_a-mprec.o)
                0x0000000000017c00                _Balloc
 .text._Bfree   0x0000000000017c88       0x44 d:/app/mounriver_studio/toolchain/risc-v embedded gcc/bin/../lib/gcc/riscv-none-embed/8.2.0/../../../../riscv-none-embed/lib/rv32imafc/ilp32f\libg_nano.a(lib_a-mprec.o)
                0x0000000000017c88                _Bfree
 .text.__multadd
                0x0000000000017ccc       0x98 d:/app/mounriver_studio/toolchain/risc-v embedded gcc/bin/../lib/gcc/riscv-none-embed/8.2.0/../../../../riscv-none-embed/lib/rv32imafc/ilp32f\libg_nano.a(lib_a-mprec.o)
                0x0000000000017ccc                __multadd
 .text.__hi0bits
                0x0000000000017d64       0x46 d:/app/mounriver_studio/toolchain/risc-v embedded gcc/bin/../lib/gcc/riscv-none-embed/8.2.0/../../../../riscv-none-embed/lib/rv32imafc/ilp32f\libg_nano.a(lib_a-mprec.o)
                0x0000000000017d64                __hi0bits
 .text.__lo0bits
                0x0000000000017daa       0x6a d:/app/mounriver_studio/toolchain/risc-v embedded gcc/bin/../lib/gcc/riscv-none-embed/8.2.0/../../../../riscv-none-embed/lib/rv32imafc/ilp32f\libg_nano.a(lib_a-mprec.o)
                0x0000000000017daa                __lo0bits
 .text.__i2b    0x0000000000017e14       0x1c d:/app/mounriver_studio/toolchain/risc-v embedded gcc/bin/../lib/gcc/riscv-none-embed/8.2.0/../../../../riscv-none-embed/lib/rv32imafc/ilp32f\libg_nano.a(lib_a-mprec.o)
                0x0000000000017e14                __i2b
 .text.__multiply
                0x0000000000017e30      0x144 d:/app/mounriver_studio/toolchain/risc-v embedded gcc/bin/../lib/gcc/riscv-none-embed/8.2.0/../../../../riscv-none-embed/lib/rv32imafc/ilp32f\libg_nano.a(lib_a-mprec.o)
                0x0000000000017e30                __multiply
 .text.__pow5mult
                0x0000000000017f74       0xbe d:/app/mounriver_studio/toolchain/risc-v embedded gcc/bin/../lib/gcc/riscv-none-embed/8.2.0/../../../../riscv-none-embed/lib/rv32imafc/ilp32f\libg_nano.a(lib_a-mprec.o)
                0x0000000000017f74                __pow5mult
 .text.__lshift
                0x0000000000018032       0xce d:/app/mounriver_studio/toolchain/risc-v embedded gcc/bin/../lib/gcc/riscv-none-embed/8.2.0/../../../../riscv-none-embed/lib/rv32imafc/ilp32f\libg_nano.a(lib_a-mprec.o)
                0x0000000000018032                __lshift
 .text.__mcmp   0x0000000000018100       0x32 d:/app/mounriver_studio/toolchain/risc-v embedded gcc/bin/../lib/gcc/riscv-none-embed/8.2.0/../../../../riscv-none-embed/lib/rv32imafc/ilp32f\libg_nano.a(lib_a-mprec.o)
                0x0000000000018100                __mcmp
 .text.__mdiff  0x0000000000018132       0xf2 d:/app/mounriver_studio/toolchain/risc-v embedded gcc/bin/../lib/gcc/riscv-none-embed/8.2.0/../../../../riscv-none-embed/lib/rv32imafc/ilp32f\libg_nano.a(lib_a-mprec.o)
                0x0000000000018132                __mdiff
 .text.__d2b    0x0000000000018224       0xd4 d:/app/mounriver_studio/toolchain/risc-v embedded gcc/bin/../lib/gcc/riscv-none-embed/8.2.0/../../../../riscv-none-embed/lib/rv32imafc/ilp32f\libg_nano.a(lib_a-mprec.o)
                0x0000000000018224                __d2b
 .text._calloc_r
                0x00000000000182f8       0x28 d:/app/mounriver_studio/toolchain/risc-v embedded gcc/bin/../lib/gcc/riscv-none-embed/8.2.0/../../../../riscv-none-embed/lib/rv32imafc/ilp32f\libg_nano.a(lib_a-nano-callocr.o)
                0x00000000000182f8                _calloc_r
 .text.__ssputs_r
                0x0000000000018320       0xee d:/app/mounriver_studio/toolchain/risc-v embedded gcc/bin/../lib/gcc/riscv-none-embed/8.2.0/../../../../riscv-none-embed/lib/rv32imafc/ilp32f\libg_nano.a(lib_a-nano-svfprintf.o)
                0x0000000000018320                __ssputs_r
 .text._svfprintf_r
                0x000000000001840e      0x27e d:/app/mounriver_studio/toolchain/risc-v embedded gcc/bin/../lib/gcc/riscv-none-embed/8.2.0/../../../../riscv-none-embed/lib/rv32imafc/ilp32f\libg_nano.a(lib_a-nano-svfprintf.o)
                0x000000000001840e                _svfiprintf_r
                0x000000000001840e                _svfprintf_r
 .text.__sfputc_r
                0x000000000001868c       0x2a d:/app/mounriver_studio/toolchain/risc-v embedded gcc/bin/../lib/gcc/riscv-none-embed/8.2.0/../../../../riscv-none-embed/lib/rv32imafc/ilp32f\libg_nano.a(lib_a-nano-vfprintf.o)
 .text.__sfputs_r
                0x00000000000186b6       0x44 d:/app/mounriver_studio/toolchain/risc-v embedded gcc/bin/../lib/gcc/riscv-none-embed/8.2.0/../../../../riscv-none-embed/lib/rv32imafc/ilp32f\libg_nano.a(lib_a-nano-vfprintf.o)
                0x00000000000186b6                __sfputs_r
 .text._vfprintf_r
                0x00000000000186fa      0x2a0 d:/app/mounriver_studio/toolchain/risc-v embedded gcc/bin/../lib/gcc/riscv-none-embed/8.2.0/../../../../riscv-none-embed/lib/rv32imafc/ilp32f\libg_nano.a(lib_a-nano-vfprintf.o)
                0x00000000000186fa                _vfprintf_r
                0x00000000000186fa                _vfiprintf_r
 .text.__sread  0x000000000001899a       0x30 d:/app/mounriver_studio/toolchain/risc-v embedded gcc/bin/../lib/gcc/riscv-none-embed/8.2.0/../../../../riscv-none-embed/lib/rv32imafc/ilp32f\libg_nano.a(lib_a-stdio.o)
                0x000000000001899a                __sread
 .text.__swrite
                0x00000000000189ca       0x4e d:/app/mounriver_studio/toolchain/risc-v embedded gcc/bin/../lib/gcc/riscv-none-embed/8.2.0/../../../../riscv-none-embed/lib/rv32imafc/ilp32f\libg_nano.a(lib_a-stdio.o)
                0x00000000000189ca                __swrite
 .text.__sseek  0x0000000000018a18       0x36 d:/app/mounriver_studio/toolchain/risc-v embedded gcc/bin/../lib/gcc/riscv-none-embed/8.2.0/../../../../riscv-none-embed/lib/rv32imafc/ilp32f\libg_nano.a(lib_a-stdio.o)
                0x0000000000018a18                __sseek
 .text.__sclose
                0x0000000000018a4e        0x6 d:/app/mounriver_studio/toolchain/risc-v embedded gcc/bin/../lib/gcc/riscv-none-embed/8.2.0/../../../../riscv-none-embed/lib/rv32imafc/ilp32f\libg_nano.a(lib_a-stdio.o)
                0x0000000000018a4e                __sclose
 .text._write_r
                0x0000000000018a54       0x36 d:/app/mounriver_studio/toolchain/risc-v embedded gcc/bin/../lib/gcc/riscv-none-embed/8.2.0/../../../../riscv-none-embed/lib/rv32imafc/ilp32f\libg_nano.a(lib_a-writer.o)
                0x0000000000018a54                _write_r
 .text._close_r
                0x0000000000018a8a       0x30 d:/app/mounriver_studio/toolchain/risc-v embedded gcc/bin/../lib/gcc/riscv-none-embed/8.2.0/../../../../riscv-none-embed/lib/rv32imafc/ilp32f\libg_nano.a(lib_a-closer.o)
                0x0000000000018a8a                _close_r
 .text._fstat_r
                0x0000000000018aba       0x32 d:/app/mounriver_studio/toolchain/risc-v embedded gcc/bin/../lib/gcc/riscv-none-embed/8.2.0/../../../../riscv-none-embed/lib/rv32imafc/ilp32f\libg_nano.a(lib_a-fstatr.o)
                0x0000000000018aba                _fstat_r
 .text._isatty_r
                0x0000000000018aec       0x30 d:/app/mounriver_studio/toolchain/risc-v embedded gcc/bin/../lib/gcc/riscv-none-embed/8.2.0/../../../../riscv-none-embed/lib/rv32imafc/ilp32f\libg_nano.a(lib_a-isattyr.o)
                0x0000000000018aec                _isatty_r
 .text._lseek_r
                0x0000000000018b1c       0x34 d:/app/mounriver_studio/toolchain/risc-v embedded gcc/bin/../lib/gcc/riscv-none-embed/8.2.0/../../../../riscv-none-embed/lib/rv32imafc/ilp32f\libg_nano.a(lib_a-lseekr.o)
                0x0000000000018b1c                _lseek_r
 .text.__ascii_mbtowc
                0x0000000000018b50       0x3a d:/app/mounriver_studio/toolchain/risc-v embedded gcc/bin/../lib/gcc/riscv-none-embed/8.2.0/../../../../riscv-none-embed/lib/rv32imafc/ilp32f\libg_nano.a(lib_a-mbtowc_r.o)
                0x0000000000018b50                __ascii_mbtowc
 .text.memmove  0x0000000000018b8a       0x4a d:/app/mounriver_studio/toolchain/risc-v embedded gcc/bin/../lib/gcc/riscv-none-embed/8.2.0/../../../../riscv-none-embed/lib/rv32imafc/ilp32f\libg_nano.a(lib_a-memmove.o)
                0x0000000000018b8a                memmove
 .text._realloc_r
                0x0000000000018bd4       0x58 d:/app/mounriver_studio/toolchain/risc-v embedded gcc/bin/../lib/gcc/riscv-none-embed/8.2.0/../../../../riscv-none-embed/lib/rv32imafc/ilp32f\libg_nano.a(lib_a-nano-reallocr.o)
                0x0000000000018bd4                _realloc_r
 .text._read_r  0x0000000000018c2c       0x34 d:/app/mounriver_studio/toolchain/risc-v embedded gcc/bin/../lib/gcc/riscv-none-embed/8.2.0/../../../../riscv-none-embed/lib/rv32imafc/ilp32f\libg_nano.a(lib_a-readr.o)
                0x0000000000018c2c                _read_r
 .text.__ascii_wctomb
                0x0000000000018c60       0x20 d:/app/mounriver_studio/toolchain/risc-v embedded gcc/bin/../lib/gcc/riscv-none-embed/8.2.0/../../../../riscv-none-embed/lib/rv32imafc/ilp32f\libg_nano.a(lib_a-wctomb_r.o)
                0x0000000000018c60                __ascii_wctomb
 .text._malloc_usable_size_r
                0x0000000000018c80       0x14 d:/app/mounriver_studio/toolchain/risc-v embedded gcc/bin/../lib/gcc/riscv-none-embed/8.2.0/../../../../riscv-none-embed/lib/rv32imafc/ilp32f\libg_nano.a(lib_a-nano-msizer.o)
                0x0000000000018c80                _malloc_usable_size_r
 .text.__trunctfdf2
                0x0000000000018c94      0x3d0 d:/app/mounriver_studio/toolchain/risc-v embedded gcc/bin/../lib/gcc/riscv-none-embed/8.2.0/rv32imafc/ilp32f\libgcc.a(trunctfdf2.o)
                0x0000000000018c94                __trunctfdf2
 .text._close   0x0000000000019064       0x10 d:/app/mounriver_studio/toolchain/risc-v embedded gcc/bin/../lib/gcc/riscv-none-embed/8.2.0/../../../../riscv-none-embed/lib/rv32imafc/ilp32f\libnosys.a(close.o)
                0x0000000000019064                _close
 .text._fstat   0x0000000000019074       0x10 d:/app/mounriver_studio/toolchain/risc-v embedded gcc/bin/../lib/gcc/riscv-none-embed/8.2.0/../../../../riscv-none-embed/lib/rv32imafc/ilp32f\libnosys.a(fstat.o)
                0x0000000000019074                _fstat
 .text._isatty  0x0000000000019084       0x10 d:/app/mounriver_studio/toolchain/risc-v embedded gcc/bin/../lib/gcc/riscv-none-embed/8.2.0/../../../../riscv-none-embed/lib/rv32imafc/ilp32f\libnosys.a(isatty.o)
                0x0000000000019084                _isatty
 .text._lseek   0x0000000000019094       0x10 d:/app/mounriver_studio/toolchain/risc-v embedded gcc/bin/../lib/gcc/riscv-none-embed/8.2.0/../../../../riscv-none-embed/lib/rv32imafc/ilp32f\libnosys.a(lseek.o)
                0x0000000000019094                _lseek
 .text._read    0x00000000000190a4       0x10 d:/app/mounriver_studio/toolchain/risc-v embedded gcc/bin/../lib/gcc/riscv-none-embed/8.2.0/../../../../riscv-none-embed/lib/rv32imafc/ilp32f\libnosys.a(read.o)
                0x00000000000190a4                _read
 .text._sbrk    0x00000000000190b4       0x24 d:/app/mounriver_studio/toolchain/risc-v embedded gcc/bin/../lib/gcc/riscv-none-embed/8.2.0/../../../../riscv-none-embed/lib/rv32imafc/ilp32f\libnosys.a(sbrk.o)
                0x00000000000190b4                _sbrk
 *(.rodata)
 *fill*         0x00000000000190d8        0x0 
 .rodata        0x00000000000190d8       0x53 ./zf_driver/zf_driver_encoder.o
 *fill*         0x000000000001912b        0x1 
 .rodata        0x000000000001912c       0x77 ./zf_driver/zf_driver_pit.o
 *fill*         0x00000000000191a3        0x1 
 .rodata        0x00000000000191a4       0x4f ./zf_driver/zf_driver_pwm.o
 *fill*         0x00000000000191f3        0x1 
 .rodata        0x00000000000191f4       0x54 ./zf_driver/zf_driver_soft_iic.o
 .rodata        0x0000000000019248       0x4f ./zf_driver/zf_driver_spi.o
 *fill*         0x0000000000019297        0x1 
 .rodata        0x0000000000019298       0x50 ./zf_driver/zf_driver_uart.o
 *fill*         0x00000000000192e8        0x0 
 .rodata        0x00000000000192e8        0x8 ./zf_device/zf_device_dm1xa.o
 .rodata        0x00000000000192f0       0xf0 ./zf_device/zf_device_gnss.o
 .rodata        0x00000000000193e0       0x90 ./zf_device/zf_device_imu660ra.o
 .rodata        0x0000000000019470      0x10c ./zf_device/zf_device_mt9v03x_dvp.o
 .rodata        0x000000000001957c       0x78 ./zf_common/zf_common_debug.o
 .rodata        0x00000000000195f4       0x50 ./zf_common/zf_common_fifo.o
 .rodata        0x0000000000019644        0x9 ./user_c/isr.o
 *fill*         0x000000000001964d        0x3 
 .rodata        0x0000000000019650       0x64 ./user_c/main.o
 .rodata        0x00000000000196b4       0x41 ./sdk/Peripheral/ch32v30x_usbotg_device.o
 *fill*         0x00000000000196f5        0x3 
 .rodata        0x00000000000196f8       0x50 ./code/Img_proc.o
 .rodata        0x0000000000019748        0x4 ./code/Motor.o
 .rodata        0x000000000001974c        0x4 ./code/barrier.o
 .rodata        0x0000000000019750        0xc ./code/circle.o
 .rodata        0x000000000001975c        0x8 ./code/cross.o
 .rodata        0x0000000000019764        0x8 ./code/garage.o
 *fill*         0x000000000001976c        0x4 
 .rodata        0x0000000000019770       0x10 ./code/my_uart7.o
 *(.rodata*)
 .rodata.encoder_get_count
                0x0000000000019780       0x28 ./zf_driver/zf_driver_encoder.o
 .rodata.encoder_clear_count
                0x00000000000197a8       0x28 ./zf_driver/zf_driver_encoder.o
 .rodata.encoder_dir_init
                0x00000000000197d0       0x28 ./zf_driver/zf_driver_encoder.o
 .rodata.pit_init
                0x00000000000197f8       0x28 ./zf_driver/zf_driver_pit.o
 .rodata.pwm_set_duty
                0x0000000000019820       0x28 ./zf_driver/zf_driver_pwm.o
 .rodata.pwm_init
                0x0000000000019848       0x28 ./zf_driver/zf_driver_pwm.o
 .rodata.spi_index
                0x0000000000019870        0xc ./zf_driver/zf_driver_spi.o
                0x0000000000019870                spi_index
 .rodata.timer_get
                0x000000000001987c       0x28 ./zf_driver/zf_driver_timer.o
 .rodata.timer_clear
                0x00000000000198a4       0x28 ./zf_driver/zf_driver_timer.o
 .rodata.uart_index
                0x00000000000198cc       0x20 ./zf_driver/zf_driver_uart.o
                0x00000000000198cc                uart_index
 .rodata.TIM6_IRQHandler
                0x00000000000198ec       0x1c ./user_c/isr.o
 .rodata.control
                0x0000000000019908       0x14 ./user_c/main.o
 .rodata.MyDevDescrHD
                0x000000000001991c       0x12 ./sdk/Peripheral/ch32v30x_usbotg_device.o
                0x000000000001991c                MyDevDescrHD
 *fill*         0x000000000001992e        0x2 
 .rodata.MyCfgDescrHD
                0x0000000000019930       0x43 ./sdk/Peripheral/ch32v30x_usbotg_device.o
                0x0000000000019930                MyCfgDescrHD
 *fill*         0x0000000000019973        0x1 
 .rodata.MyReportDescHD
                0x0000000000019974       0x14 ./sdk/Peripheral/ch32v30x_usbotg_device.o
                0x0000000000019974                MyReportDescHD
 .rodata.MyManuInfoHD
                0x0000000000019988        0xe ./sdk/Peripheral/ch32v30x_usbotg_device.o
                0x0000000000019988                MyManuInfoHD
 *fill*         0x0000000000019996        0x2 
 .rodata.MyProdInfoHD
                0x0000000000019998        0xc ./sdk/Peripheral/ch32v30x_usbotg_device.o
                0x0000000000019998                MyProdInfoHD
 .rodata.MySerNumInfoHD
                0x00000000000199a4       0x16 ./sdk/Peripheral/ch32v30x_usbotg_device.o
                0x00000000000199a4                MySerNumInfoHD
 *fill*         0x00000000000199ba        0x2 
 .rodata.MyUSBQUADescHD
                0x00000000000199bc        0xa ./sdk/Peripheral/ch32v30x_usbotg_device.o
                0x00000000000199bc                MyUSBQUADescHD
 *fill*         0x00000000000199c6        0x2 
 .rodata.OTG_FS_IRQHandler
                0x00000000000199c8       0xbc ./sdk/Peripheral/ch32v30x_usbotg_device.o
 .rodata.circle_handle
                0x0000000000019a84       0x38 ./code/circle.o
 *fill*         0x0000000000019abc        0x4 
 .rodata.pow.cst8
                0x0000000000019ac0       0x30 d:/app/mounriver_studio/toolchain/risc-v embedded gcc/bin/../lib/gcc/riscv-none-embed/8.2.0/../../../../riscv-none-embed/lib/rv32imafc/ilp32f\libm.a(lib_a-w_pow.o)
 .rodata.pow.str1.4
                0x0000000000019af0        0x4 d:/app/mounriver_studio/toolchain/risc-v embedded gcc/bin/../lib/gcc/riscv-none-embed/8.2.0/../../../../riscv-none-embed/lib/rv32imafc/ilp32f\libm.a(lib_a-w_pow.o)
 *fill*         0x0000000000019af4        0x4 
 .rodata.__ieee754_pow.cst8
                0x0000000000019af8      0x100 d:/app/mounriver_studio/toolchain/risc-v embedded gcc/bin/../lib/gcc/riscv-none-embed/8.2.0/../../../../riscv-none-embed/lib/rv32imafc/ilp32f\libm.a(lib_a-e_pow.o)
                                        0x110 (size before relaxing)
 .rodata.__ieee754_pow.str1.4
                0x0000000000019bf8        0x4 d:/app/mounriver_studio/toolchain/risc-v embedded gcc/bin/../lib/gcc/riscv-none-embed/8.2.0/../../../../riscv-none-embed/lib/rv32imafc/ilp32f\libm.a(lib_a-e_pow.o)
                                          0x1 (size before relaxing)
 .rodata.nan.cst8
                0x0000000000019bf8        0x8 d:/app/mounriver_studio/toolchain/risc-v embedded gcc/bin/../lib/gcc/riscv-none-embed/8.2.0/../../../../riscv-none-embed/lib/rv32imafc/ilp32f\libm.a(lib_a-s_nan.o)
 .rodata.TWO52  0x0000000000019c00       0x10 d:/app/mounriver_studio/toolchain/risc-v embedded gcc/bin/../lib/gcc/riscv-none-embed/8.2.0/../../../../riscv-none-embed/lib/rv32imafc/ilp32f\libm.a(lib_a-s_rint.o)
 .rodata.scalbn.cst8
                0x0000000000019c10       0x10 d:/app/mounriver_studio/toolchain/risc-v embedded gcc/bin/../lib/gcc/riscv-none-embed/8.2.0/../../../../riscv-none-embed/lib/rv32imafc/ilp32f\libm.a(lib_a-s_scalbn.o)
                                         0x20 (size before relaxing)
 .rodata.imu660ra_config_file
                0x0000000000019c20     0x2000 D:\新建文件夹\19Feisi_CAR\HoverShip_normal\libraries\zf_device\libzf_device_config.a(zf_device_config.o)
                0x0000000000019c20                imu660ra_config_file
 .rodata.__fixunssfdi.cst8
                0x000000000001bc20       0x10 d:/app/mounriver_studio/toolchain/risc-v embedded gcc/bin/../lib/gcc/riscv-none-embed/8.2.0/rv32imafc/ilp32f\libgcc.a(_fixunssfdi.o)
 .rodata.__floatdisf.cst8
                0x000000000001bc30        0x8 d:/app/mounriver_studio/toolchain/risc-v embedded gcc/bin/../lib/gcc/riscv-none-embed/8.2.0/rv32imafc/ilp32f\libgcc.a(_floatdisf.o)
 .rodata.__divdf3
                0x000000000001bc30       0x40 d:/app/mounriver_studio/toolchain/risc-v embedded gcc/bin/../lib/gcc/riscv-none-embed/8.2.0/rv32imafc/ilp32f\libgcc.a(divdf3.o)
 .rodata.__muldf3
                0x000000000001bc70       0x40 d:/app/mounriver_studio/toolchain/risc-v embedded gcc/bin/../lib/gcc/riscv-none-embed/8.2.0/rv32imafc/ilp32f\libgcc.a(muldf3.o)
 .rodata.__clz_tab
                0x000000000001bcb0      0x100 d:/app/mounriver_studio/toolchain/risc-v embedded gcc/bin/../lib/gcc/riscv-none-embed/8.2.0/rv32imafc/ilp32f\libgcc.a(_clz.o)
                0x000000000001bcb0                __clz_tab
 .rodata._printf_float.cst8
                0x000000000001bdb0        0x8 d:/app/mounriver_studio/toolchain/risc-v embedded gcc/bin/../lib/gcc/riscv-none-embed/8.2.0/../../../../riscv-none-embed/lib/rv32imafc/ilp32f\libg_nano.a(lib_a-nano-vfprintf_float.o)
 .rodata._printf_float.str1.4
                0x000000000001bdb8       0x12 d:/app/mounriver_studio/toolchain/risc-v embedded gcc/bin/../lib/gcc/riscv-none-embed/8.2.0/../../../../riscv-none-embed/lib/rv32imafc/ilp32f\libg_nano.a(lib_a-nano-vfprintf_float.o)
 *fill*         0x000000000001bdca        0x2 
 .rodata._printf_i.str1.4
                0x000000000001bdcc       0x25 d:/app/mounriver_studio/toolchain/risc-v embedded gcc/bin/../lib/gcc/riscv-none-embed/8.2.0/../../../../riscv-none-embed/lib/rv32imafc/ilp32f\libg_nano.a(lib_a-nano-vfprintf_i.o)
 *fill*         0x000000000001bdf1        0x7 
 .rodata._dtoa_r.cst8
                0x000000000001bdf8       0x30 d:/app/mounriver_studio/toolchain/risc-v embedded gcc/bin/../lib/gcc/riscv-none-embed/8.2.0/../../../../riscv-none-embed/lib/rv32imafc/ilp32f\libg_nano.a(lib_a-dtoa.o)
                                         0x48 (size before relaxing)
 .rodata._dtoa_r.str1.4
                0x000000000001be28       0x10 d:/app/mounriver_studio/toolchain/risc-v embedded gcc/bin/../lib/gcc/riscv-none-embed/8.2.0/../../../../riscv-none-embed/lib/rv32imafc/ilp32f\libg_nano.a(lib_a-dtoa.o)
                                         0x12 (size before relaxing)
 .rodata.__sf_fake_stderr
                0x000000000001be38       0x20 d:/app/mounriver_studio/toolchain/risc-v embedded gcc/bin/../lib/gcc/riscv-none-embed/8.2.0/../../../../riscv-none-embed/lib/rv32imafc/ilp32f\libg_nano.a(lib_a-findfp.o)
                0x000000000001be38                __sf_fake_stderr
 .rodata.__sf_fake_stdin
                0x000000000001be58       0x20 d:/app/mounriver_studio/toolchain/risc-v embedded gcc/bin/../lib/gcc/riscv-none-embed/8.2.0/../../../../riscv-none-embed/lib/rv32imafc/ilp32f\libg_nano.a(lib_a-findfp.o)
                0x000000000001be58                __sf_fake_stdin
 .rodata.__sf_fake_stdout
                0x000000000001be78       0x20 d:/app/mounriver_studio/toolchain/risc-v embedded gcc/bin/../lib/gcc/riscv-none-embed/8.2.0/../../../../riscv-none-embed/lib/rv32imafc/ilp32f\libg_nano.a(lib_a-findfp.o)
                0x000000000001be78                __sf_fake_stdout
 .rodata.__mprec_bigtens
                0x000000000001be98       0x28 d:/app/mounriver_studio/toolchain/risc-v embedded gcc/bin/../lib/gcc/riscv-none-embed/8.2.0/../../../../riscv-none-embed/lib/rv32imafc/ilp32f\libg_nano.a(lib_a-mprec.o)
                0x000000000001be98                __mprec_bigtens
 .rodata.__mprec_tens
                0x000000000001bec0       0xc8 d:/app/mounriver_studio/toolchain/risc-v embedded gcc/bin/../lib/gcc/riscv-none-embed/8.2.0/../../../../riscv-none-embed/lib/rv32imafc/ilp32f\libg_nano.a(lib_a-mprec.o)
                0x000000000001bec0                __mprec_tens
 .rodata.p05.3321
                0x000000000001bf88        0xc d:/app/mounriver_studio/toolchain/risc-v embedded gcc/bin/../lib/gcc/riscv-none-embed/8.2.0/../../../../riscv-none-embed/lib/rv32imafc/ilp32f\libg_nano.a(lib_a-mprec.o)
 .rodata._svfprintf_r.str1.4
                0x000000000001bf94       0x13 d:/app/mounriver_studio/toolchain/risc-v embedded gcc/bin/../lib/gcc/riscv-none-embed/8.2.0/../../../../riscv-none-embed/lib/rv32imafc/ilp32f\libg_nano.a(lib_a-nano-svfprintf.o)
 .rodata._vfprintf_r.str1.4
                0x000000000001bfa7       0x13 d:/app/mounriver_studio/toolchain/risc-v embedded gcc/bin/../lib/gcc/riscv-none-embed/8.2.0/../../../../riscv-none-embed/lib/rv32imafc/ilp32f\libg_nano.a(lib_a-nano-vfprintf.o)
 *fill*         0x000000000001bfa7        0x1 
 .rodata._setlocale_r.str1.4
                0x000000000001bfa8        0xa d:/app/mounriver_studio/toolchain/risc-v embedded gcc/bin/../lib/gcc/riscv-none-embed/8.2.0/../../../../riscv-none-embed/lib/rv32imafc/ilp32f\libg_nano.a(lib_a-locale.o)
                                          0xd (size before relaxing)
 *fill*         0x000000000001bfb2        0x2 
 .rodata.str1.4
                0x000000000001bfb4        0x4 d:/app/mounriver_studio/toolchain/risc-v embedded gcc/bin/../lib/gcc/riscv-none-embed/8.2.0/../../../../riscv-none-embed/lib/rv32imafc/ilp32f\libg_nano.a(lib_a-locale.o)
                                          0x2 (size before relaxing)
 .rodata._ctype_
                0x000000000001bfb8      0x101 d:/app/mounriver_studio/toolchain/risc-v embedded gcc/bin/../lib/gcc/riscv-none-embed/8.2.0/../../../../riscv-none-embed/lib/rv32imafc/ilp32f\libg_nano.a(lib_a-ctype_.o)
                0x000000000001bfb8                _ctype_
 *(.glue_7)
 *(.glue_7t)
 *(.gnu.linkonce.t.*)
                0x000000000001c0bc                . = ALIGN (0x4)
 *fill*         0x000000000001c0b9        0x3 

.rela.dyn       0x000000000001c0bc        0x0
 .rela.init     0x000000000001c0bc        0x0 ./zf_driver/zf_driver_delay.o
 .rela.vector   0x000000000001c0bc        0x0 ./zf_driver/zf_driver_delay.o
 .rela.text.handle_reset
                0x000000000001c0bc        0x0 ./zf_driver/zf_driver_delay.o
 .rela.text._sbrk_r
                0x000000000001c0bc        0x0 ./zf_driver/zf_driver_delay.o
 .rela.text._svfprintf_r
                0x000000000001c0bc        0x0 ./zf_driver/zf_driver_delay.o
 .rela.text._vfprintf_r
                0x000000000001c0bc        0x0 ./zf_driver/zf_driver_delay.o
 .rela.text._write_r
                0x000000000001c0bc        0x0 ./zf_driver/zf_driver_delay.o
 .rela.text._close_r
                0x000000000001c0bc        0x0 ./zf_driver/zf_driver_delay.o
 .rela.text._fstat_r
                0x000000000001c0bc        0x0 ./zf_driver/zf_driver_delay.o
 .rela.text._isatty_r
                0x000000000001c0bc        0x0 ./zf_driver/zf_driver_delay.o
 .rela.text._lseek_r
                0x000000000001c0bc        0x0 ./zf_driver/zf_driver_delay.o
 .rela.text._read_r
                0x000000000001c0bc        0x0 ./zf_driver/zf_driver_delay.o
 .rela.text._close
                0x000000000001c0bc        0x0 ./zf_driver/zf_driver_delay.o
 .rela.text._fstat
                0x000000000001c0bc        0x0 ./zf_driver/zf_driver_delay.o
 .rela.text._isatty
                0x000000000001c0bc        0x0 ./zf_driver/zf_driver_delay.o
 .rela.text._lseek
                0x000000000001c0bc        0x0 ./zf_driver/zf_driver_delay.o
 .rela.text._read
                0x000000000001c0bc        0x0 ./zf_driver/zf_driver_delay.o
 .rela.text._sbrk
                0x000000000001c0bc        0x0 ./zf_driver/zf_driver_delay.o

.fini           0x000000000001c0bc        0x0
 *(SORT_NONE(.fini))
                0x000000000001c0bc                . = ALIGN (0x4)
                [!provide]                        PROVIDE (_etext = .)
                [!provide]                        PROVIDE (_eitcm = .)

.preinit_array  0x000000000001c0bc        0x0
                [!provide]                        PROVIDE (__preinit_array_start = .)
 *(.preinit_array)
                [!provide]                        PROVIDE (__preinit_array_end = .)

.init_array     0x000000000001c0bc        0x0
                [!provide]                        PROVIDE (__init_array_start = .)
 *(SORT_BY_INIT_PRIORITY(.init_array.*) SORT_BY_INIT_PRIORITY(.ctors.*))
 *(.init_array EXCLUDE_FILE(*crtend?.o *crtend.o *crtbegin?.o *crtbegin.o) .ctors)
                [!provide]                        PROVIDE (__init_array_end = .)

.fini_array     0x000000000001c0bc        0x0
                [!provide]                        PROVIDE (__fini_array_start = .)
 *(SORT_BY_INIT_PRIORITY(.fini_array.*) SORT_BY_INIT_PRIORITY(.dtors.*))
 *(.fini_array EXCLUDE_FILE(*crtend?.o *crtend.o *crtbegin?.o *crtbegin.o) .dtors)
                [!provide]                        PROVIDE (__fini_array_end = .)

.ctors
 *crtbegin.o(.ctors)
 *crtbegin?.o(.ctors)
 *(EXCLUDE_FILE(*crtend?.o *crtend.o) .ctors)
 *(SORT_BY_NAME(.ctors.*))
 *(.ctors)

.dtors
 *crtbegin.o(.dtors)
 *crtbegin?.o(.dtors)
 *(EXCLUDE_FILE(*crtend?.o *crtend.o) .dtors)
 *(SORT_BY_NAME(.dtors.*))
 *(.dtors)

.dalign         0x0000000020000040        0x0 load address 0x000000000001c0bc
                0x0000000020000040                . = ALIGN (0x4)
                0x0000000020000040                PROVIDE (_data_vma = .)

.dlalign        0x000000000001c0bc        0x0
                0x000000000001c0bc                . = ALIGN (0x4)
                0x000000000001c0bc                PROVIDE (_data_lma = .)

.data           0x0000000020000040      0x3a0 load address 0x000000000001c0bc
 *(.gnu.linkonce.r.*)
 *(.data .data.*)
 .data.encoder_dir_pin
                0x0000000020000040        0xa ./zf_driver/zf_driver_encoder.o
 *fill*         0x000000002000004a        0x2 
 .data.gpio_group
                0x000000002000004c       0x14 ./zf_driver/zf_driver_gpio.o
                0x000000002000004c                gpio_group
 .data.APBAHBPrescTable
                0x0000000020000060       0x10 ./sdk/Peripheral/ch32v30x_rcc.o
 .data.TAB_USB_FS_OSC_DESC
                0x0000000020000070       0x43 ./sdk/Peripheral/ch32v30x_usbotg_device.o